#######################################################################################
# log primitive debug message of FSDB dumping                                         #
# This is for R&D to analyze when there are issues happening when FSDB dump           #
#######################################################################################
ANF: vcsd_get_serial_mode_status('simv: undefined symbol: vcsd_get_serial_mode_status')
ANF: vcsd_enable_sva_success_callback('simv: undefined symbol: vcsd_enable_sva_success_callback')
ANF: vcsd_disable_sva_success_callback('simv: undefined symbol: vcsd_disable_sva_success_callback')
ANF: vcsd_get_power_scope_name('simv: undefined symbol: vcsd_get_power_scope_name')
ANF: vcsd_begin_no_value_var_info('simv: undefined symbol: vcsd_begin_no_value_var_info')
ANF: vcsd_end_no_value_var_info('simv: undefined symbol: vcsd_end_no_value_var_info')
ANF: vcsd_remove_xprop_merge_mode_callback('simv: undefined symbol: vcsd_remove_xprop_merge_mode_callback')
ANF: vhpi_get_cb_info('simv: undefined symbol: vhpi_get_cb_info')
ANF: vhpi_free_handle('simv: undefined symbol: vhpi_free_handle')
ANF: vhpi_fetch_vcsd_handle('simv: undefined symbol: vhpi_fetch_vcsd_handle')
ANF: vhpi_fetch_vpi_handle('simv: undefined symbol: vhpi_fetch_vpi_handle')
ANF: vhpi_has_verilog_parent('simv: undefined symbol: vhpi_has_verilog_parent')
ANF: vhpi_is_verilog_scope('simv: undefined symbol: vhpi_is_verilog_scope')
ANF: scsd_xprop_is_enabled('simv: undefined symbol: scsd_xprop_is_enabled')
ANF: scsd_xprop_sig_is_promoted('simv: undefined symbol: scsd_xprop_sig_is_promoted')
ANF: scsd_xprop_int_xvalue('simv: undefined symbol: scsd_xprop_int_xvalue')
ANF: scsd_xprop_bool_xvalue('simv: undefined symbol: scsd_xprop_bool_xvalue')
ANF: scsd_xprop_enum_xvalue('simv: undefined symbol: scsd_xprop_enum_xvalue')
ANF: scsd_xprop_register_merge_mode_cb('simv: undefined symbol: scsd_xprop_register_merge_mode_cb')
ANF: scsd_xprop_delete_merge_mode_cb('simv: undefined symbol: scsd_xprop_delete_merge_mode_cb')
ANF: scsd_xprop_get_merge_mode('simv: undefined symbol: scsd_xprop_get_merge_mode')
ANF: scsd_thread_get_info('simv: undefined symbol: scsd_thread_get_info')
ANF: scsd_thread_vc_init('simv: undefined symbol: scsd_thread_vc_init')
ANF: scsd_master_set_delta_sync_cbk('simv: undefined symbol: scsd_master_set_delta_sync_cbk')
ANF: scsd_fgp_get_fsdb_cores('simv: undefined symbol: scsd_fgp_get_fsdb_cores')
ANF: scsd_fgp_get_is_cpu_affinity_disabled('simv: undefined symbol: scsd_fgp_get_is_cpu_affinity_disabled')
ANF: vhdi_dt_get_type('simv: undefined symbol: vhdi_dt_get_type')
ANF: vhdi_dt_get_key('simv: undefined symbol: vhdi_dt_get_key')
ANF: vhdi_dt_get_vhdl_enum_info('simv: undefined symbol: vhdi_dt_get_vhdl_enum_info')
ANF: vhdi_dt_get_vhdl_physical_info('simv: undefined symbol: vhdi_dt_get_vhdl_physical_info')
ANF: vhdi_dt_get_vhdl_array_info('simv: undefined symbol: vhdi_dt_get_vhdl_array_info')
ANF: vhdi_dt_get_vhdl_record_info('simv: undefined symbol: vhdi_dt_get_vhdl_record_info')
ANF: vhdi_def_traverse_module('simv: undefined symbol: vhdi_def_traverse_module')
ANF: vhdi_def_traverse_scope('simv: undefined symbol: vhdi_def_traverse_scope')
ANF: vhdi_def_traverse_variable('simv: undefined symbol: vhdi_def_traverse_variable')
ANF: vhdi_def_get_module_id_by_vhpi('simv: undefined symbol: vhdi_def_get_module_id_by_vhpi')
ANF: vhdi_def_get_handle_by_module_id('simv: undefined symbol: vhdi_def_get_handle_by_module_id')
ANF: vhdi_def_get_variable_info_by_vhpi('simv: undefined symbol: vhdi_def_get_variable_info_by_vhpi')
ANF: vhdi_def_free('simv: undefined symbol: vhdi_def_free')
ANF: vhdi_ist_traverse_scope('simv: undefined symbol: vhdi_ist_traverse_scope')
ANF: vhdi_ist_traverse_variable('simv: undefined symbol: vhdi_ist_traverse_variable')
ANF: vhdi_ist_convert_by_vhpi('simv: undefined symbol: vhdi_ist_convert_by_vhpi')
ANF: vhdi_ist_clone('simv: undefined symbol: vhdi_ist_clone')
ANF: vhdi_ist_free('simv: undefined symbol: vhdi_ist_free')
ANF: vhdi_ist_hash_key('simv: undefined symbol: vhdi_ist_hash_key')
ANF: vhdi_ist_compare('simv: undefined symbol: vhdi_ist_compare')
ANF: vhdi_ist_get_value_addr('simv: undefined symbol: vhdi_ist_get_value_addr')
ANF: vhdi_set_scsd_callback('simv: undefined symbol: vhdi_set_scsd_callback')
ANF: vhdi_cbk_set_force_callback('simv: undefined symbol: vhdi_cbk_set_force_callback')
ANF: vhdi_trigger_init_force('simv: undefined symbol: vhdi_trigger_init_force')
ANF: vhdi_ist_check_scsd_callback('simv: undefined symbol: vhdi_ist_check_scsd_callback')
ANF: vhdi_ist_add_scsd_callback('simv: undefined symbol: vhdi_ist_add_scsd_callback')
ANF: vhdi_ist_remove_scsd_callback('simv: undefined symbol: vhdi_ist_remove_scsd_callback')
ANF: vhdi_ist_get_scsd_user_data('simv: undefined symbol: vhdi_ist_get_scsd_user_data')
ANF: vhdi_add_time_change_callback('simv: undefined symbol: vhdi_add_time_change_callback')
ANF: vhdi_get_real_value_by_value_addr('simv: undefined symbol: vhdi_get_real_value_by_value_addr')
ANF: vhdi_get_64_value_by_value_addr('simv: undefined symbol: vhdi_get_64_value_by_value_addr')
ANF: vhdi_xprop_inst_is_promoted('simv: undefined symbol: vhdi_xprop_inst_is_promoted')
ANF: vdi_ist_convert_by_vhdi('simv: undefined symbol: vdi_ist_convert_by_vhdi')
ANF: vhdi_ist_get_module_id('simv: undefined symbol: vhdi_ist_get_module_id')
ANF: vhdi_refine_foreign_scope_type('simv: undefined symbol: vhdi_refine_foreign_scope_type')
ANF: vhdi_flush_callback('simv: undefined symbol: vhdi_flush_callback')
ANF: vhdi_set_orig_name('simv: undefined symbol: vhdi_set_orig_name')
ANF: vhdi_set_dump_pt('simv: undefined symbol: vhdi_set_dump_pt')
ANF: vhdi_get_fsdb_option('simv: undefined symbol: vhdi_get_fsdb_option')
ANF: vhdi_fgp_get_mode('simv: undefined symbol: vhdi_fgp_get_mode')
ANF: vhdi_node_register_composite_var('simv: undefined symbol: vhdi_node_register_composite_var')
ANF: vhdi_node_analysis('simv: undefined symbol: vhdi_node_analysis')
ANF: vhdi_node_id('simv: undefined symbol: vhdi_node_id')
ANF: vhdi_node_ist_check_scsd_callback('simv: undefined symbol: vhdi_node_ist_check_scsd_callback')
ANF: vhdi_node_ist_add_scsd_callback('simv: undefined symbol: vhdi_node_ist_add_scsd_callback')
ANF: vhdi_node_ist_get_value_addr('simv: undefined symbol: vhdi_node_ist_get_value_addr')
ANF: vhdi_enc_def_traverse_module('simv: undefined symbol: vhdi_enc_def_traverse_module')
ANF: vhdi_enc_def_traverse_scope('simv: undefined symbol: vhdi_enc_def_traverse_scope')
ANF: vhdi_enc_def_traverse_variable('simv: undefined symbol: vhdi_enc_def_traverse_variable')
ANF: vhdi_enc_ist_traverse_scope('simv: undefined symbol: vhdi_enc_ist_traverse_scope')
ANF: vhdi_enc_ist_traverse_variable('simv: undefined symbol: vhdi_enc_ist_traverse_variable')
ANF: vhdi_enc_ist_get_module_id('simv: undefined symbol: vhdi_enc_ist_get_module_id')
ANF: vhdi_enc_def_get_handle_by_module_id('simv: undefined symbol: vhdi_enc_def_get_handle_by_module_id')
VCS compile option:
 option[0]: simv
 option[1]: +v2k
 option[2]: +maxdelays
 option[3]: +define+SDF+p1+F5
 option[4]: +define+CYCLE=3.0
 option[5]: +neg_tchk
 option[6]: /usr/cad/synopsys/vcs/2022.06/linux64/bin/vcs1
 option[7]: -Mcc=gcc
 option[8]: -Mcplusplus=g++
 option[9]: -Masflags=
 option[10]: -Mcfl= -pipe -fPIC -O -I/usr/cad/synopsys/vcs/2022.06/include 
 option[11]: -Mxllcflags=
 option[12]: -Mxcflags= -pipe -fPIC -I/usr/cad/synopsys/vcs/2022.06/include
 option[13]: -Mldflags= -rdynamic 
 option[14]: -Mout=simv
 option[15]: -Mamsrun=
 option[16]: -Mvcsaceobjs=
 option[17]: -Mobjects= /usr/cad/synopsys/vcs/2022.06/linux64/lib/libvirsim.so /usr/cad/synopsys/vcs/2022.06/linux64/lib/liberrorinf.so /usr/cad/synopsys/vcs/2022.06/linux64/lib/libsnpsmalloc.so /usr/cad/synopsys/vcs/2022.06/linux64/lib/libvfs.so 
 option[18]: -Mexternalobj=
 option[19]: -Msaverestoreobj=/usr/cad/synopsys/vcs/2022.06/linux64/lib/vcs_save_restore_new.o
 option[20]: -Mcrt0=
 option[21]: -Mcrtn=
 option[22]: -Mcsrc=
 option[23]: -Msyslibs=/usr/cad/synopsys/verdi/cur/share/PLI/VCS/LINUX64/pli.a -ldl 
 option[24]: -Xvcs_run_simv=1
 option[25]: -full64
 option[26]: +v2k
 option[27]: -debug_access+all
 option[28]: +vpi
 option[29]: +vcsd1
 option[30]: +itf+/usr/cad/synopsys/vcs/2022.06/linux64/lib/vcsdp_lite.tab
 option[31]: +maxdelays
 option[32]: -negdelay
 option[33]: +define+SDF+p1+F5
 option[34]: +define+CYCLE=3.0
 option[35]: +neg_tchk
 option[36]: -picarchive
 option[37]: -P
 option[38]: /usr/cad/synopsys/verdi/cur/share/PLI/VCS/LINUX64/verdi.tab
 option[39]: -fsdb
 option[40]: -gen_obj
 option[41]: -f
 option[42]: rtl_03.f
 option[43]: -load
 option[44]: /usr/cad/synopsys/verdi/cur/share/PLI/VCS/LINUX64/libnovas.so:FSDBDumpCmd
Chronologic Simulation VCS Release T-2022.06_Full64
Linux 3.10.0-1160.el7.x86_64 #1 SMP Mon Oct 19 16:18:59 UTC 2020 x86_64
CPU cores: 32
Limit information:
======================================
cputime		unlimited
filesize		unlimited
datasize		unlimited
stacksize		8192 kbytes
coredumpsize		0 kbytes
memoryuse		unlimited
vmemoryuse		unlimited
descriptors		4096
memorylocked		64 kbytes
maxproc		4096
======================================
(Special)Runtime environment variables:

Runtime environment variables:
REMOTEHOST=xdn175o69.ee.ntu.edu.tw
MANPATH=/usr/cad/synopsys/synthesis/cur/doc/syn/man:/usr/cad/synopsys/vcs/2022.06//doc/man
SYNOPSYS_LC_ROOT=/usr/cad/synopsys/synthesis/cur
XDG_SESSION_ID=47794
TMIARCH=RH_64
HOSTNAME=cad27
XLOCALEDIR=/usr/cad/synopsys/astro/cur/etc/locale
SYNOPSYS_TMAX=/usr/cad/synopsys/tmax/cur
UNAME=/bin/uname
SELINUX_ROLE_REQUESTED=
XKEYSYMDB=/usr/cad/synopsys/astro/cur/etc/XKeysymDB
SCRNAME=vcs
VCS_DEPTH=0
SHELL=/bin/tcsh
TERM=xterm
HOST=cad27
SSH_CLIENT=140.112.175.69 49273 22
SELINUX_USE_CURRENT_RANGE=
CDS_LOAD_ENV=CSF
QTDIR=/usr/lib64/qt-3.3
MGC_LOCATION_MAP=NO_MAP
HSP_GCC_VERSION=9.2.0
QTINC=/usr/lib64/qt-3.3/include
SSH_TTY=/dev/pts/108
LC_ALL=C
SNPS_VCS_INTERNAL_ROOT_PID=3312
QT_GRAPHICSSYSTEM_CHECKED=1
SPAPI_AHDL_INCLUDE=/home/raid7_4/raid1_1/linux/synopsys/hspice/2022.06/hspice/include
USER=r2k41036
GROUP=user
HSP_HOME=/home/raid7_4/raid1_1/linux/synopsys/hspice/2022.06/hspice
LS_COLORS=rs=0:di=01;34:ln=01;36:mh=00:pi=40;33:so=01;35:do=01;35:bd=40;33;01:cd=40;33;01:or=40;31;01:mi=01;05;37;41:su=37;41:sg=30;43:ca=30;41:tw=30;42:ow=34;42:st=37;44:ex=01;32:*.tar=01;31:*.tgz=01;31:*.arc=01;31:*.arj=01;31:*.taz=01;31:*.lha=01;31:*.lz4=01;31:*.lzh=01;31:*.lzma=01;31:*.tlz=01;31:*.txz=01;31:*.tzo=01;31:*.t7z=01;31:*.zip=01;31:*.z=01;31:*.Z=01;31:*.dz=01;31:*.gz=01;31:*.lrz=01;31:*.lz=01;31:*.lzo=01;31:*.xz=01;31:*.bz2=01;31:*.bz=01;31:*.tbz=01;31:*.tbz2=01;31:*.tz=01;31:*.deb=01;31:*.rpm=01;31:*.jar=01;31:*.war=01;31:*.ear=01;31:*.sar=01;31:*.rar=01;31:*.alz=01;31:*.ace=01;31:*.zoo=01;31:*.cpio=01;31:*.7z=01;31:*.rz=01;31:*.cab=01;31:*.jpg=01;35:*.jpeg=01;35:*.gif=01;35:*.bmp=01;35:*.pbm=01;35:*.pgm=01;35:*.ppm=01;35:*.tga=01;35:*.xbm=01;35:*.xpm=01;35:*.tif=01;35:*.tiff=01;35:*.png=01;35:*.svg=01;35:*.svgz=01;35:*.mng=01;35:*.pcx=01;35:*.mov=01;35:*.mpg=01;35:*.mpeg=01;35:*.m2v=01;35:*.mkv=01;35:*.webm=01;35:*.ogm=01;35:*.mp4=01;35:*.m4v=01;35:*.mp4v=01;35:*.vob=01;35:*.qt=01;35:*.nuv=01;35:*.wmv=01;35:*.asf=01;35:*.rm=01;35:*.rmvb=01;35:*.flc=01;35:*.avi=01;35:*.fli=01;35:*.flv=01;35:*.gl=01;35:*.dl=01;35:*.xcf=01;35:*.xwd=01;35:*.yuv=01;35:*.cgm=01;35:*.emf=01;35:*.axv=01;35:*.anx=01;35:*.ogv=01;35:*.ogx=01;35:*.aac=01;36:*.au=01;36:*.flac=01;36:*.mid=01;36:*.midi=01;36:*.mka=01;36:*.mp3=01;36:*.mpc=01;36:*.ogg=01;36:*.ra=01;36:*.wav=01;36:*.axa=01;36:*.oga=01;36:*.spx=01;36:*.xspf=01;36:
LD_LIBRARY_PATH=/usr/cad/synopsys/vcs/2022.06//lib:/usr/cad/synopsys/vcs/2022.06/linux64/lib::/lib64:/usr/lib64:/usr/local/lib64::/usr/cad/cadence/ASSURA/cur/tools/assura/lib:/usr/cad/cadence/ASSURA/cur/tools/dsm/lib:/usr/cad/cadence/ASSURA/cur/tools/lib:::/usr/cad/innovus/cur//tools/tlfUtil/lib:/usr/cad/cadence/CONFRML/cur/tools/lib:/usr/cad/cadence/IC/cur/tools/lib:/usr/spring_soft/verdi/cur/share/PLI/nc_xl/LINUX/xl_shared:/usr/spring_soft/verdi/cur/share/PLI/nc_xl/LINUX/nc_shared:/home/raid7_4/raid1_1/linux/novas/verdi/cur/share/PLI/IUS/LINUX/::/usr/cad/synopsys/verdi/cur/share/PLI/VCS/LINUX64
SCRIPT_NAME=vcs
VCS_MX_HOME_INTERNAL=1
HOSTTYPE=x86_64-linux
installdir=/home/raid7_4/raid1_1/linux/synopsys/hspice/2022.06/hspice
SNPS_VCS_CLANG_PATH=/usr/cad/synopsys/vcs/2022.06//linux64/clang
ENCOUNTER=/usr/cad/innovus/cur/tools/fe
SNPSLMD_LICENSE_FILE=26585@lshc
VCS_USER_OPTIONS=-f rtl_03.f -full64 -R +v2k -debug_access+all +maxdelays -negdelay +define+SDF+p1+F5 +define+CYCLE=3.0 +neg_tchk
CMIARCH=RH_64
OVA_UUM=0
VCS_MODE_FLAG=64
PATH=.:/usr/cad/synopsys/primetime/2022.12/amd64/syn/bin:/usr/cad/synopsys/vcs/2022.06//amd64/bin:/usr/cad/synopsys/spyglass/2022.06//SPYGLASS_HOME/bin:/usr/cad/cadence/ASSURA/cur/tools/assura/bin:/usr/cad/cadence/ASSURA/cur/tools/dsm/bin:/usr/cad/cadence/ASSURA/cur/tools/bin:/usr/cad/cadence/ASSURA/cur/tools/dfII/bin:/home/raid7_4/raid1_1/linux/synopsys/hspice/2022.06/hspice/bin:/home/raid7_4/raid1_1/linux/synopsys/hspice/2022.06/hspice/GNU/linux64/gcc/bin:/home/raid7_4/raid1_1/linux/synopsys/hspice/2022.06/hspice/linux64:/usr/bin:/usr/ucb/bin:/usr/cad/innovus/cur/tools/celtic/bin:/usr/cad/innovus/cur/tools/plato/bin:/usr/cad/innovus/cur/tools/dfII/bin:/usr/cad/innovus/cur/tools/bin:/usr/cad/innovus/cur//tools/tlfUtil/bin:/usr/cad/cadence/CONFRML/cur/./bin:/usr/cad/cadence/CONFRML/cur/tools/bin:/usr/mentor/calibre/cur/bin:/usr/cad/cadence/IC/cur/tools/dfII/bin:/usr/cad/cadence/IC/cur/tools/dracula/bin:/usr/cad/cadence/IC/cur/tools/bin:/usr/cad/synopsys/tmax/cur/bin:/usr/cad/synopsys/astro/cur/bin/AMD.64:/usr/spring_soft/verdi/cur/bin:/usr/spring_soft/verdi/cur/nLint/bin:/usr/cad/synopsys/primetime/2022.12/amd64/syn/bin:/usr/bin/X11:/usr/cad/synopsys/coreConsultant/cur/bin:/usr/cad/synopsys/synthesis/cur/amd64/syn/bin:/usr/cad/synopsys/lc/cur/bin:/usr/mentor/calibre/cur/bin:/usr/cad/synopsys/customexplorer/cur/bin:/usr/cad/cadence/SPECTRE/cur/tools/dfII/bin:/usr/cad/cadence/SPECTRE/cur/tools/bin:/usr/cad/cadence/STRATUS/cur/tools/bin:/usr/cad/cadence/JASPER/cur/bin:/usr/cad/cadence/EDI/cur/tools/celtic/bin:/usr/cad/cadence/EDI/cur/tools/plato/bin:/usr/cad/cadence/EDI/cur/tools/dfII/bin:/usr/cad/cadence/EDI/cur/tools/fe/bin:/usr/cad/cadence/EDI/cur/tools/cdsdoc/bin:/usr/cad/cadence/EDI/cur/tools/bin:/usr/cad/cadence/EDI/cur//tools/tlfUtil/bin:/usr/cad/cadence/RC/cur/tools/bin:/usr/cad/cadence/MMSIM/cur/tools/dfII/bin:/usr/cad/cadence/MMSIM/cur/tools/bin:/usr/cad/cadence/NEOCIRCUIT/cur/tools/NeoCircuit/bin:bin.linux:/usr/cad/cadence/SPB/cur/tools/specctra/bin:/usr/cad/cadence/SPB/cur/tools/pcb/bin:/usr/cad/cadence/SPB/cur/tools/dfII/bin:/usr/cad/cadence/SPB/cur/tools/bin:/usr/cad/cadence/INCISIV/cur/tools/bin:/usr/cad/cadence/INCISIV/cur/tools/vtools/vfault/bin:/usr/cad/cadence/INCISIV/cur/tools/dfII/bin:/usr/cad/cadence/IC/cur/tools/dfII/bin:/usr/cad/cadence/IC/cur/tools/dracula/bin:/usr/cad/cadence/IC/cur/tools/bin:/usr/cad/cadence/EXT/cur/tools/bin:/usr/cad/cadence/ETS/cur/tools/bin:/usr/cad/cadence/CONFRML/cur/./bin:/usr/cad/cadence/CONFRML/cur/tools/bin:/usr/cad/cadence/CCD/cur/tools/bin:/usr/cad/cadence/ASSURA/cur/tools/assura/bin:/usr/cad/cadence/ASSURA/cur/tools/dsm/bin:/usr/cad/cadence/ASSURA/cur/tools/bin:/usr/cad/cadence/ASSURA/cur/tools/dfII/bin:/usr/lib64/qt-3.3/bin:/usr/local/bin:/usr/bin:/usr/local/sbin:/usr/sbin:/home/raid7_4/raid1_1/linux/novas/verdi/cur/bin
MAIL=/var/spool/mail/r2k41036
SNPS_VCS_INTERNAL_CURR_PID=3312
VERDI_HOME=/usr/cad/synopsys/verdi/cur
PWD=/home/raid7_2/user12/r2k41036/NTU_CVSD2024/HW4/03_GATE
OAHOME=/usr/cad/cadence/oa_v22.04.073
VCS_HOME=/usr/cad/synopsys/vcs/2022.06/
SNPS_VCS_INTERNAL_MEMPRELOAD_USE_LIBC=1
SNPS_INTERNAL_VCS_LINUX_OS=linux
VERPLEX_HOME=/usr/cad/cadence/CONFRML/cur
OA_HOME=/usr/cad/innovus/cur/oa
SYNTHESIS=/usr/cad/synopsys/synthesis/cur
VMR_MODE_FLAG=64
SELINUX_LEVEL_REQUESTED=
VCS_CC=gcc
LM_LICENSE_FILE=26585@lstc:5280@lshc:5280@lstc:5280@lstn:1717@lstc:
CDS_Netlisting_Mode=Analog
VCS_ARG_ADDED_FOR_TMP=1
SNPS_VCS_TMPDIR=/tmp/vcs_20241108153716_3312
HOME=/home/raid7_2/user12/r2k41036
SHLVL=3
HSP_GCC=/home/raid7_4/raid1_1/linux/synopsys/hspice/2022.06/hspice/GNU/linux64/gcc/bin/gcc -m64 
OSTYPE=linux
MGC_HOME=/usr/mentor/calibre/cur
SNPS_64=1
VCS_COM=/usr/cad/synopsys/vcs/2022.06/linux64/bin/vcs1
VENDOR=unknown
MGC_TMPDIR=/tmp
HSP_SIGMA_AMP=/home/raid7_4/raid1_1/linux/synopsys/hspice/2022.06/hspice/linux64/python/AVA/ava
SNPS_PLATFORM=linux64
LOGNAME=r2k41036
MACHTYPE=x86_64
QTLIB=/usr/lib64/qt-3.3/lib
SNPS_VCS_INTERNAL_ROOT_START_TIME=1731080236.328390942
SSH_CONNECTION=140.112.175.69 49273 140.112.20.70 22
NEOCKTHOME=/usr/cad/cadence/NEOCIRCUIT/cur/tools/NeoCircuit
CDS_LIC_FILE=/usr/cad/cadence/IC/cur/share/license/license.dat
mraarch=linux_64
LESSOPEN=||/usr/bin/lesspipe.sh %s
SHLIB_PATH=/usr/spring_soft/verdi/cur/share/PLI/nc_xl/LINUX/xl_shared:/usr/spring_soft/verdi/cur/share/PLI/nc_xl/LINUX/nc_shared
ARCH=linux64
sysc_uni_pwd=/home/raid7_2/user12/r2k41036/NTU_CVSD2024/HW4/03_GATE
CDPL_HOME=/home/raid7_4/raid1_1/linux/synopsys/hspice/2022.06/hspice/cdpl
DISPLAY=localhost:51.0
XDG_RUNTIME_DIR=/run/user/1340
VCS_ARCH=linux64
SYN_MAN_DIR=/usr/cad/synopsys/vcs/2022.06//doc/man
TOOL_HOME=/usr/cad/synopsys/vcs/2022.06/linux64
ASSURAHOME=/usr/cad/cadence/ASSURA/cur
_=./simv
OLDPWD=/home/raid7_2/user12/r2k41036/NTU_CVSD2024/HW4/03_GATE/simv.daidir/debug_dump/fsearch
VCS_PATHMAP_PRELOAD_DONE=1
VCS_EXEC_DONE=1
DVE=/usr/cad/synopsys/vcs/2022.06//gui/dve
SPECMAN_OUTPUT_TO_TTY=1
FLEXLM_BORROWFILE=/home/raid7_2/user12/r2k41036/.cad27-borrow.txt
Runtime command line arguments:
argv[0]=simv
argv[1]=+v2k
argv[2]=+maxdelays
argv[3]=+define+SDF+p1+F5
argv[4]=+define+CYCLE=3.0
argv[5]=+neg_tchk
255 profile - 100
          CPU/Mem usage: 0.120 sys,  0.470 user,  290.48M mem
256 Elapsed time:    0:00:01    Fri Nov  8 23:37:29 2024
257 User CPU time used: 0 seconds
258 System CPU time used: 0 seconds
259 pliAppInit
260 [SC]Init: MemoryConsumed=0.00MB ElapsedTime=0hour 0min. 0sec.
261 FSDB_GATE is set.
262 FSDB_RTL is set.
263 FSDB_ALIAS_ARRAY_ELEM is set to 4294967295.
264 Enable Parallel Dumping.
265 pliAppMiscSet: New Sim Round
266 pliEntryInit
267 LIBSSCORE=found /usr/cad/synopsys/verdi/cur/share/PLI/lib/LINUXAMD64/libsscore_vcs202206.so through $NOVAS_HOME setting.
268 FSDB Dumper for VCS, Release Verdi_T-2022.06, Linux x86_64/64bit, 05/29/2022
269 (C) 1996 - 2022 by Synopsys, Inc.
270 sps_call_fsdbDumpfile_main at 0 : ../00_TESTBED/testfixture.v(189)
271 argv[0]: (IOTDF_F5.fsdb)
272 *Verdi* FSDB WARNING: The FSDB file already exists. Overwriting the FSDB file may crash the programs that are using this file.
273 *Verdi* : Create FSDB file 'IOTDF_F5.fsdb'
274 [spi_vcs_vd_ppi_create_root]: no upf option
275 compile option from '/home/raid7_2/user12/r2k41036/NTU_CVSD2024/HW4/03_GATE/simv.daidir/vcs_rebuild'.
276   "vcs '-f' 'rtl_03.f' '-full64' '-R' '+v2k' '-debug_access+all' '+maxdelays' '-negdelay' '+define+SDF+p1+F5' '+define+CYCLE=3.0' '+neg_tchk' 2>&1"
277 DVDI_is_vir_unload_enabled is enable
278 FSDB_VCS_ENABLE_NATIVE_VC is enable
279 sps_call_fsdbDumpvars_vd_main at 0 : ../00_TESTBED/testfixture.v(193)
280 *Verdi* : Begin traversing the scopes, layer (0).
281 *Verdi* : End of traversing.
282 pliAppHDL_DumpVarComplete traverse var: profile - 
          CPU/Mem usage: 0.150 sys,  0.590 user,  392.45M mem
                   incr: 0.010 sys,  0.080 user,  9.83M mem
                   accu: 0.010 sys,  0.080 user,  9.83M mem
              accu incr: 0.010 sys,  0.080 user,  9.83M mem

          Count usage: 5597 var,  7004 idcode,  6884 callback
                 incr: 5597 var,  7004 idcode,  6884 callback
                 accu: 5597 var,  7004 idcode,  6884 callback
            accu incr: 5597 var,  7004 idcode,  6884 callback
283 Elapsed time:    0:00:01    Fri Nov  8 23:37:29 2024
284 User CPU time used: 0 seconds
285 System CPU time used: 0 seconds
286 pliAppHDL_DumpVarComplete: profile - 
          CPU/Mem usage: 0.150 sys,  0.590 user,  393.50M mem
                   incr: 0.000 sys,  0.000 user,  1.05M mem
                   accu: 0.010 sys,  0.080 user,  10.88M mem
              accu incr: 0.000 sys,  0.000 user,  1.05M mem

          Count usage: 5597 var,  7004 idcode,  6884 callback
                 incr: 0 var,  0 idcode,  0 callback
                 accu: 5597 var,  7004 idcode,  6884 callback
            accu incr: 0 var,  0 idcode,  0 callback
287 Elapsed time:    0:00:01    Fri Nov  8 23:37:29 2024
288 User CPU time used: 0 seconds
289 System CPU time used: 0 seconds
290 sps_call_fsdbDumpMDA_vd_main at 0 : ../00_TESTBED/testfixture.v(194)
291 *Verdi* : Begin traversing the MDAs, layer (0).
292 *Verdi* : Enable +mda and +packedmda dumping.
293 *Verdi* : End of traversing the MDAs.
294 pliAppHDL_DumpVarComplete traverse var: profile - 
          CPU/Mem usage: 0.150 sys,  0.600 user,  393.50M mem
                   incr: 0.000 sys,  0.010 user,  0.00M mem
                   accu: 0.000 sys,  0.010 user,  0.00M mem
              accu incr: 0.000 sys,  0.010 user,  0.00M mem

          Count usage: 5885 var,  7292 idcode,  6890 callback
                 incr: 288 var,  288 idcode,  6 callback
                 accu: 288 var,  288 idcode,  6 callback
            accu incr: 288 var,  288 idcode,  6 callback
295 Elapsed time:    0:00:01    Fri Nov  8 23:37:29 2024
296 User CPU time used: 0 seconds
297 System CPU time used: 0 seconds
298 pliAppHDL_DumpVarComplete: profile - 
          CPU/Mem usage: 0.150 sys,  0.600 user,  393.50M mem
                   incr: 0.000 sys,  0.000 user,  0.00M mem
                   accu: 0.000 sys,  0.010 user,  0.00M mem
              accu incr: 0.000 sys,  0.000 user,  0.00M mem

          Count usage: 5885 var,  7292 idcode,  6890 callback
                 incr: 0 var,  0 idcode,  0 callback
                 accu: 288 var,  288 idcode,  6 callback
            accu incr: 0 var,  0 idcode,  0 callback
299 Elapsed time:    0:00:01    Fri Nov  8 23:37:29 2024
300 User CPU time used: 0 seconds
301 System CPU time used: 0 seconds
302 End of simulation at 3141000
303 Memory usage: 478.478 M
304 Maximum resident set size: 106 MB
305 Hard page faults: 0
306 Soft page faults: 38607
307 Elapsed time:    0:00:02    Fri Nov  8 23:37:30 2024
308 User CPU time used: 1 seconds
309 System CPU time used: 0 seconds
310 Begin FSDB profile info:
311 FSDB Writer : bc1(1565763) bcn(52286) mtf/stf(0/0)
FSDB Writer elapsed time : flush(0.386745) io wait(0.000000) theadpool wait(0.000000)
FSDB Writer cpu time : MT Compression : 0
312 End FSDB profile info
313 FSDB closed. Name: IOTDF_F5.fsdb Size: 2360105
314 Parallel profile     - ProducerThread:1 ConsumerThread:1 Buffer:64MB
315                      - BlockUsed:15 Acquire:2330399 BufferUsed:26610972
316                      - Flush:4 Expand:0 ProducerWait:0 ConsumerWait:13
317                      - MainProducerTime:1.973198216 TotalConsumerTime:0.325100071
318                      - ElapsedTime:1.622211000
319 Producer   0 profile - BlockUsed:15 Acquire:2330399 BufferUsed:26610972
320 Consumer   0 profile - Affinity:-1 CPUTime:0.325100071 LifeTime:0.793899001 (0.41%)
321                      - BlockUsed:15 Acquire:2330399 BufferUsed:26610972
322 SimExit
323 Elapsed time:    0:00:03    Fri Nov  8 23:37:31 2024
324 User CPU time used: 2 seconds
325 System CPU time used: 0 seconds
326 Sim process exit
