*** Using c compiler gcc instead of cc ...
                         Chronologic VCS (TM)
         Version T-2022.06_Full64 -- Mon Nov 18 22:37:27 2024

                    Copyright (c) 1991 - 2022 Synopsys, Inc.
   This software and the associated documentation are proprietary to Synopsys,
 Inc. This software may only be used in accordance with the terms and conditions
 of a written license agreement with Synopsys, Inc. All other use, reproduction,
   or distribution of this software is strictly prohibited.  Licensed Products
     communicate with Synopsys servers for the purpose of providing software
    updates, detecting software piracy and verifying that customers are using
    Licensed Products in conformity with the applicable License Key for such
  Licensed Products. Synopsys will use information gathered in connection with
    this process to deliver software updates and pursue software pirates and
                                   infringers.

 Inclusivity & Diversity - Visit SolvNetPlus to read the "Synopsys Statement on
            Inclusivity and Diversity" (Refer to article 000036315 at
                        https://solvnetplus.synopsys.com)

Parsing design file '../00_TESTBED/testfixture.v'
Parsing design file '/home/raid7_2/course/cvsd/CBDK_IC_Contest_v2.5/Verilog/tsmc13_neg.v'
Parsing design file '../02_SYN/Netlist/IOTDF_syn.v'
Top Level Modules:
       test
       BUFX3
       BUFX4
       BUFX6
       BUFX8
       BUFX12
       BUFX16
       BUFX20
       INVX2
       INVX4
       INVX6
       INVX8
       INVX12
       INVX16
       INVX20
       TBUFXL
       TBUFX1
       TBUFX2
       TBUFX3
       TBUFX4
       TBUFX6
       TBUFX8
       TBUFX12
       TBUFX16
       TBUFX20
       HOLDX1
       AND2XL
       AND2X1
       AND2X2
       AND2X4
       AND2X6
       AND2X8
       AND3XL
       AND3X2
       AND3X4
       AND3X6
       AND3X8
       AND4XL
       AND4X1
       AND4X2
       AND4X4
       AND4X6
       AND4X8
       AOI21X1
       AOI21X2
       AOI21X4
       AOI211X2
       AOI211X4
       AOI22X1
       AOI22X2
       AOI22X4
       AOI221X1
       AOI221X2
       AOI221X4
       AOI222X1
       AOI222X2
       AOI222X4
       AOI31X1
       AOI31X2
       AOI31X4
       AOI32X1
       AOI32X2
       AOI32X4
       AOI33XL
       AOI33X1
       AOI33X2
       AOI33X4
       AOI2BB1XL
       AOI2BB1X2
       AOI2BB1X4
       AOI2BB2XL
       AOI2BB2X2
       AOI2BB2X4
       AO21XL
       AO21X1
       AO21X2
       AO21X4
       AO22XL
       AO22X2
       AO22X4
       MX2XL
       MX2X1
       MX2X2
       MX2X4
       MX2X6
       MX2X8
       MX4XL
       MX4X1
       MX4X2
       MX4X4
       MXI2XL
       MXI2X1
       MXI2X2
       MXI2X4
       MXI2X6
       MXI2X8
       MXI4XL
       MXI4X1
       MXI4X2
       MXI4X4
       MX3XL
       MX3X1
       MX3X2
       MX3X4
       MXI3XL
       MXI3X1
       MXI3X2
       MXI3X4
       NAND2X4
       NAND2X6
       NAND2X8
       NAND3X2
       NAND3X4
       NAND3X6
       NAND3X8
       NAND4X1
       NAND4X2
       NAND4X4
       NAND4X6
       NAND4X8
       NAND2BXL
       NAND2BX2
       NAND2BX4
       NAND3BXL
       NAND3BX2
       NAND3BX4
       NAND4BXL
       NAND4BX1
       NAND4BX2
       NAND4BX4
       NAND4BBXL
       NAND4BBX1
       NAND4BBX2
       NAND4BBX4
       NOR2X2
       NOR2X4
       NOR2X6
       NOR2X8
       NOR3X2
       NOR3X4
       NOR3X6
       NOR3X8
       NOR4X2
       NOR4X4
       NOR4X6
       NOR4X8
       NOR2BXL
       NOR2BX2
       NOR2BX4
       NOR3BXL
       NOR3BX2
       NOR3BX4
       NOR4BXL
       NOR4BX1
       NOR4BX2
       NOR4BX4
       NOR4BBXL
       NOR4BBX1
       NOR4BBX2
       NOR4BBX4
       OR2XL
       OR2X1
       OR2X4
       OR2X6
       OR2X8
       OR3XL
       OR3X1
       OR3X2
       OR3X4
       OR3X6
       OR3X8
       OR4XL
       OR4X1
       OR4X2
       OR4X4
       OR4X6
       OR4X8
       OAI21X1
       OAI21X2
       OAI21X4
       OAI211X2
       OAI211X4
       OAI22X1
       OAI22X2
       OAI22X4
       OAI221X1
       OAI221X2
       OAI221X4
       OAI222X1
       OAI222X2
       OAI222X4
       OAI31X1
       OAI31X2
       OAI31X4
       OAI32X1
       OAI32X2
       OAI32X4
       OAI33XL
       OAI33X1
       OAI33X2
       OAI33X4
       OAI2BB1X1
       OAI2BB1X2
       OAI2BB1X4
       OAI2BB2X1
       OAI2BB2X2
       OAI2BB2X4
       OA21X1
       OA21X2
       OA21X4
       OA22XL
       OA22X2
       OA22X4
       CLKXOR2X1
       CLKXOR2X2
       CLKXOR2X4
       CLKXOR2X8
       XOR2XL
       XOR2X2
       XOR2X4
       XOR3XL
       XOR3X1
       XOR3X2
       XOR3X4
       XNOR2XL
       XNOR2X1
       XNOR2X2
       XNOR2X4
       XNOR3XL
       XNOR3X1
       XNOR3X2
       XNOR3X4
       CLKBUFX2
       CLKBUFX3
       CLKBUFX4
       CLKBUFX6
       CLKBUFX8
       CLKBUFX12
       CLKBUFX16
       CLKBUFX20
       CLKINVX2
       CLKINVX3
       CLKINVX4
       CLKINVX6
       CLKINVX8
       CLKINVX12
       CLKINVX16
       CLKINVX20
       CLKAND2X2
       CLKAND2X3
       CLKAND2X4
       CLKAND2X6
       CLKAND2X8
       CLKAND2X12
       CLKMX2X2
       CLKMX2X3
       CLKMX2X4
       CLKMX2X6
       CLKMX2X8
       CLKMX2X12
       TLATNCAX2
       TLATNCAX3
       TLATNCAX4
       TLATNCAX6
       TLATNCAX8
       TLATNCAX12
       TLATNCAX16
       TLATNCAX20
       TLATNTSCAX3
       TLATNTSCAX4
       TLATNTSCAX6
       TLATNTSCAX8
       TLATNTSCAX12
       TLATNTSCAX16
       TLATNTSCAX20
       ADDHXL
       ADDHX1
       ADDHX2
       ADDHX4
       ADDFXL
       ADDFX1
       ADDFX2
       ADDFX4
       ADDFHXL
       ADDFHX1
       ADDFHX2
       ADDFHX4
       BENCX1
       BENCX2
       BENCX4
       BMXX2
       BMXX4
       BMXIX2
       BMXIX4
       CMPR22X2
       CMPR22X4
       CMPR32X2
       CMPR32X4
       AFHCINX2
       AFHCINX4
       AFHCONX2
       AFHCONX4
       ACHCINX2
       ACHCINX4
       ACHCONX2
       ACHCONX4
       AHHCINX2
       AHHCINX4
       AHHCONX2
       AHHCONX4
       AFCSHCINX2
       AFCSHCINX4
       AFCSHCONX2
       AFCSHCONX4
       AFCSIHCONX2
       AFCSIHCONX4
       ACCSHCINX2
       ACCSHCINX4
       ACCSHCONX2
       ACCSHCONX4
       ACCSIHCONX2
       ACCSIHCONX4
       AHCSHCINX2
       AHCSHCINX4
       AHCSHCONX2
       AHCSHCONX4
       CMPR42X1
       CMPR42X2
       CMPR42X4
       DFFXL
       DFFX1
       DFFX2
       DFFX4
       DFFQX2
       DFFQX4
       DFFQXL
       DFFRXL
       DFFRX2
       DFFRX4
       DFFSXL
       DFFSX1
       DFFSX2
       DFFSX4
       DFFSRXL
       DFFSRX1
       DFFSRX2
       DFFSRX4
       DFFNSRX2
       DFFNSRX4
       DFFTRXL
       DFFTRX1
       DFFTRX2
       DFFTRX4
       EDFFXL
       EDFFX1
       EDFFX2
       EDFFX4
       EDFFTRXL
       EDFFTRX1
       EDFFTRX2
       EDFFTRX4
       SDFFXL
       SDFFX1
       SDFFX2
       SDFFX4
       SDFFQX1
       SDFFQX2
       SDFFQX4
       SDFFQXL
       SDFFRXL
       SDFFRX1
       SDFFRX2
       SDFFRX4
       SDFFSXL
       SDFFSX1
       SDFFSX2
       SDFFSX4
       SDFFSRXL
       SDFFSRX1
       SDFFSRX2
       SDFFSRX4
       SDFFNSRXL
       SDFFNSRX1
       SDFFNSRX2
       SDFFNSRX4
       SDFFTRXL
       SDFFTRX1
       SDFFTRX2
       SDFFTRX4
       SEDFFXL
       SEDFFX1
       SEDFFX2
       SEDFFX4
       SEDFFTRXL
       SEDFFTRX1
       SEDFFTRX2
       SEDFFTRX4
       DFFHQX1
       DFFHQX2
       DFFHQX4
       DFFHQX8
       DFFRHQX1
       DFFRHQX2
       DFFRHQX4
       DFFRHQX8
       DFFSHQX1
       DFFSHQX2
       DFFSHQX4
       DFFSHQX8
       DFFSRHQX1
       DFFSRHQX2
       DFFSRHQX4
       DFFSRHQX8
       EDFFHQX1
       EDFFHQX2
       EDFFHQX4
       EDFFHQX8
       MDFFHQX1
       MDFFHQX2
       MDFFHQX4
       MDFFHQX8
       SDFFHQX1
       SDFFHQX2
       SDFFHQX4
       SDFFHQX8
       SDFFRHQX1
       SDFFRHQX2
       SDFFRHQX4
       SDFFRHQX8
       SDFFSHQX1
       SDFFSHQX2
       SDFFSHQX4
       SDFFSHQX8
       SDFFSRHQX1
       SDFFSRHQX2
       SDFFSRHQX4
       SDFFSRHQX8
       SEDFFHQX1
       SEDFFHQX2
       SEDFFHQX4
       SEDFFHQX8
       SMDFFHQX1
       SMDFFHQX2
       SMDFFHQX4
       SMDFFHQX8
       TLATXL
       TLATX1
       TLATX2
       TLATX4
       TLATSRXL
       TLATSRX1
       TLATSRX2
       TLATSRX4
       TLATNXL
       TLATNX1
       TLATNX2
       TLATNX4
       TLATNSRXL
       TLATNSRX1
       TLATNSRX2
       TLATNSRX4
       RF1R1WX1
       RF2R1WX1
       RFRDX1
       RFRDX2
       RFRDX4
       DLY1X1
       DLY2X1
       DLY3X1
       DLY4X1
       DLY1X4
       DLY2X4
       DLY3X4
       DLY4X4
       TIEHI
       TIELO
TimeScale is 1 ns / 1 ps

Warning-[TFIPC] Too few instance port connections
../02_SYN/Netlist/IOTDF_syn.v, 620
IOTDF, "DFFRX1 input_cnt_reg_0_( .D (N707),  .CK (net2386),  .RN (n1132),  .Q (input_cnt[0]));"
  The above instance has fewer port connections than the module definition.
  Please use '+lint=TFIPC-L' to print out detailed information of unconnected 
  ports.


Warning-[TFIPC] Too few instance port connections
../02_SYN/Netlist/IOTDF_syn.v, 624
IOTDF, "DFFRX1 input_cnt_reg_2_( .D (N709),  .CK (net2386),  .RN (n1132),  .Q (input_cnt[2]));"
  The above instance has fewer port connections than the module definition.
  Please use '+lint=TFIPC-L' to print out detailed information of unconnected 
  ports.


Warning-[TFIPC] Too few instance port connections
../02_SYN/Netlist/IOTDF_syn.v, 626
IOTDF, "DFFRX1 first_r_reg( .D (n1134),  .CK (clk),  .RN (n1132),  .QN (n2278));"
  The above instance has fewer port connections than the module definition.
  Please use '+lint=TFIPC-L' to print out detailed information of unconnected 
  ports.


Warning-[TFIPC] Too few instance port connections
../02_SYN/Netlist/IOTDF_syn.v, 757
IOTDF, "DFFNSRXL iot_in_r_reg_7_( .D (iot_in[7]),  .CKN (clk),  .SN (1'b1),  .RN (1'b1),  .Q (iot_in_r[7]));"
  The above instance has fewer port connections than the module definition.
  Please use '+lint=TFIPC-L' to print out detailed information of unconnected 
  ports.


Warning-[TFIPC] Too few instance port connections
../02_SYN/Netlist/IOTDF_syn.v, 759
IOTDF, "DFFNSRXL iot_in_r_reg_6_( .D (iot_in[6]),  .CKN (clk),  .SN (1'b1),  .RN (1'b1),  .Q (iot_in_r[6]));"
  The above instance has fewer port connections than the module definition.
  Please use '+lint=TFIPC-L' to print out detailed information of unconnected 
  ports.


Warning-[TFIPC] Too few instance port connections
../02_SYN/Netlist/IOTDF_syn.v, 761
IOTDF, "DFFNSRXL iot_in_r_reg_2_( .D (iot_in[2]),  .CKN (clk),  .SN (1'b1),  .RN (1'b1),  .Q (iot_in_r[2]));"
  The above instance has fewer port connections than the module definition.
  Please use '+lint=TFIPC-L' to print out detailed information of unconnected 
  ports.


Warning-[TFIPC] Too few instance port connections
../02_SYN/Netlist/IOTDF_syn.v, 763
IOTDF, "DFFNSRXL iot_in_r_reg_1_( .D (iot_in[1]),  .CKN (clk),  .SN (1'b1),  .RN (1'b1),  .Q (iot_in_r[1]));"
  The above instance has fewer port connections than the module definition.
  Please use '+lint=TFIPC-L' to print out detailed information of unconnected 
  ports.


Warning-[TFIPC] Too few instance port connections
../02_SYN/Netlist/IOTDF_syn.v, 765
IOTDF, "DFFNSRXL iot_in_r_reg_0_( .D (iot_in[0]),  .CKN (clk),  .SN (1'b1),  .RN (1'b1),  .Q (iot_in_r[0]));"
  The above instance has fewer port connections than the module definition.
  Please use '+lint=TFIPC-L' to print out detailed information of unconnected 
  ports.


Warning-[TFIPC] Too few instance port connections
../02_SYN/Netlist/IOTDF_syn.v, 767
IOTDF, "DFFNSRXL iot_in_r_reg_5_( .D (iot_in[5]),  .CKN (clk),  .SN (1'b1),  .RN (1'b1),  .Q (iot_in_r[5]));"
  The above instance has fewer port connections than the module definition.
  Please use '+lint=TFIPC-L' to print out detailed information of unconnected 
  ports.


Warning-[TFIPC] Too few instance port connections
../02_SYN/Netlist/IOTDF_syn.v, 769
IOTDF, "DFFNSRXL iot_in_r_reg_4_( .D (iot_in[4]),  .CKN (clk),  .SN (1'b1),  .RN (1'b1),  .Q (iot_in_r[4]));"
  The above instance has fewer port connections than the module definition.
  Please use '+lint=TFIPC-L' to print out detailed information of unconnected 
  ports.


Warning-[TFIPC] Too few instance port connections
../02_SYN/Netlist/IOTDF_syn.v, 771
IOTDF, "DFFNSRX1 iot_in_r_reg_3_( .D (iot_in[3]),  .CKN (clk),  .SN (1'b1),  .RN (1'b1),  .Q (iot_in_r[3]));"
  The above instance has fewer port connections than the module definition.
  Please use '+lint=TFIPC-L' to print out detailed information of unconnected 
  ports.


   ***   $sdf_annotate() version 1.2R
   ***    SDF file: "../02_SYN/Netlist/IOTDF_syn.sdf"
   ***    Annotation scope: test.u_IOTDF
   ***    No MTM selection argument specified
   ***    No SCALE FACTORS argument specified
   ***    No SCALE TYPE argument specified
   ***    MTM selection defaulted to "TOOL_CONTROL":
               (+maxdelays compiled, MAXIMUM delays selected)
   ***    SCALE FACTORS defaulted to "1.0:1.0:1.0":
   ***    SCALE TYPE defaulted to: "FROM_MTM"
   ***    Turnoff delay: "FROM_FILE"
   ***    Approximation (mipd) policy: "MAXIMUM"

   ***    SDF annotation begin: Mon Nov 18 22:37:28 2024


SDF Info: +pulse_r/100, +pulse_e/100 in effect

          Total errors: 0
          Total warnings: 0
   ***    SDF annotation completed: Mon Nov 18 22:37:29 2024


Starting vcs inline pass...
536 modules and 12 UDPs read.
recompiling module test
recompiling module INVXL
recompiling module INVX1
recompiling module NAND2BX1
recompiling module NOR2XL
recompiling module NOR2X1
recompiling module NOR3XL
recompiling module NOR3X1
recompiling module OR2X1
recompiling module OR2X2
recompiling module CLKINVX1
recompiling module IOTDF
recompiling module SNPS_CLOCK_GATE_HIGH_IOTDF_5
recompiling module SNPS_CLOCK_GATE_HIGH_IOTDF_4
recompiling module SNPS_CLOCK_GATE_HIGH_IOTDF_3
recompiling module SNPS_CLOCK_GATE_HIGH_IOTDF_2
recompiling module SNPS_CLOCK_GATE_HIGH_IOTDF_1
recompiling module SNPS_CLOCK_GATE_HIGH_IOTDF_0
recompiling module sbox
19 of 536 modules done
	However, due to incremental compilation, only 19 modules need to be compiled. 
rm -f _cuarc*.so _csrc*.so pre_vcsobj_*.so share_vcsobj_*.so
if [ -x ../simv ]; then chmod a-x ../simv; fi
g++  -o ../simv      -rdynamic  -Wl,-rpath='$ORIGIN'/simv.daidir -Wl,-rpath=./simv.daidir -Wl,-rpath=/usr/cad/synopsys/vcs/2022.06/linux64/lib -L/usr/cad/synopsys/vcs/2022.06/linux64/lib  -Wl,-rpath-link=./  /usr/lib64/libnuma.so.1   objs/amcQw_d.o   _217234_archive_1.so _prev_archive_1.so objs/udps/D2wHf.o objs/udps/uYEPC.o objs/udps/vCfas.o objs/udps/IEZrF.o objs/udps/U7Vwg.o objs/udps/i2VqJ.o objs/udps/CjLsY.o objs/udps/sk4QJ.o objs/udps/exIG1.o objs/udps/gSqMj.o objs/udps/Cpxa2.o objs/udps/AubIW.o  SIM_l.o      rmapats_mop.o rmapats.o rmar.o rmar_nd.o  rmar_llvm_0_1.o rmar_llvm_0_0.o           -lvirsim -lerrorinf -lsnpsmalloc -lvfs    -lvcsnew -lsimprofile -luclinative /usr/cad/synopsys/vcs/2022.06/linux64/lib/vcs_tls.o   -Wl,-whole-archive  -lvcsucli    -Wl,-no-whole-archive        _vcs_pli_stub_.o   /usr/cad/synopsys/vcs/2022.06/linux64/lib/vcs_save_restore_new.o /usr/cad/synopsys/verdi/cur/share/PLI/VCS/LINUX64/pli.a -ldl  -lc -lm -lpthread -ldl 
../simv up to date
Chronologic VCS simulator copyright 1991-2022
Contains Synopsys proprietary information.
Compiler version T-2022.06_Full64; Runtime version T-2022.06_Full64;  Nov 18 22:37 2024
Doing SDF annotation ...... Done
*Verdi* Loading libsscore_vcs202206.so
FSDB Dumper for VCS, Release Verdi_T-2022.06, Linux x86_64/64bit, 05/29/2022
(C) 1996 - 2022 by Synopsys, Inc.
*Verdi* FSDB WARNING: The FSDB file already exists. Overwriting the FSDB file may crash the programs that are using this file.
*Verdi* : Create FSDB file 'IOTDF_F1.fsdb'
*Verdi* : Begin traversing the scopes, layer (0).
*Verdi* : End of traversing.
*Verdi* : Begin traversing the MDAs, layer (0).
*Verdi* : Enable +mda and +packedmda dumping.
*Verdi* : End of traversing the MDAs.
-----------------------------------------------------

Start to Send IOT Data & Compare ...


P00:  ** Correct!! ** , iot_out=2e897e917861162209d0109da797d293
P01:  ** Correct!! ** , iot_out=a59318bf8f2351a563e13bfb24d57d34
P02:  ** Correct!! ** , iot_out=142e6137b63db6228b81b8ff93360101
P03:  ** Correct!! ** , iot_out=c5f214a78fa276f2cf31883f0a85e6f3
P04:  ** Correct!! ** , iot_out=7abf238a950148fe4d4fc86e3df36468
P05:  ** Correct!! ** , iot_out=5f3e4925951df5f11eed99426a390419
P06:  ** Correct!! ** , iot_out=38d50b51a21a37103505d5138773e551
P07:  ** Correct!! ** , iot_out=e49198391ae44eba611ec77abb2c1df2
P08:  ** Correct!! ** , iot_out=0320af8eb50791887e01858812be457c
P09:  ** Correct!! ** , iot_out=914bef7bb7efa1310cb4a0e16fe097c6
P10:  ** Correct!! ** , iot_out=0c85f1936083aebcbbad1177df7a029b
P11:  ** Correct!! ** , iot_out=89db87c22328e8bcab3112468febcafe
P12:  ** Correct!! ** , iot_out=e6b3be32fcfe311a0523f411bd52fdd4
P13:  ** Correct!! ** , iot_out=6e4bcf2dd6e64cc2b1d6a6a037d00b6b
P14:  ** Correct!! ** , iot_out=88d3b66f029852065257254a4e519dcd
P15:  ** Correct!! ** , iot_out=5506211da0dae8428f3d075ea3f7a119
P16:  ** Correct!! ** , iot_out=a78b6fdb2575911cf4bd8de3b1cb0df0
P17:  ** Correct!! ** , iot_out=ee0bcb877a4ebac5664f37428c95023e
P18:  ** Correct!! ** , iot_out=2540b6ef761ce9a7fdedb5ff21e3ecee
P19:  ** Correct!! ** , iot_out=09603231d295930604b0d285384a098c
P20:  ** Correct!! ** , iot_out=ad863f233c8f0ea09d1841aba3c3f3d0
P21:  ** Correct!! ** , iot_out=74c6e953b79834e146b22febb0a61325
P22:  ** Correct!! ** , iot_out=9a1bba9ab280e7ab48d24b2d2d6cb258
P23:  ** Correct!! ** , iot_out=9c578478beace278732d32a70f25a38e
P24:  ** Correct!! ** , iot_out=38d6da57486b8a6fd275559c2c3d0b13
P25:  ** Correct!! ** , iot_out=a65e56d6b7bb7e2151918cafc11de727
P26:  ** Correct!! ** , iot_out=134569620aa75a0a49d816d91b060204
P27:  ** Correct!! ** , iot_out=7dbdf0a4219fb7435d5a21cd64785d5f
P28:  ** Correct!! ** , iot_out=5a829301cea8cc02d347c13bcee073b4
P29:  ** Correct!! ** , iot_out=555fbfe2f2950dfdb0812eed6ec6fc18
P30:  ** Correct!! ** , iot_out=87a77bb1d0c5ec77ed94ca7c6fac9c60
P31:  ** Correct!! ** , iot_out=49400065461c6508363e75f1c70b2d9b
P32:  ** Correct!! ** , iot_out=1fd10ae1da696d3f33c7a20cdd54048c
P33:  ** Correct!! ** , iot_out=c08ab85d0d125de43543e41368848d2d
P34:  ** Correct!! ** , iot_out=2cf2f2baaf67e08a496dd8aa272e5244
P35:  ** Correct!! ** , iot_out=35ad7787018c28f374df60c41a0681d5
P36:  ** Correct!! ** , iot_out=00a75ddd02744c9ad5c8f33b6db893ed
P37:  ** Correct!! ** , iot_out=6f88a6efbdef933641f27046eec3d9ba
P38:  ** Correct!! ** , iot_out=006164dd0fdf21e3159a3bc5abd24ccf
P39:  ** Correct!! ** , iot_out=537194d97ad60145dddc1dc8c3361d9e
P40:  ** Correct!! ** , iot_out=28751f666a31e9c08713850b2e383681
P41:  ** Correct!! ** , iot_out=b7f317bd7bea546901a9712b775a04da
P42:  ** Correct!! ** , iot_out=698ea66c3d34a3d8e7b7526f8bdbf30b
P43:  ** Correct!! ** , iot_out=b18e851eab2d274c3b2aca0a0824bca7
P44:  ** Correct!! ** , iot_out=36b1964a8276dc1b23fa9bea43e73a6c
P45:  ** Correct!! ** , iot_out=b26738094fafd089252b5c13e56691fe
P46:  ** Correct!! ** , iot_out=552b86d47e47f2355d1ab2c767c33cc0
P47:  ** Correct!! ** , iot_out=e34c293e2a2ef9f9afe20e80c5cac61e
P48:  ** Correct!! ** , iot_out=5225ea0a309b5b0e2e75aeecbd46d880
P49:  ** Correct!! ** , iot_out=0c515fe5687f25e5b0b731d18021567d
P50:  ** Correct!! ** , iot_out=ab84d26e7580488dcb84540e47c69b7b
P51:  ** Correct!! ** , iot_out=6e71ad55156fce56f18f4f9a66672173
P52:  ** Correct!! ** , iot_out=0d6426ed125b9568615208d14a313cdd
P53:  ** Correct!! ** , iot_out=b08f6da5bb0a1de74c1b3330a847c12a
P54:  ** Correct!! ** , iot_out=3b3b04b87d825c07925ece68a94f0e93
P55:  ** Correct!! ** , iot_out=628ea8c43d3cd9fbb5f9f70c62dc24a7
P56:  ** Correct!! ** , iot_out=2d39a66edbaa018cf4336557ad379bf1
P57:  ** Correct!! ** , iot_out=a1f6675ead261240c1f8a08e310e094b
P58:  ** Correct!! ** , iot_out=a8ad7c18223d8dbc0956050c98a955dc
P59:  ** Correct!! ** , iot_out=a9cfd46237afa399b13ff4c4b12613af
P60:  ** Correct!! ** , iot_out=29ec780d45228e9fa87cbf614b3486c0
P61:  ** Correct!! ** , iot_out=1a41b801efe440ff2ccf33d6c30137d0
P62:  ** Correct!! ** , iot_out=1554f97bb6bb3c620a190c3b0fcf965b
P63:  ** Correct!! ** , iot_out=19a5b8d57249de3bc6c17b1f6db77f41

-----------------------------------------------------

Congratulations! All data have been generated successfully!

Total cost time:   14630.00 ns
-------------------------PASS------------------------

$finish called from file "../00_TESTBED/testfixture.v", line 303.
$finish at simulation time             14630000
           V C S   S i m u l a t i o n   R e p o r t 
Time: 14630000 ps
CPU Time:      1.480 seconds;       Data structure size:   0.8Mb
Mon Nov 18 22:37:39 2024
CPU time: 3.314 seconds to compile + .500 seconds to elab + 1.136 seconds to link + 1.525 seconds in simulation
