*** Using c compiler gcc instead of cc ...
                         Chronologic VCS (TM)
         Version T-2022.06_Full64 -- Tue Nov 19 11:42:19 2024

                    Copyright (c) 1991 - 2022 Synopsys, Inc.
   This software and the associated documentation are proprietary to Synopsys,
 Inc. This software may only be used in accordance with the terms and conditions
 of a written license agreement with Synopsys, Inc. All other use, reproduction,
   or distribution of this software is strictly prohibited.  Licensed Products
     communicate with Synopsys servers for the purpose of providing software
    updates, detecting software piracy and verifying that customers are using
    Licensed Products in conformity with the applicable License Key for such
  Licensed Products. Synopsys will use information gathered in connection with
    this process to deliver software updates and pursue software pirates and
                                   infringers.

 Inclusivity & Diversity - Visit SolvNetPlus to read the "Synopsys Statement on
            Inclusivity and Diversity" (Refer to article 000036315 at
                        https://solvnetplus.synopsys.com)

Parsing design file '../00_TESTBED/testfixture.v'
Parsing design file '/home/raid7_2/course/cvsd/CBDK_IC_Contest_v2.5/Verilog/tsmc13_neg.v'
Parsing design file '../02_SYN/Netlist/IOTDF_syn.v'
Top Level Modules:
       test
       BUFX3
       BUFX4
       BUFX6
       BUFX8
       BUFX12
       BUFX16
       BUFX20
       INVX2
       INVX4
       INVX6
       INVX8
       INVX12
       INVX16
       INVX20
       TBUFXL
       TBUFX1
       TBUFX2
       TBUFX3
       TBUFX4
       TBUFX6
       TBUFX8
       TBUFX12
       TBUFX16
       TBUFX20
       HOLDX1
       AND2XL
       AND2X2
       AND2X4
       AND2X6
       AND2X8
       AND3XL
       AND3X2
       AND3X4
       AND3X6
       AND3X8
       AND4XL
       AND4X1
       AND4X2
       AND4X4
       AND4X6
       AND4X8
       AOI21X1
       AOI21X2
       AOI21X4
       AOI211X1
       AOI211X2
       AOI211X4
       AOI22X1
       AOI22X2
       AOI22X4
       AOI221X1
       AOI221X2
       AOI221X4
       AOI222X1
       AOI222X2
       AOI222X4
       AOI31X1
       AOI31X2
       AOI31X4
       AOI32X1
       AOI32X2
       AOI32X4
       AOI33XL
       AOI33X1
       AOI33X2
       AOI33X4
       AOI2BB1XL
       AOI2BB1X2
       AOI2BB1X4
       AOI2BB2XL
       AOI2BB2X2
       AOI2BB2X4
       AO21XL
       AO21X1
       AO21X2
       AO21X4
       AO22XL
       AO22X2
       AO22X4
       MX2XL
       MX2X1
       MX2X2
       MX2X4
       MX2X6
       MX2X8
       MX4XL
       MX4X1
       MX4X2
       MX4X4
       MXI2XL
       MXI2X1
       MXI2X2
       MXI2X4
       MXI2X6
       MXI2X8
       MXI4XL
       MXI4X1
       MXI4X2
       MXI4X4
       MX3XL
       MX3X1
       MX3X2
       MX3X4
       MXI3XL
       MXI3X1
       MXI3X2
       MXI3X4
       NAND2X4
       NAND2X6
       NAND2X8
       NAND3X1
       NAND3X2
       NAND3X4
       NAND3X6
       NAND3X8
       NAND4X1
       NAND4X2
       NAND4X4
       NAND4X6
       NAND4X8
       NAND2BXL
       NAND2BX2
       NAND2BX4
       NAND3BXL
       NAND3BX2
       NAND3BX4
       NAND4BXL
       NAND4BX1
       NAND4BX2
       NAND4BX4
       NAND4BBXL
       NAND4BBX1
       NAND4BBX2
       NAND4BBX4
       NOR2X4
       NOR2X6
       NOR2X8
       NOR3X2
       NOR3X4
       NOR3X6
       NOR3X8
       NOR4X1
       NOR4X2
       NOR4X4
       NOR4X6
       NOR4X8
       NOR2BXL
       NOR2BX2
       NOR2BX4
       NOR3BXL
       NOR3BX2
       NOR3BX4
       NOR4BXL
       NOR4BX1
       NOR4BX2
       NOR4BX4
       NOR4BBXL
       NOR4BBX1
       NOR4BBX2
       NOR4BBX4
       OR2XL
       OR2X1
       OR2X4
       OR2X6
       OR2X8
       OR3XL
       OR3X1
       OR3X2
       OR3X4
       OR3X6
       OR3X8
       OR4XL
       OR4X1
       OR4X2
       OR4X4
       OR4X6
       OR4X8
       OAI21X1
       OAI21X2
       OAI21X4
       OAI211X1
       OAI211X2
       OAI211X4
       OAI22X1
       OAI22X2
       OAI22X4
       OAI221X1
       OAI221X2
       OAI221X4
       OAI222X1
       OAI222X2
       OAI222X4
       OAI31X1
       OAI31X2
       OAI31X4
       OAI32X1
       OAI32X2
       OAI32X4
       OAI33XL
       OAI33X1
       OAI33X2
       OAI33X4
       OAI2BB1X1
       OAI2BB1X2
       OAI2BB1X4
       OAI2BB2X1
       OAI2BB2X2
       OAI2BB2X4
       OA21X1
       OA21X2
       OA21X4
       OA22XL
       OA22X2
       OA22X4
       CLKXOR2X1
       CLKXOR2X2
       CLKXOR2X4
       CLKXOR2X8
       XOR2XL
       XOR2X2
       XOR2X4
       XOR3XL
       XOR3X1
       XOR3X2
       XOR3X4
       XNOR2XL
       XNOR2X1
       XNOR2X2
       XNOR2X4
       XNOR3XL
       XNOR3X1
       XNOR3X2
       XNOR3X4
       CLKBUFX2
       CLKBUFX3
       CLKBUFX4
       CLKBUFX6
       CLKBUFX8
       CLKBUFX12
       CLKBUFX16
       CLKBUFX20
       CLKINVX2
       CLKINVX3
       CLKINVX4
       CLKINVX6
       CLKINVX8
       CLKINVX12
       CLKINVX16
       CLKINVX20
       CLKAND2X2
       CLKAND2X3
       CLKAND2X4
       CLKAND2X6
       CLKAND2X8
       CLKAND2X12
       CLKMX2X2
       CLKMX2X3
       CLKMX2X4
       CLKMX2X6
       CLKMX2X8
       CLKMX2X12
       TLATNCAX2
       TLATNCAX3
       TLATNCAX4
       TLATNCAX6
       TLATNCAX8
       TLATNCAX12
       TLATNCAX16
       TLATNCAX20
       TLATNTSCAX3
       TLATNTSCAX4
       TLATNTSCAX6
       TLATNTSCAX8
       TLATNTSCAX12
       TLATNTSCAX16
       TLATNTSCAX20
       ADDHXL
       ADDHX1
       ADDHX2
       ADDHX4
       ADDFXL
       ADDFX1
       ADDFX2
       ADDFX4
       ADDFHXL
       ADDFHX1
       ADDFHX2
       ADDFHX4
       BENCX1
       BENCX2
       BENCX4
       BMXX2
       BMXX4
       BMXIX2
       BMXIX4
       CMPR22X2
       CMPR22X4
       CMPR32X2
       CMPR32X4
       AFHCINX2
       AFHCINX4
       AFHCONX2
       AFHCONX4
       ACHCINX2
       ACHCINX4
       ACHCONX2
       ACHCONX4
       AHHCINX2
       AHHCINX4
       AHHCONX2
       AHHCONX4
       AFCSHCINX2
       AFCSHCINX4
       AFCSHCONX2
       AFCSHCONX4
       AFCSIHCONX2
       AFCSIHCONX4
       ACCSHCINX2
       ACCSHCINX4
       ACCSHCONX2
       ACCSHCONX4
       ACCSIHCONX2
       ACCSIHCONX4
       AHCSHCINX2
       AHCSHCINX4
       AHCSHCONX2
       AHCSHCONX4
       CMPR42X1
       CMPR42X2
       CMPR42X4
       DFFXL
       DFFX2
       DFFX4
       DFFQX2
       DFFQX4
       DFFQXL
       DFFRXL
       DFFRX2
       DFFRX4
       DFFSXL
       DFFSX1
       DFFSX2
       DFFSX4
       DFFSRXL
       DFFSRX2
       DFFSRX4
       DFFNSRX2
       DFFNSRX4
       DFFTRXL
       DFFTRX1
       DFFTRX2
       DFFTRX4
       EDFFXL
       EDFFX1
       EDFFX2
       EDFFX4
       EDFFTRXL
       EDFFTRX1
       EDFFTRX2
       EDFFTRX4
       SDFFXL
       SDFFX1
       SDFFX2
       SDFFX4
       SDFFQX1
       SDFFQX2
       SDFFQX4
       SDFFQXL
       SDFFRXL
       SDFFRX1
       SDFFRX2
       SDFFRX4
       SDFFSXL
       SDFFSX1
       SDFFSX2
       SDFFSX4
       SDFFSRXL
       SDFFSRX1
       SDFFSRX2
       SDFFSRX4
       SDFFNSRXL
       SDFFNSRX1
       SDFFNSRX2
       SDFFNSRX4
       SDFFTRXL
       SDFFTRX1
       SDFFTRX2
       SDFFTRX4
       SEDFFXL
       SEDFFX1
       SEDFFX2
       SEDFFX4
       SEDFFTRXL
       SEDFFTRX1
       SEDFFTRX2
       SEDFFTRX4
       DFFHQX1
       DFFHQX2
       DFFHQX4
       DFFHQX8
       DFFRHQX1
       DFFRHQX2
       DFFRHQX4
       DFFRHQX8
       DFFSHQX1
       DFFSHQX2
       DFFSHQX4
       DFFSHQX8
       DFFSRHQX1
       DFFSRHQX2
       DFFSRHQX4
       DFFSRHQX8
       EDFFHQX1
       EDFFHQX2
       EDFFHQX4
       EDFFHQX8
       MDFFHQX1
       MDFFHQX2
       MDFFHQX4
       MDFFHQX8
       SDFFHQX1
       SDFFHQX2
       SDFFHQX4
       SDFFHQX8
       SDFFRHQX1
       SDFFRHQX2
       SDFFRHQX4
       SDFFRHQX8
       SDFFSHQX1
       SDFFSHQX2
       SDFFSHQX4
       SDFFSHQX8
       SDFFSRHQX1
       SDFFSRHQX2
       SDFFSRHQX4
       SDFFSRHQX8
       SEDFFHQX1
       SEDFFHQX2
       SEDFFHQX4
       SEDFFHQX8
       SMDFFHQX1
       SMDFFHQX2
       SMDFFHQX4
       SMDFFHQX8
       TLATXL
       TLATX1
       TLATX2
       TLATX4
       TLATSRXL
       TLATSRX1
       TLATSRX2
       TLATSRX4
       TLATNXL
       TLATNX1
       TLATNX2
       TLATNX4
       TLATNSRXL
       TLATNSRX1
       TLATNSRX2
       TLATNSRX4
       RF1R1WX1
       RF2R1WX1
       RFRDX1
       RFRDX2
       RFRDX4
       DLY1X1
       DLY2X1
       DLY3X1
       DLY4X1
       DLY1X4
       DLY2X4
       DLY3X4
       DLY4X4
       TIEHI
       TIELO
TimeScale is 1 ns / 1 ps

Warning-[TFIPC] Too few instance port connections
../02_SYN/Netlist/IOTDF_syn.v, 407
IOTDF, "DFFRX1 input_cnt_reg_2_( .D (N708),  .CK (net2380),  .RN (n1048),  .Q (input_cnt[2]));"
  The above instance has fewer port connections than the module definition.
  Please use '+lint=TFIPC-L' to print out detailed information of unconnected 
  ports.


Warning-[TFIPC] Too few instance port connections
../02_SYN/Netlist/IOTDF_syn.v, 409
IOTDF, "DFFSRX1 input_cnt_reg_0_( .D (N706),  .CK (net2380),  .SN (n1061),  .RN (n1060),  .Q (input_cnt[0]));"
  The above instance has fewer port connections than the module definition.
  Please use '+lint=TFIPC-L' to print out detailed information of unconnected 
  ports.


Warning-[TFIPC] Too few instance port connections
../02_SYN/Netlist/IOTDF_syn.v, 411
IOTDF, "DFFRX1 first_r_reg( .D (n1050),  .CK (clk),  .RN (n1048),  .Q (first_r));"
  The above instance has fewer port connections than the module definition.
  Please use '+lint=TFIPC-L' to print out detailed information of unconnected 
  ports.


Warning-[TFIPC] Too few instance port connections
../02_SYN/Netlist/IOTDF_syn.v, 552
IOTDF, "DFFX1 data_r_reg_39_( .D (plain_text_w[47]),  .CK (net2396),  .Q (plain_text_w[39]));"
  The above instance has fewer port connections than the module definition.
  Please use '+lint=TFIPC-L' to print out detailed information of unconnected 
  ports.


Warning-[TFIPC] Too few instance port connections
../02_SYN/Netlist/IOTDF_syn.v, 554
IOTDF, "DFFX1 data_r_reg_35_( .D (plain_text_w[43]),  .CK (net2396),  .Q (plain_text_w[35]));"
  The above instance has fewer port connections than the module definition.
  Please use '+lint=TFIPC-L' to print out detailed information of unconnected 
  ports.


Warning-[TFIPC] Too few instance port connections
../02_SYN/Netlist/IOTDF_syn.v, 572
IOTDF, "DFFX1 data_r_reg_9_( .D (plain_text_w[17]),  .CK (net2396),  .Q (plain_text_w[9]));"
  The above instance has fewer port connections than the module definition.
  Please use '+lint=TFIPC-L' to print out detailed information of unconnected 
  ports.


Warning-[TFIPC] Too few instance port connections
../02_SYN/Netlist/IOTDF_syn.v, 573
IOTDF, "DFFX1 data_r_reg_7_( .D (plain_text_w[15]),  .CK (net2396),  .Q (plain_text_w[7]));"
  The above instance has fewer port connections than the module definition.
  Please use '+lint=TFIPC-L' to print out detailed information of unconnected 
  ports.


Warning-[TFIPC] Too few instance port connections
../02_SYN/Netlist/IOTDF_syn.v, 574
IOTDF, "DFFX1 data_r_reg_6_( .D (plain_text_w[14]),  .CK (net2396),  .Q (plain_text_w[6]));"
  The above instance has fewer port connections than the module definition.
  Please use '+lint=TFIPC-L' to print out detailed information of unconnected 
  ports.


Warning-[TFIPC] Too few instance port connections
../02_SYN/Netlist/IOTDF_syn.v, 575
IOTDF, "DFFX1 data_r_reg_5_( .D (plain_text_w[13]),  .CK (net2396),  .Q (plain_text_w[5]));"
  The above instance has fewer port connections than the module definition.
  Please use '+lint=TFIPC-L' to print out detailed information of unconnected 
  ports.


Warning-[TFIPC] Too few instance port connections
../02_SYN/Netlist/IOTDF_syn.v, 576
IOTDF, "DFFX1 data_r_reg_3_( .D (plain_text_w[11]),  .CK (net2396),  .Q (plain_text_w[3]));"
  The above instance has fewer port connections than the module definition.
  Please use '+lint=TFIPC-L' to print out detailed information of unconnected 
  ports.


Warning-[TFIPC] Too few instance port connections
../02_SYN/Netlist/IOTDF_syn.v, 593
IOTDF, "DFFX1 data_r_reg_37_( .D (plain_text_w[45]),  .CK (net2396),  .Q (plain_text_w[37]));"
  The above instance has fewer port connections than the module definition.
  Please use '+lint=TFIPC-L' to print out detailed information of unconnected 
  ports.


Warning-[TFIPC] Too few instance port connections
../02_SYN/Netlist/IOTDF_syn.v, 620
IOTDF, "DFFX1 data_r_reg_4_( .D (plain_text_w[12]),  .CK (net2396),  .Q (plain_text_w[4]));"
  The above instance has fewer port connections than the module definition.
  Please use '+lint=TFIPC-L' to print out detailed information of unconnected 
  ports.


Warning-[TFIPC] Too few instance port connections
../02_SYN/Netlist/IOTDF_syn.v, 621
IOTDF, "DFFX1 data_r_reg_0_( .D (plain_text_w[8]),  .CK (net2396),  .Q (plain_text_w[0]));"
  The above instance has fewer port connections than the module definition.
  Please use '+lint=TFIPC-L' to print out detailed information of unconnected 
  ports.


Warning-[TFIPC] Too few instance port connections
../02_SYN/Netlist/IOTDF_syn.v, 625
IOTDF, "DFFX1 data_r_reg_112_( .D (main_key_w[56]),  .CK (net2396),  .Q (main_key_w[48]));"
  The above instance has fewer port connections than the module definition.
  Please use '+lint=TFIPC-L' to print out detailed information of unconnected 
  ports.


Warning-[TFIPC] Too few instance port connections
../02_SYN/Netlist/IOTDF_syn.v, 627
IOTDF, "DFFX1 data_r_reg_104_( .D (main_key_w[48]),  .CK (net2396),  .Q (main_key_w[40]));"
  The above instance has fewer port connections than the module definition.
  Please use '+lint=TFIPC-L' to print out detailed information of unconnected 
  ports.


Warning-[TFIPC] Too few instance port connections
../02_SYN/Netlist/IOTDF_syn.v, 629
IOTDF, "DFFX1 data_r_reg_96_( .D (main_key_w[40]),  .CK (net2396),  .Q (main_key_w[32]));"
  The above instance has fewer port connections than the module definition.
  Please use '+lint=TFIPC-L' to print out detailed information of unconnected 
  ports.


Warning-[TFIPC] Too few instance port connections
../02_SYN/Netlist/IOTDF_syn.v, 631
IOTDF, "DFFX1 data_r_reg_88_( .D (main_key_w[32]),  .CK (net2396),  .Q (main_key_w[24]));"
  The above instance has fewer port connections than the module definition.
  Please use '+lint=TFIPC-L' to print out detailed information of unconnected 
  ports.


Warning-[TFIPC] Too few instance port connections
../02_SYN/Netlist/IOTDF_syn.v, 633
IOTDF, "DFFX1 data_r_reg_80_( .D (main_key_w[24]),  .CK (net2396),  .Q (main_key_w[16]));"
  The above instance has fewer port connections than the module definition.
  Please use '+lint=TFIPC-L' to print out detailed information of unconnected 
  ports.


Warning-[TFIPC] Too few instance port connections
../02_SYN/Netlist/IOTDF_syn.v, 635
IOTDF, "DFFX1 data_r_reg_72_( .D (main_key_w[16]),  .CK (net2396),  .Q (main_key_w[8]));"
  The above instance has fewer port connections than the module definition.
  Please use '+lint=TFIPC-L' to print out detailed information of unconnected 
  ports.


Warning-[TFIPC] Too few instance port connections
../02_SYN/Netlist/IOTDF_syn.v, 645
IOTDF, "DFFX1 data_r_reg_2_( .D (plain_text_w[10]),  .CK (net2396),  .Q (plain_text_w[2]));"
  The above instance has fewer port connections than the module definition.
  Please use '+lint=TFIPC-L' to print out detailed information of unconnected 
  ports.


Warning-[TFIPC] Too few instance port connections
../02_SYN/Netlist/IOTDF_syn.v, 672
IOTDF, "DFFX1 data_r_reg_111_( .D (main_key_w[55]),  .CK (net2396),  .Q (main_key_w[47]));"
  The above instance has fewer port connections than the module definition.
  Please use '+lint=TFIPC-L' to print out detailed information of unconnected 
  ports.


Warning-[TFIPC] Too few instance port connections
../02_SYN/Netlist/IOTDF_syn.v, 674
IOTDF, "DFFX1 data_r_reg_107_( .D (main_key_w[51]),  .CK (net2396),  .Q (main_key_w[43]));"
  The above instance has fewer port connections than the module definition.
  Please use '+lint=TFIPC-L' to print out detailed information of unconnected 
  ports.


Warning-[TFIPC] Too few instance port connections
../02_SYN/Netlist/IOTDF_syn.v, 692
IOTDF, "DFFX1 data_r_reg_81_( .D (main_key_w[25]),  .CK (net2396),  .Q (main_key_w[17]));"
  The above instance has fewer port connections than the module definition.
  Please use '+lint=TFIPC-L' to print out detailed information of unconnected 
  ports.


Warning-[TFIPC] Too few instance port connections
../02_SYN/Netlist/IOTDF_syn.v, 694
IOTDF, "DFFX1 data_r_reg_79_( .D (main_key_w[23]),  .CK (net2396),  .Q (main_key_w[15]));"
  The above instance has fewer port connections than the module definition.
  Please use '+lint=TFIPC-L' to print out detailed information of unconnected 
  ports.


Warning-[TFIPC] Too few instance port connections
../02_SYN/Netlist/IOTDF_syn.v, 696
IOTDF, "DFFX1 data_r_reg_78_( .D (main_key_w[22]),  .CK (net2396),  .Q (main_key_w[14]));"
  The above instance has fewer port connections than the module definition.
  Please use '+lint=TFIPC-L' to print out detailed information of unconnected 
  ports.


Warning-[TFIPC] Too few instance port connections
../02_SYN/Netlist/IOTDF_syn.v, 698
IOTDF, "DFFX1 data_r_reg_77_( .D (main_key_w[21]),  .CK (net2396),  .Q (main_key_w[13]));"
  The above instance has fewer port connections than the module definition.
  Please use '+lint=TFIPC-L' to print out detailed information of unconnected 
  ports.


Warning-[TFIPC] Too few instance port connections
../02_SYN/Netlist/IOTDF_syn.v, 700
IOTDF, "DFFX1 data_r_reg_75_( .D (main_key_w[19]),  .CK (net2396),  .Q (main_key_w[11]));"
  The above instance has fewer port connections than the module definition.
  Please use '+lint=TFIPC-L' to print out detailed information of unconnected 
  ports.


Warning-[TFIPC] Too few instance port connections
../02_SYN/Netlist/IOTDF_syn.v, 702
IOTDF, "DFFX1 data_r_reg_74_( .D (main_key_w[18]),  .CK (net2396),  .Q (main_key_w[10]));"
  The above instance has fewer port connections than the module definition.
  Please use '+lint=TFIPC-L' to print out detailed information of unconnected 
  ports.


Warning-[TFIPC] Too few instance port connections
../02_SYN/Netlist/IOTDF_syn.v, 714
IOTDF, "DFFX1 data_r_reg_1_( .D (plain_text_w[9]),  .CK (net2396),  .Q (plain_text_w[1]));"
  The above instance has fewer port connections than the module definition.
  Please use '+lint=TFIPC-L' to print out detailed information of unconnected 
  ports.


Warning-[TFIPC] Too few instance port connections
../02_SYN/Netlist/IOTDF_syn.v, 718
IOTDF, "DFFX1 data_r_reg_108_( .D (main_key_w[52]),  .CK (net2396),  .Q (main_key_w[44]));"
  The above instance has fewer port connections than the module definition.
  Please use '+lint=TFIPC-L' to print out detailed information of unconnected 
  ports.


Warning-[TFIPC] Too few instance port connections
../02_SYN/Netlist/IOTDF_syn.v, 724
IOTDF, "DFFX1 data_r_reg_99_( .D (main_key_w[43]),  .CK (net2396),  .Q (main_key_w[35]));"
  The above instance has fewer port connections than the module definition.
  Please use '+lint=TFIPC-L' to print out detailed information of unconnected 
  ports.


Warning-[TFIPC] Too few instance port connections
../02_SYN/Netlist/IOTDF_syn.v, 732
IOTDF, "DFFX1 data_r_reg_67_( .D (main_key_w[11]),  .CK (net2396),  .Q (main_key_w[3]));"
  The above instance has fewer port connections than the module definition.
  Please use '+lint=TFIPC-L' to print out detailed information of unconnected 
  ports.


Warning-[TFIPC] Too few instance port connections
../02_SYN/Netlist/IOTDF_syn.v, 742
IOTDF, "DFFX1 data_r_reg_84_( .D (main_key_w[28]),  .CK (net2396),  .Q (main_key_w[20]));"
  The above instance has fewer port connections than the module definition.
  Please use '+lint=TFIPC-L' to print out detailed information of unconnected 
  ports.


Warning-[TFIPC] Too few instance port connections
../02_SYN/Netlist/IOTDF_syn.v, 744
IOTDF, "DFFX1 data_r_reg_76_( .D (main_key_w[20]),  .CK (net2396),  .Q (main_key_w[12]));"
  The above instance has fewer port connections than the module definition.
  Please use '+lint=TFIPC-L' to print out detailed information of unconnected 
  ports.


Warning-[TFIPC] Too few instance port connections
../02_SYN/Netlist/IOTDF_syn.v, 746
IOTDF, "DFFX1 data_r_reg_73_( .D (main_key_w[17]),  .CK (net2396),  .Q (main_key_w[9]));"
  The above instance has fewer port connections than the module definition.
  Please use '+lint=TFIPC-L' to print out detailed information of unconnected 
  ports.


Warning-[TFIPC] Too few instance port connections
../02_SYN/Netlist/IOTDF_syn.v, 748
IOTDF, "DFFX1 data_r_reg_59_( .D (main_key_w[3]),  .CK (net2396),  .Q (plain_text_w[59]));"
  The above instance has fewer port connections than the module definition.
  Please use '+lint=TFIPC-L' to print out detailed information of unconnected 
  ports.


Warning-[TFIPC] Too few instance port connections
../02_SYN/Netlist/IOTDF_syn.v, 750
IOTDF, "DFFX1 data_r_reg_116_( .D (main_key_w[60]),  .CK (net2396),  .Q (main_key_w[52]));"
  The above instance has fewer port connections than the module definition.
  Please use '+lint=TFIPC-L' to print out detailed information of unconnected 
  ports.


Warning-[TFIPC] Too few instance port connections
../02_SYN/Netlist/IOTDF_syn.v, 754
IOTDF, "DFFX1 data_r_reg_114_( .D (main_key_w[58]),  .CK (net2396),  .Q (main_key_w[50]));"
  The above instance has fewer port connections than the module definition.
  Please use '+lint=TFIPC-L' to print out detailed information of unconnected 
  ports.


Warning-[TFIPC] Too few instance port connections
../02_SYN/Netlist/IOTDF_syn.v, 758
IOTDF, "DFFX1 data_r_reg_109_( .D (main_key_w[53]),  .CK (net2396),  .Q (main_key_w[45]));"
  The above instance has fewer port connections than the module definition.
  Please use '+lint=TFIPC-L' to print out detailed information of unconnected 
  ports.


Warning-[TFIPC] Too few instance port connections
../02_SYN/Netlist/IOTDF_syn.v, 764
IOTDF, "DFFX1 data_r_reg_92_( .D (main_key_w[36]),  .CK (net2396),  .Q (main_key_w[28]));"
  The above instance has fewer port connections than the module definition.
  Please use '+lint=TFIPC-L' to print out detailed information of unconnected 
  ports.


Warning-[TFIPC] Too few instance port connections
../02_SYN/Netlist/IOTDF_syn.v, 768
IOTDF, "DFFX1 data_r_reg_110_( .D (main_key_w[54]),  .CK (net2396),  .Q (main_key_w[46]));"
  The above instance has fewer port connections than the module definition.
  Please use '+lint=TFIPC-L' to print out detailed information of unconnected 
  ports.


Warning-[TFIPC] Too few instance port connections
../02_SYN/Netlist/IOTDF_syn.v, 778
IOTDF, "DFFX1 iot_out_r_reg_96_( .D (N919),  .CK (net2401),  .Q (iot_out[96]));"
  The above instance has fewer port connections than the module definition.
  Please use '+lint=TFIPC-L' to print out detailed information of unconnected 
  ports.


Warning-[TFIPC] Too few instance port connections
../02_SYN/Netlist/IOTDF_syn.v, 779
IOTDF, "DFFX1 iot_out_r_reg_88_( .D (N911),  .CK (net2401),  .Q (iot_out[88]));"
  The above instance has fewer port connections than the module definition.
  Please use '+lint=TFIPC-L' to print out detailed information of unconnected 
  ports.


Warning-[TFIPC] Too few instance port connections
../02_SYN/Netlist/IOTDF_syn.v, 780
IOTDF, "DFFX1 iot_out_r_reg_80_( .D (N903),  .CK (net2401),  .Q (iot_out[80]));"
  The above instance has fewer port connections than the module definition.
  Please use '+lint=TFIPC-L' to print out detailed information of unconnected 
  ports.


Warning-[TFIPC] Too few instance port connections
../02_SYN/Netlist/IOTDF_syn.v, 781
IOTDF, "DFFX1 iot_out_r_reg_72_( .D (N895),  .CK (net2401),  .Q (iot_out[72]));"
  The above instance has fewer port connections than the module definition.
  Please use '+lint=TFIPC-L' to print out detailed information of unconnected 
  ports.


Warning-[TFIPC] Too few instance port connections
../02_SYN/Netlist/IOTDF_syn.v, 784
IOTDF, "DFFX1 iot_out_r_reg_89_( .D (N912),  .CK (net2401),  .Q (iot_out[89]));"
  The above instance has fewer port connections than the module definition.
  Please use '+lint=TFIPC-L' to print out detailed information of unconnected 
  ports.


Warning-[TFIPC] Too few instance port connections
../02_SYN/Netlist/IOTDF_syn.v, 785
IOTDF, "DFFX1 iot_out_r_reg_84_( .D (N907),  .CK (net2401),  .Q (iot_out[84]));"
  The above instance has fewer port connections than the module definition.
  Please use '+lint=TFIPC-L' to print out detailed information of unconnected 
  ports.


Warning-[TFIPC] Too few instance port connections
../02_SYN/Netlist/IOTDF_syn.v, 786
IOTDF, "DFFX1 iot_out_r_reg_76_( .D (N899),  .CK (net2401),  .Q (iot_out[76]));"
  The above instance has fewer port connections than the module definition.
  Please use '+lint=TFIPC-L' to print out detailed information of unconnected 
  ports.


Warning-[TFIPC] Too few instance port connections
../02_SYN/Netlist/IOTDF_syn.v, 787
IOTDF, "DFFX1 iot_out_r_reg_73_( .D (N896),  .CK (net2401),  .Q (iot_out[73]));"
  The above instance has fewer port connections than the module definition.
  Please use '+lint=TFIPC-L' to print out detailed information of unconnected 
  ports.


Warning-[TFIPC] Too few instance port connections
../02_SYN/Netlist/IOTDF_syn.v, 788
IOTDF, "DFFX1 iot_out_r_reg_116_( .D (n2079),  .CK (net2401),  .QN (iot_out[116]));"
  The above instance has fewer port connections than the module definition.
  Please use '+lint=TFIPC-L' to print out detailed information of unconnected 
  ports.


   ***   $sdf_annotate() version 1.2R
   ***    SDF file: "../02_SYN/Netlist/IOTDF_syn.sdf"
   ***    Annotation scope: test.u_IOTDF
   ***    No MTM selection argument specified
   ***    No SCALE FACTORS argument specified
   ***    No SCALE TYPE argument specified
   ***    MTM selection defaulted to "TOOL_CONTROL":
               (+maxdelays compiled, MAXIMUM delays selected)
   ***    SCALE FACTORS defaulted to "1.0:1.0:1.0":
   ***    SCALE TYPE defaulted to: "FROM_MTM"
   ***    Turnoff delay: "FROM_FILE"
   ***    Approximation (mipd) policy: "MAXIMUM"

   ***    SDF annotation begin: Tue Nov 19 11:42:22 2024


SDF Info: +pulse_r/100, +pulse_e/100 in effect

          Total errors: 0
          Total warnings: 0
   ***    SDF annotation completed: Tue Nov 19 11:42:22 2024


Starting vcs inline pass...
536 modules and 12 UDPs read.
recompiling module test
	However, due to incremental compilation, only 1 module needs to be compiled. 
rm -f _cuarc*.so _csrc*.so pre_vcsobj_*.so share_vcsobj_*.so
ld -shared  -Bsymbolic   -o .//../simv.daidir//_cuarc0.so objs/amcQw_d.o 
rm -f _cuarc0.so
if [ -x ../simv ]; then chmod a-x ../simv; fi
g++  -o ../simv      -rdynamic  -Wl,-rpath='$ORIGIN'/simv.daidir -Wl,-rpath=./simv.daidir -Wl,-rpath=/usr/cad/synopsys/vcs/2022.06/linux64/lib -L/usr/cad/synopsys/vcs/2022.06/linux64/lib  -Wl,-rpath-link=./  /usr/lib64/libnuma.so.1     _224502_archive_1.so _prev_archive_1.so _cuarc0.so objs/udps/D2wHf.o objs/udps/uYEPC.o objs/udps/vCfas.o objs/udps/IEZrF.o objs/udps/U7Vwg.o objs/udps/i2VqJ.o objs/udps/CjLsY.o objs/udps/sk4QJ.o objs/udps/exIG1.o objs/udps/gSqMj.o objs/udps/Cpxa2.o objs/udps/AubIW.o  SIM_l.o      rmapats_mop.o rmapats.o rmar.o rmar_nd.o  rmar_llvm_0_1.o rmar_llvm_0_0.o           -lvirsim -lerrorinf -lsnpsmalloc -lvfs    -lvcsnew -lsimprofile -luclinative /usr/cad/synopsys/vcs/2022.06/linux64/lib/vcs_tls.o   -Wl,-whole-archive  -lvcsucli    -Wl,-no-whole-archive        _vcs_pli_stub_.o   /usr/cad/synopsys/vcs/2022.06/linux64/lib/vcs_save_restore_new.o /usr/cad/synopsys/verdi/cur/share/PLI/VCS/LINUX64/pli.a -ldl  -lc -lm -lpthread -ldl 
../simv up to date
Chronologic VCS simulator copyright 1991-2022
Contains Synopsys proprietary information.
Compiler version T-2022.06_Full64; Runtime version T-2022.06_Full64;  Nov 19 11:42 2024
Doing SDF annotation ...... Done
*Verdi* Loading libsscore_vcs202206.so
FSDB Dumper for VCS, Release Verdi_T-2022.06, Linux x86_64/64bit, 05/29/2022
(C) 1996 - 2022 by Synopsys, Inc.
*Verdi* FSDB WARNING: The FSDB file already exists. Overwriting the FSDB file may crash the programs that are using this file.
*Verdi* : Create FSDB file 'IOTDF_F5.fsdb'
*Verdi* : Begin traversing the scopes, layer (0).
*Verdi* : End of traversing.
*Verdi* : Begin traversing the MDAs, layer (0).
*Verdi* : Enable +mda and +packedmda dumping.
*Verdi* : End of traversing the MDAs.

"/home/raid7_2/course/cvsd/CBDK_IC_Contest_v2.5/Verilog/tsmc13_neg.v", 18934: Timing violation in test.u_IOTDF.input_cnt_reg_0_
    $hold( posedge SN:73, posedge RN:59, limit: 268 );

-----------------------------------------------------

Start to Send IOT Data & Compare ...


P00:  ** Correct!! ** , iot_out=142e6137b63db622b67dfd1bbae9bd86
P01:  ** Correct!! ** , iot_out=2e897e9178611622bdc49dcabde5208d
P02:  ** Correct!! ** , iot_out=0320af8eb507918865432590556e5e01
P03:  ** Correct!! ** , iot_out=0c85f1936083aebc3f3bea61350f2ba8
P04:  ** Correct!! ** , iot_out=09603231d2959306cc8820c5b0395385
P05:  ** Correct!! ** , iot_out=2540b6ef761ce9a7d2c8f4d73ba92a47
P06:  ** Correct!! ** , iot_out=134569620aa75a0a9919b80fc96b06af
P07:  ** Correct!! ** , iot_out=38d6da57486b8a6f31045216a938a1b2
P08:  ** Correct!! ** , iot_out=006164dd0fdf21e3f2843e4de249f69a
P09:  ** Correct!! ** , iot_out=00a75ddd02744c9ac796ec39153e1659
P10:  ** Correct!! ** , iot_out=28751f666a31e9c07bcd92bd2a7b191a
P11:  ** Correct!! ** , iot_out=36b1964a8276dc1bc2e71f9ed0fb3264
P12:  ** Correct!! ** , iot_out=0c515fe5687f25e57a1ede3348581eaf
P13:  ** Correct!! ** , iot_out=0d6426ed125b95687010235bc4b0b6f6
P14:  ** Correct!! ** , iot_out=1554f97bb6bb3c627763e5e08c5c838e
P15:  ** Correct!! ** , iot_out=19a5b8d57249de3bb0bd099cdf755780

-----------------------------------------------------

Congratulations! All data have been generated successfully!

Total cost time:   14406.00 ns
-------------------------PASS------------------------

$finish called from file "../00_TESTBED/testfixture.v", line 303.
$finish at simulation time             14406000
           V C S   S i m u l a t i o n   R e p o r t 
Time: 14406000 ps
CPU Time:      0.900 seconds;       Data structure size:   0.8Mb
Tue Nov 19 11:42:31 2024
CPU time: 3.589 seconds to compile + .595 seconds to elab + 1.039 seconds to link + .951 seconds in simulation
