
                           Design Compiler Graphical 
                                 DC Ultra (TM)
                                  DFTMAX (TM)
                              Power Compiler (TM)
                                 DesignWare (R)
                                 DC Expert (TM)
                               Design Vision (TM)
                               HDL Compiler (TM)
                               VHDL Compiler (TM)
                                  DFT Compiler
                               Design Compiler(R)

                 Version U-2022.12 for linux64 - Nov 22, 2022 

                    Copyright (c) 1988 - 2022 Synopsys, Inc.
   This software and the associated documentation are proprietary to Synopsys,
 Inc. This software may only be used in accordance with the terms and conditions
 of a written license agreement with Synopsys, Inc. All other use, reproduction,
   or distribution of this software is strictly prohibited.  Licensed Products
     communicate with Synopsys servers for the purpose of providing software
    updates, detecting software piracy and verifying that customers are using
    Licensed Products in conformity with the applicable License Key for such
  Licensed Products. Synopsys will use information gathered in connection with
    this process to deliver software updates and pursue software pirates and
                                   infringers.

 Inclusivity & Diversity - Visit SolvNetPlus to read the "Synopsys Statement on
            Inclusivity and Diversity" (Refer to article 000036315 at
                        https://solvnetplus.synopsys.com)
Initializing...
# Setting environment
sh mkdir -p Netlist
sh mkdir -p Report
define_design_lib work -path ./work
1
set company {NTUGIEE}
NTUGIEE
set designer {Student}
Student
set search_path      ". /home/raid7_2/course/cvsd/CBDK_IC_Contest/CIC/SynopsysDC/db  $search_path ../ ./"
. /home/raid7_2/course/cvsd/CBDK_IC_Contest/CIC/SynopsysDC/db  . /usr/cad/synopsys/synthesis/cur/libraries/syn /usr/cad/synopsys/synthesis/cur/dw/syn_ver /usr/cad/synopsys/synthesis/cur/dw/sim_ver ../ ./
set target_library   "slow.db "              
slow.db 
set link_library     "* $target_library dw_foundation.sldb"
* slow.db  dw_foundation.sldb
set symbol_library   "tsmc13.sdb generic.sdb"
tsmc13.sdb generic.sdb
set synthetic_library "dw_foundation.sldb"
dw_foundation.sldb
set default_schematic_options {-size infinite}
-size infinite
# Import Design
set DESIGN "ed25519"
ed25519
set hdlin_translate_off_skip_text "TRUE"
Information: Variable 'hdlin_translate_off_skip_text' is obsolete and is being ignored. (INFO-100)
TRUE
set edifout_netlist_only "TRUE"
TRUE
set verilogout_no_tri true
true
set hdlin_enable_presto_for_vhdl "TRUE"
Information: Variable 'hdlin_enable_presto_for_vhdl' is obsolete and is being ignored. (INFO-100)
Information: Variable 'hdlin_enable_presto_for_vhdl' is obsolete and is being ignored. (INFO-100)
TRUE
set sh_enable_line_editing true
true
set sh_line_editing_mode emacs
emacs
history keep 100
100
alias h history
#read_file -format sverilog  "../01_RTL/ed25519.sv"
read_file -format sverilog "./flist.sv"
Loading db file '/home/raid7_2/course/cvsd/CBDK_IC_Contest/CIC/SynopsysDC/db/slow.db'
Loading db file '/usr/cad/synopsys/synthesis/cur/libraries/syn/dw_foundation.sldb'
Loading db file '/usr/cad/synopsys/synthesis/cur/libraries/syn/gtech.db'
Loading db file '/usr/cad/synopsys/synthesis/cur/libraries/syn/standard.sldb'
  Loading link library 'slow'
  Loading link library 'gtech'
Loading sverilog file '/home/raid7_2/user12/r2k41036/FINAL/02_SYN/flist.sv'
Detecting input file type automatically (-rtl or -netlist).
Reading with Presto HDL Compiler (equivalent to -rtl option).
Running PRESTO HDLC
Compiling source file /home/raid7_2/user12/r2k41036/FINAL/02_SYN/flist.sv
Opening include file ../01_RTL/ed25519.v
Opening include file ../01_RTL/modular_mult.v
Opening include file ../01_RTL/modular_add_sub.v

Statistics for case statements in always block at line 147 in file
	'../01_RTL/ed25519.v'
===============================================
|           Line           |  full/ parallel  |
===============================================
|           148            |    auto/auto     |
===============================================

Statistics for case statements in always block at line 292 in file
	'../01_RTL/ed25519.v'
===============================================
|           Line           |  full/ parallel  |
===============================================
|           295            |    auto/auto     |
===============================================

Statistics for case statements in always block at line 395 in file
	'../01_RTL/ed25519.v'
===============================================
|           Line           |  full/ parallel  |
===============================================
|           396            |    auto/auto     |
===============================================

Statistics for case statements in always block at line 403 in file
	'../01_RTL/ed25519.v'
===============================================
|           Line           |  full/ parallel  |
===============================================
|           405            |    auto/auto     |
===============================================

Statistics for case statements in always block at line 500 in file
	'../01_RTL/ed25519.v'
===============================================
|           Line           |  full/ parallel  |
===============================================
|           504            |    auto/auto     |
===============================================

Statistics for case statements in always block at line 547 in file
	'../01_RTL/ed25519.v'
===============================================
|           Line           |  full/ parallel  |
===============================================
|           549            |    auto/auto     |
===============================================

Statistics for case statements in always block at line 665 in file
	'../01_RTL/ed25519.v'
===============================================
|           Line           |  full/ parallel  |
===============================================
|           666            |    auto/auto     |
===============================================

Statistics for case statements in always block at line 673 in file
	'../01_RTL/ed25519.v'
===============================================
|           Line           |  full/ parallel  |
===============================================
|           675            |    auto/auto     |
===============================================

Statistics for case statements in always block at line 814 in file
	'../01_RTL/ed25519.v'
===============================================
|           Line           |  full/ parallel  |
===============================================
|           818            |    auto/auto     |
===============================================

Statistics for case statements in always block at line 849 in file
	'../01_RTL/ed25519.v'
===============================================
|           Line           |  full/ parallel  |
===============================================
|           853            |    auto/auto     |
===============================================

Statistics for case statements in always block at line 876 in file
	'../01_RTL/ed25519.v'
===============================================
|           Line           |  full/ parallel  |
===============================================
|           880            |    auto/auto     |
===============================================

Statistics for case statements in always block at line 1011 in file
	'../01_RTL/ed25519.v'
===============================================
|           Line           |  full/ parallel  |
===============================================
|           1012           |    auto/auto     |
===============================================

Statistics for case statements in always block at line 1027 in file
	'../01_RTL/ed25519.v'
===============================================
|           Line           |  full/ parallel  |
===============================================
|           1028           |     no/auto      |
===============================================

Statistics for case statements in always block at line 1046 in file
	'../01_RTL/ed25519.v'
===============================================
|           Line           |  full/ parallel  |
===============================================
|           1052           |    auto/auto     |
===============================================

Statistics for case statements in always block at line 1061 in file
	'../01_RTL/ed25519.v'
===============================================
|           Line           |  full/ parallel  |
===============================================
|           1062           |    auto/auto     |
===============================================

Inferred memory devices in process
	in routine ed25519 line 61 in file
		'../01_RTL/ed25519.v'.
===============================================================================
|    Register Name    |   Type    | Width | Bus | MB | AR | AS | SR | SS | ST |
===============================================================================
|    o_valid_r_reg    | Flip-flop |   1   |  N  | N  | N  | N  | N  | N  | N  |
|   i_in_data_r_reg   | Flip-flop |  64   |  Y  | N  | N  | N  | N  | N  | N  |
===============================================================================

Inferred memory devices in process
	in routine ed25519 line 147 in file
		'../01_RTL/ed25519.v'.
===============================================================================
|    Register Name    |   Type    | Width | Bus | MB | AR | AS | SR | SS | ST |
===============================================================================
| modmult_i_valid_reg | Flip-flop |   1   |  N  | N  | N  | N  | N  | N  | N  |
|  modadd_a_in_r_reg  | Flip-flop |  255  |  Y  | N  | N  | N  | N  | N  | N  |
|  modadd_b_in_r_reg  | Flip-flop |  255  |  Y  | N  | N  | N  | N  | N  | N  |
| modmult_a_in_r_reg  | Flip-flop |  256  |  Y  | N  | N  | N  | N  | N  | N  |
| modmult_b_in_r_reg  | Flip-flop |  256  |  Y  | N  | N  | N  | N  | N  | N  |
|   modadd_inst_reg   | Flip-flop |   1   |  N  | N  | N  | N  | N  | N  | N  |
| modadd_i_valid_reg  | Flip-flop |   1   |  N  | N  | N  | N  | N  | N  | N  |
===============================================================================

Inferred memory devices in process
	in routine ed25519 line 262 in file
		'../01_RTL/ed25519.v'.
===============================================================================
|    Register Name    |   Type    | Width | Bus | MB | AR | AS | SR | SS | ST |
===============================================================================
|     round_r_reg     | Flip-flop |   8   |  Y  | N  | N  | N  | N  | N  | N  |
===============================================================================

Inferred memory devices in process
	in routine ed25519 line 849 in file
		'../01_RTL/ed25519.v'.
===========================================================================
|    Register Name    | Type  | Width | Bus | MB | AR | AS | SR | SS | ST |
===========================================================================
|   redZ_b_in_w_reg   | Latch |  256  |  Y  | N  | N  | N  | -  | -  | -  |
===========================================================================

Inferred memory devices in process
	in routine ed25519 line 876 in file
		'../01_RTL/ed25519.v'.
===========================================================================
|    Register Name    | Type  | Width | Bus | MB | AR | AS | SR | SS | ST |
===========================================================================
| next_inv_state_reg  | Latch |   4   |  Y  | N  | N  | N  | -  | -  | -  |
===========================================================================

Inferred memory devices in process
	in routine ed25519 line 1011 in file
		'../01_RTL/ed25519.v'.
===============================================================================
|    Register Name    |   Type    | Width | Bus | MB | AR | AS | SR | SS | ST |
===============================================================================
|   data_buf_r_reg    | Flip-flop |  768  |  Y  | N  | N  | N  | N  | N  | N  |
===============================================================================

Inferred memory devices in process
	in routine ed25519 line 1027 in file
		'../01_RTL/ed25519.v'.
===========================================================================
|    Register Name    | Type  | Width | Bus | MB | AR | AS | SR | SS | ST |
===========================================================================
|   next_state_reg    | Latch |   4   |  Y  | N  | N  | N  | -  | -  | -  |
===========================================================================

Inferred memory devices in process
	in routine ed25519 line 1046 in file
		'../01_RTL/ed25519.v'.
===============================================================================
|    Register Name    |   Type    | Width | Bus | MB | AR | AS | SR | SS | ST |
===============================================================================
|  curr_s_state_reg   | Flip-flop |   4   |  Y  | N  | N  | N  | N  | N  | N  |
|   curr_state_reg    | Flip-flop |   4   |  Y  | N  | N  | N  | N  | N  | N  |
===============================================================================

Inferred memory devices in process
	in routine ed25519 line 1061 in file
		'../01_RTL/ed25519.v'.
===============================================================================
|    Register Name    |   Type    | Width | Bus | MB | AR | AS | SR | SS | ST |
===============================================================================
|       D_r_reg       | Flip-flop |  256  |  Y  | N  | N  | N  | N  | N  | N  |
|       X_r_reg       | Flip-flop |  256  |  Y  | N  | N  | N  | N  | N  | N  |
|       Y_r_reg       | Flip-flop |  256  |  Y  | N  | N  | N  | N  | N  | N  |
|       Z_r_reg       | Flip-flop |  256  |  Y  | N  | N  | N  | N  | N  | N  |
|       A_r_reg       | Flip-flop |  256  |  Y  | N  | N  | N  | N  | N  | N  |
|       B_r_reg       | Flip-flop |  256  |  Y  | N  | N  | N  | N  | N  | N  |
|       C_r_reg       | Flip-flop |  256  |  Y  | N  | N  | N  | N  | N  | N  |
===============================================================================

Inferred memory devices in process
	in routine ed25519 line 1159 in file
		'../01_RTL/ed25519.v'.
===============================================================================
|    Register Name    |   Type    | Width | Bus | MB | AR | AS | SR | SS | ST |
===============================================================================
|   generic_cnt_reg   | Flip-flop |   4   |  Y  | N  | N  | N  | N  | N  | N  |
===============================================================================

Statistics for case statements in always block at line 49 in file
	'../01_RTL/modular_mult.v'
===============================================
|           Line           |  full/ parallel  |
===============================================
|            50            |    auto/auto     |
===============================================

Statistics for case statements in always block at line 192 in file
	'../01_RTL/modular_mult.v'
===============================================
|           Line           |  full/ parallel  |
===============================================
|           193            |    auto/auto     |
===============================================

Statistics for case statements in always block at line 229 in file
	'../01_RTL/modular_mult.v'
===============================================
|           Line           |  full/ parallel  |
===============================================
|           230            |    auto/auto     |
===============================================

Statistics for case statements in always block at line 265 in file
	'../01_RTL/modular_mult.v'
===============================================
|           Line           |  full/ parallel  |
===============================================
|           266            |    auto/auto     |
===============================================

Inferred memory devices in process
	in routine modular_mult line 145 in file
		'../01_RTL/modular_mult.v'.
=================================================================================
|     Register Name     |   Type    | Width | Bus | MB | AR | AS | SR | SS | ST |
=================================================================================
| accumulated_res_r_reg | Flip-flop |  256  |  Y  | N  | N  | N  | N  | N  | N  |
|        cnt_reg        | Flip-flop |   5   |  Y  | N  | N  | N  | N  | N  | N  |
=================================================================================

Inferred memory devices in process
	in routine modular_mult line 161 in file
		'../01_RTL/modular_mult.v'.
===============================================================================
|    Register Name    |   Type    | Width | Bus | MB | AR | AS | SR | SS | ST |
===============================================================================
|    res_out_r_reg    | Flip-flop |  128  |  Y  | N  | N  | N  | N  | N  | N  |
===============================================================================

Inferred memory devices in process
	in routine modular_mult line 282 in file
		'../01_RTL/modular_mult.v'.
===============================================================================
|    Register Name    |   Type    | Width | Bus | MB | AR | AS | SR | SS | ST |
===============================================================================
|        S_reg        | Flip-flop |  408  |  Y  | N  | N  | N  | N  | N  | N  |
===============================================================================

Inferred memory devices in process
	in routine modular_mult line 290 in file
		'../01_RTL/modular_mult.v'.
===============================================================================
|    Register Name    |   Type    | Width | Bus | MB | AR | AS | SR | SS | ST |
===============================================================================
|        R_reg        | Flip-flop |  272  |  Y  | N  | N  | N  | N  | N  | N  |
===============================================================================

Inferred memory devices in process
	in routine modular_mult line 328 in file
		'../01_RTL/modular_mult.v'.
===============================================================================
|    Register Name    |   Type    | Width | Bus | MB | AR | AS | SR | SS | ST |
===============================================================================
|     a_in_r_reg      | Flip-flop |  64   |  Y  | N  | N  | N  | N  | N  | N  |
|     b_in_r_reg      | Flip-flop |  64   |  Y  | N  | N  | N  | N  | N  | N  |
===============================================================================

Statistics for case statements in always block at line 41 in file
	'../01_RTL/modular_add_sub.v'
===============================================
|           Line           |  full/ parallel  |
===============================================
|            42            |    auto/auto     |
===============================================

Inferred memory devices in process
	in routine modular_add_sub line 58 in file
		'../01_RTL/modular_add_sub.v'.
===============================================================================
|    Register Name    |   Type    | Width | Bus | MB | AR | AS | SR | SS | ST |
===============================================================================
|      state_reg      | Flip-flop |   2   |  Y  | N  | N  | N  | N  | N  | N  |
===============================================================================

Inferred memory devices in process
	in routine modular_add_sub line 65 in file
		'../01_RTL/modular_add_sub.v'.
===============================================================================
|    Register Name    |   Type    | Width | Bus | MB | AR | AS | SR | SS | ST |
===============================================================================
|        C_reg        | Flip-flop |  256  |  Y  | N  | N  | N  | N  | N  | N  |
===============================================================================
Presto compilation completed successfully.
Current design is now '/home/raid7_2/user12/r2k41036/FINAL/02_SYN/ed25519.db:ed25519'
Loaded 5 designs.
Current design is 'ed25519'.
ed25519 modular_mult multiplier_64x64 multiplier_128x128 modular_add_sub
current_design [get_designs $DESIGN]
Current design is 'ed25519'.
{ed25519}
link

  Linking design 'ed25519'
  Using the following designs and libraries:
  --------------------------------------------------------------------------
  * (5 designs)               /home/raid7_2/user12/r2k41036/FINAL/02_SYN/ed25519.db, etc
  slow (library)              /home/raid7_2/course/cvsd/CBDK_IC_Contest/CIC/SynopsysDC/db/slow.db
  dw_foundation.sldb (library) /usr/cad/synopsys/synthesis/cur/libraries/syn/dw_foundation.sldb

1
source -echo -verbose ./ed25519_dc.sdc
# operating conditions and boundary conditions #
set cycle  7        ;#clock period defined by designer
7
create_clock -period $cycle [get_ports  i_clk]
1
set_dont_touch_network      [get_clocks i_clk]
1
set_fix_hold                [get_clocks i_clk]
1
set_ideal_network           [get_ports i_clk]
1
set_clock_uncertainty  0.1  [get_clocks i_clk]
1
set_clock_latency      0.5  [get_clocks i_clk]
1
set_input_delay  1      -clock i_clk [remove_from_collection [all_inputs] [get_ports i_clk]]
1
set_output_delay 1      -clock i_clk [all_outputs] 
1
set_load         1     [all_outputs]
1
set_drive        1     [all_inputs]
1
set_operating_conditions  -max_library slow -max slow               
Using operating conditions 'slow' found in library 'slow'.
1
set_max_fanout 20 [all_inputs]
1
1
# Compile Design
current_design [get_designs ${DESIGN}]
Current design is 'ed25519'.
{ed25519}
check_design > Report/check_design.txt
check_timing > Report/check_timing.txt
set high_fanout_net_threshold 0
0
uniquify
Information: Uniquified 2 instances of design 'modular_add_sub'. (OPT-1056)
1
set_fix_multiple_port_nets -all -buffer_constants [get_designs *]
1
set_host_options -max_cores 16
Warning: You requested 16 cores. However, load on host cad27 is 32.18. Tool will ignore the request and use 1 cores. (UIO-231)
1
#set_clock_gating_style -max_fanout 4
compile_ultra
Information: Performing power optimization. (PWR-850)
Alib files are up-to-date.
Information: Evaluating DesignWare library utilization. (UISN-27)

============================================================================
| DesignWare Building Block Library  |         Version         | Available |
============================================================================
| Basic DW Building Blocks           | U-2022.12-DWBB_202212.0 |     *     |
| Licensed DW Building Blocks        | U-2022.12-DWBB_202212.0 |     *     |
============================================================================

====================================================================================================
| Flow Information                                                                                 |
----------------------------------------------------------------------------------------------------
| Flow         | Design Compiler WLM                                                               |
| Comand Line  | compile_ultra                                                                     |
====================================================================================================
| Design Information                                      | Value                                  |
====================================================================================================
| Number of Scenarios                                     | 0                                      |
| Leaf Cell Count                                         | 7465                                   |
| Number of User Hierarchies                              | 4                                      |
| Sequential Cell Count                                   | 5647                                   |
| Macro Count                                             | 0                                      |
| Number of Power Domains                                 | 0                                      |
| Number of Path Groups                                   | 2                                      |
| Number of VT Class                                      | 0                                      |
| Number of Clocks                                        | 1                                      |
| Number of Dont Touch Cells                              | 898                                    |
| Number of Dont Touch Nets                               | 4                                      |
| Number of Size Only Cells                               | 0                                      |
| Design with UPF Data                                    | false                                  |
----------------------------------------------------------------------------------------------------
| Variables                                               | Value                                  |
----------------------------------------------------------------------------------------------------
| set_fix_multiple_port_nets                              | -all -buffer_constants                 |
====================================================================================================
Information: Sequential output inversion is enabled.  SVF file must be used for formal verification. (OPT-1208)

Information: There are 250 potential problems in your design. Please run 'check_design' for more information. (LINT-99)

  Simplifying Design 'ed25519'

Loaded alib file './alib-52/slow.db.alib'
  Building model 'DW01_NAND2'
Information: Ungrouping 0 of 5 hierarchies before Pass 1 (OPT-775)
Information: State dependent leakage is now switched from on to off.

  Beginning Pass 1 Mapping
  ------------------------
  Processing 'ed25519'
Information: Added key list 'DesignWare' to design 'ed25519'. (DDB-72)
Information: The register 'next_inv_state_reg[2]' is a constant and will be removed. (OPT-1206)
Information: The register 'next_inv_state_reg[3]' is a constant and will be removed. (OPT-1206)
Information: The register 'A_r_reg[255]' is a constant and will be removed. (OPT-1206)
Information: The register 'B_r_reg[255]' is a constant and will be removed. (OPT-1206)
Information: The register 'Z_r_reg[255]' is a constant and will be removed. (OPT-1206)
 Implement Synthetic for 'ed25519'.
  Processing 'modular_mult'
Information: The register 'R_reg[135]' is a constant and will be removed. (OPT-1206)
Information: The register 'R_reg[134]' is a constant and will be removed. (OPT-1206)
Information: The register 'R_reg[133]' is a constant and will be removed. (OPT-1206)
Information: The register 'R_reg[132]' is a constant and will be removed. (OPT-1206)
Information: The register 'R_reg[131]' is a constant and will be removed. (OPT-1206)
Information: The register 'R_reg[130]' is a constant and will be removed. (OPT-1206)
Information: The register 'R_reg[129]' is a constant and will be removed. (OPT-1206)
Information: The register 'R_reg[128]' is a constant and will be removed. (OPT-1206)
 Implement Synthetic for 'modular_mult'.
  Processing 'modular_add_sub_0'
 Implement Synthetic for 'modular_add_sub_0'.
  Processing 'multiplier_64x64'
 Implement Synthetic for 'multiplier_64x64'.
  Processing 'modular_add_sub_1'
 Implement Synthetic for 'modular_add_sub_1'.

  Updating timing information
Information: Updating design information... (UID-85)
Information: The library cell 'HOLDX1' in the library 'slow' is not characterized for internal power. (PWR-536)
Information: The target library(s) contains cell(s), other than black boxes, that are not characterized for internal power. (PWR-24)
Information: The register 'X_r_reg[255]' is a constant and will be removed. (OPT-1206)
Information: The register 'Y_r_reg[255]' is a constant and will be removed. (OPT-1206)
Information: The register 'D_r_reg[255]' is a constant and will be removed. (OPT-1206)
Information: The register 'C_r_reg[255]' is a constant and will be removed. (OPT-1206)
Information: The register 'modmult_a_in_r_reg[255]' is a constant and will be removed. (OPT-1206)

  Beginning Mapping Optimizations  (Ultra High effort)
  -------------------------------
Information: Added key list 'DesignWare' to design 'modular_mult'. (DDB-72)
Information: Ungrouping hierarchy modular_add_sub_inst 'modular_add_sub_1' #insts = 1302. (OPT-777)
Information: Ungrouping hierarchy modular_mult_inst/multiplier_64x64_inst 'multiplier_64x64' #insts = 0. (OPT-777)
Information: Ungrouping hierarchy modular_mult_inst/modular_add_sub_inst 'modular_add_sub_0' #insts = 1053. (OPT-777)
  Mapping Optimization (Phase 1)
  Mapping Optimization (Phase 2)

                                  TOTAL                                                            
   ELAPSED            WORST NEG   SETUP    DESIGN                              LEAKAGE   MIN DELAY 
    TIME      AREA      SLACK     COST    RULE COST         ENDPOINT            POWER      COST    
  --------- --------- --------- --------- --------- ------------------------- --------- -----------
    0:08:37 1076458.8      0.00       0.0   47408.5                           1003001856.0000      0.00  
    0:08:43 1076306.1      0.00       0.0   47408.5                           1002882880.0000      0.00  

  Beginning Constant Register Removal
  -----------------------------------
    0:08:48 1076791.5      0.00       0.0   47408.5                           1003555520.0000      0.00  
    0:08:53 1076791.5      0.00       0.0   47408.5                           1003555520.0000      0.00  

  Beginning Global Optimizations
  ------------------------------
  Numerical Synthesis (Phase 1)
  Numerical Synthesis (Phase 2)
  Global Optimization (Phase 1)
  Global Optimization (Phase 2)
  Global Optimization (Phase 3)
  Global Optimization (Phase 4)
  Global Optimization (Phase 5)
  Global Optimization (Phase 6)
  Global Optimization (Phase 7)
  Global Optimization (Phase 8)
  Global Optimization (Phase 9)
  Global Optimization (Phase 10)
  Global Optimization (Phase 11)
  Global Optimization (Phase 12)
  Global Optimization (Phase 13)
  Global Optimization (Phase 14)
  Global Optimization (Phase 15)
  Global Optimization (Phase 16)
  Global Optimization (Phase 17)
  Global Optimization (Phase 18)
  Global Optimization (Phase 19)
  Global Optimization (Phase 20)
  Global Optimization (Phase 21)
  Global Optimization (Phase 22)
  Global Optimization (Phase 23)
  Global Optimization (Phase 24)
  Global Optimization (Phase 25)
  Global Optimization (Phase 26)
  Global Optimization (Phase 27)
  Global Optimization (Phase 28)
  Global Optimization (Phase 29)
  Global Optimization (Phase 30)
  Global Optimization (Phase 31)

  Beginning Isolate Ports
  -----------------------

  Beginning Delay Optimization
  ----------------------------
    0:09:58  497565.7      0.91     111.0   62023.0                           314210112.0000      0.00  
    0:10:17  502642.6      0.00       0.0   62023.0                           322767808.0000      0.00  
    0:10:17  502642.6      0.00       0.0   62023.0                           322767808.0000      0.00  
    0:10:19  502613.7      0.00       0.0   62023.0                           322720160.0000      0.00  
    0:10:42  498966.0      0.00       0.0   62023.0                           321583136.0000      0.00  
    0:10:49  497942.5      0.00       0.0   62023.0                           321222592.0000      0.00  

  Beginning WLM Backend Optimization
  --------------------------------------
    0:11:16  494133.5      0.00       0.0   62018.4                           316861248.0000      0.00  
    0:11:28  487439.0      0.00       0.0   62007.2                           310771680.0000      0.00  
    0:11:35  486598.8      0.00       0.0   62007.2                           311197760.0000      0.00  
    0:11:37  486137.1      0.00       0.0   62007.2                           310996064.0000      0.00  
    0:11:38  486137.1      0.00       0.0   62007.2                           310996064.0000      0.00  
    0:11:38  486137.1      0.00       0.0   62007.2                           310996064.0000      0.00  
    0:11:44  485152.6      0.00       0.0   62007.2                           307548416.0000      0.00  
    0:11:44  485152.6      0.00       0.0   62007.2                           307548416.0000      0.00  
    0:11:44  485152.6      0.00       0.0   62007.2                           307548416.0000      0.00  
    0:11:44  485152.6      0.00       0.0   62007.2                           307548416.0000      0.00  
    0:11:44  485152.6      0.00       0.0   62007.2                           307548416.0000      0.00  
    0:11:44  485152.6      0.00       0.0   62007.2                           307548416.0000      0.00  
    0:11:44  485152.6      0.00       0.0   62007.2                           307548416.0000      0.00  
    0:11:44  485152.6      0.00       0.0   62007.2                           307548416.0000      0.00  
    0:11:44  485152.6      0.00       0.0   62007.2                           307548416.0000      0.00  
    0:11:44  485152.6      0.00       0.0   62007.2                           307548416.0000      0.00  
    0:11:44  485152.6      0.00       0.0   62007.2                           307548416.0000      0.00  
    0:11:44  485152.6      0.00       0.0   62007.2                           307548416.0000      0.00  
    0:11:44  485152.6      0.00       0.0   62007.2                           307548416.0000      0.00  
    0:11:44  485152.6      0.00       0.0   62007.2                           307548416.0000      0.00  
    0:11:44  485152.6      0.00       0.0   62007.2                           307548416.0000      0.00  
    0:11:44  485152.6      0.00       0.0   62007.2                           307548416.0000      0.00  
    0:11:44  485152.6      0.00       0.0   62007.2                           307548416.0000      0.00  
    0:11:44  485152.6      0.00       0.0   62007.2                           307548416.0000      0.00  
    0:11:44  485152.6      0.00       0.0   62007.2                           307548416.0000      0.00  


  Beginning Design Rule Fixing  (max_transition)  (max_capacitance)
  ----------------------------

                                  TOTAL                                                            
   ELAPSED            WORST NEG   SETUP    DESIGN                              LEAKAGE   MIN DELAY 
    TIME      AREA      SLACK     COST    RULE COST         ENDPOINT            POWER      COST    
  --------- --------- --------- --------- --------- ------------------------- --------- -----------
    0:11:44  485152.6      0.00       0.0   62007.2                           307548416.0000      0.00  
  Global Optimization (Phase 32)
  Global Optimization (Phase 33)
  Global Optimization (Phase 34)
    0:11:48  486111.6      0.00       0.0       0.0                           308724160.0000      0.00  
    0:11:48  486111.6      0.00       0.0       0.0                           308724160.0000      0.00  


  Beginning Leakage Power Optimization  (max_leakage_power 0)
  ------------------------------------

                                  TOTAL                                                            
   ELAPSED            WORST NEG   SETUP    DESIGN                              LEAKAGE   MIN DELAY 
    TIME      AREA      SLACK     COST    RULE COST         ENDPOINT            POWER      COST    
  --------- --------- --------- --------- --------- ------------------------- --------- -----------
    0:11:48  486111.6      0.00       0.0       0.0                           308724160.0000      0.00  
    0:11:49  502323.5      0.00       0.0       0.0                           329809184.0000      0.00  
    0:11:49  502323.5      0.00       0.0       0.0                           329809184.0000      0.00  
    0:11:49  502323.5      0.00       0.0       0.0                           329809184.0000      0.00  
    0:12:07  491753.8      0.01       0.1       0.0                           299573472.0000      0.00  
    0:12:07  491753.8      0.01       0.1       0.0                           299573472.0000      0.00  
    0:12:08  491881.1      0.00       0.0       0.0                           299698688.0000      0.00  
    0:12:08  491881.1      0.00       0.0       0.0                           299698688.0000      0.00  
    0:12:08  491881.1      0.00       0.0       0.0                           299698688.0000      0.00  
    0:12:08  491881.1      0.00       0.0       0.0                           299698688.0000      0.00  
    0:12:08  491881.1      0.00       0.0       0.0                           299698688.0000      0.00  
    0:12:08  491881.1      0.00       0.0       0.0                           299698688.0000      0.00  
    0:12:08  491881.1      0.00       0.0       0.0                           299698688.0000      0.00  
    0:12:08  491881.1      0.00       0.0       0.0                           299698688.0000      0.00  
    0:12:08  491881.1      0.00       0.0       0.0                           299698688.0000      0.00  
    0:12:08  491881.1      0.00       0.0       0.0                           299698688.0000      0.00  
    0:12:08  491881.1      0.00       0.0       0.0                           299698688.0000      0.00  
    0:12:08  491881.1      0.00       0.0       0.0                           299698688.0000      0.00  
    0:12:08  491881.1      0.00       0.0       0.0                           299698688.0000      0.00  
    0:12:08  491881.1      0.00       0.0       0.0                           299698688.0000      0.00  
    0:12:08  491881.1      0.00       0.0       0.0                           299698688.0000      0.00  
    0:12:08  491881.1      0.00       0.0       0.0                           299698688.0000      0.00  
    0:12:08  491881.1      0.00       0.0       0.0                           299698688.0000      0.00  

                                  TOTAL                                                            
   ELAPSED            WORST NEG   SETUP    DESIGN                              LEAKAGE   MIN DELAY 
    TIME      AREA      SLACK     COST    RULE COST         ENDPOINT            POWER      COST    
  --------- --------- --------- --------- --------- ------------------------- --------- -----------
    0:12:12  491881.1      0.00       0.0       0.0                           299698688.0000      0.00  
    0:12:25  488959.8      0.00       0.0       0.0                           292941472.0000      0.00  
    0:12:25  488959.8      0.00       0.0       0.0                           292941472.0000      0.00  
    0:12:25  488959.8      0.00       0.0       0.0                           292941472.0000      0.00  
    0:12:31  488842.7      0.00       0.0       0.0                           292261440.0000      0.00  
    0:12:42  485220.5      0.00       0.0       0.0                           288803520.0000      0.00  
    0:12:49  484582.2      0.00       0.0       0.0                           288219616.0000      0.00  
    0:13:01  483628.3      0.00       0.0       0.0                           286257408.0000      0.00  
    0:13:01  483628.3      0.00       0.0       0.0                           286257408.0000      0.00  
    0:13:01  483628.3      0.00       0.0       0.0                           286257408.0000      0.00  
    0:13:01  483628.3      0.00       0.0       0.0                           286257408.0000      0.00  
    0:13:01  483628.3      0.00       0.0       0.0                           286257408.0000      0.00  
    0:13:01  483628.3      0.00       0.0       0.0                           286257408.0000      0.00  
    0:13:14  478575.1      0.00       0.0       1.3                           278445184.0000      0.00  
Loading db file '/home/raid7_2/course/cvsd/CBDK_IC_Contest/CIC/SynopsysDC/db/slow.db'


Note: Symbol # after min delay cost means estimated hold TNS across all active scenarios 


  Optimization Complete
  ---------------------
Information: State dependent leakage is now switched from off to on.
Information: Propagating switching activity (low effort zero delay simulation). (PWR-6)
1
optimize_netlist  -area 
Information: Performing power optimization. (PWR-850)
Alib files are up-to-date.

Information: There are 3 potential problems in your design. Please run 'check_design' for more information. (LINT-99)



  Updating timing information
Information: The library cell 'HOLDX1' in the library 'slow' is not characterized for internal power. (PWR-536)
Information: The target library(s) contains cell(s), other than black boxes, that are not characterized for internal power. (PWR-24)


  Beginning Area Optimization
  -----------------------------

                                  TOTAL                                                            
   ELAPSED            WORST NEG   SETUP    DESIGN                              LEAKAGE   MIN DELAY 
    TIME      AREA      SLACK     COST    RULE COST         ENDPOINT            POWER      COST    
  --------- --------- --------- --------- --------- ------------------------- --------- -----------
    0:00:05  478575.1      0.00       0.0       1.3                           278445184.0000      0.00  
    0:02:26  475207.5      0.00       0.0       1.3                           278491232.0000      0.00  
Loading db file '/home/raid7_2/course/cvsd/CBDK_IC_Contest/CIC/SynopsysDC/db/slow.db'


Note: Symbol # after min delay cost means estimated hold TNS across all active scenarios 


  Optimization Complete
  ---------------------
1
# Report Output
current_design [get_designs ${DESIGN}]
Current design is 'ed25519'.
{ed25519}
report_timing > "./Report/${DESIGN}_syn.timing"
report_timing -delay min -max_paths 10 > "./Report/${DESIGN}_syn.timing_min" 
report_timing -delay max -max_paths 10 > "./Report/${DESIGN}_syn.timing_max"
report_area -hierarchy > "./Report/${DESIGN}_syn.area"
report_clock_gating > "./Report/${DESIGN}_syn.cg"
# Output Design
current_design [get_designs ${DESIGN}]
Current design is 'ed25519'.
{ed25519}
set bus_inference_style {%s[%d]}
%s[%d]
set bus_naming_style {%s[%d]}
%s[%d]
set hdlout_internal_busses true
true
change_names -hierarchy -rule verilog
1
define_name_rules name_rule -allowed {a-z A-Z 0-9 _} -max_length 255 -type cell
1
define_name_rules name_rule -allowed {a-z A-Z 0-9 _[]} -max_length 255 -type net
1
define_name_rules name_rule -map {{"\\*cell\\*" "cell"}}
1
define_name_rules name_rule -case_insensitive
1
change_names -hierarchy -rules name_rule
1
remove_unconnected_ports -blast_buses [get_cells -hierarchical *]
Removing port 'a[255]' from design 'modular_mult'
Removing port 'res[255]' from design 'modular_mult'
1
set verilogout_higher_designs_first true
true
write -format ddc     -hierarchy -output "./Netlist/${DESIGN}_syn.ddc"
Writing ddc file './Netlist/ed25519_syn.ddc'.
1
write -format verilog -hierarchy -output "./Netlist/${DESIGN}_syn.v"
Writing verilog file '/home/raid7_2/user12/r2k41036/FINAL/02_SYN/Netlist/ed25519_syn.v'.
Warning: Verilog 'assign' or 'tran' statements are written out. (VO-4)
1
write_sdf -version 2.1  -context verilog -load_delay cell ./Netlist/${DESIGN}_syn.sdf
Information: Writing timing information to file '/home/raid7_2/user12/r2k41036/FINAL/02_SYN/Netlist/ed25519_syn.sdf'. (WT-3)
1
write_sdc  ./Netlist/${DESIGN}_syn.sdc -version 1.8
1
exit

Memory usage for this session 426 Mbytes.
Memory usage for this session including child processes 572 Mbytes.
CPU usage for this session 967 seconds ( 0.27 hours ).
Elapsed time for this session 1012 seconds ( 0.28 hours ).

Thank you...
