open_project /home/raid7_2/user12/r2k41036/NTU_CVSD2024/HW2/01_RTL/hw2.prj
# Started at 16:55:44, Completed at 16:55:54 (Elapsed time = 00:00:07.470)

current_goal lint/lint_rtl -top core
# Started at 16:56:08, Completed at 16:56:16 (Elapsed time = 00:00:05.959)

gui_select_message -rule W528 -msg {Variable 'ALUbusy_w' set but not read.[Hierarchy: ':core']}
# Started at 16:56:20, Completed at 16:56:20 (Elapsed time = 00:00:00.000)

run_goal
# Started at 18:06:55, Completed at 18:07:15 (Elapsed time = 00:00:19.380)

gui_select_message -rule STX_VE_561 -msg {Keyword 'endmodule' missing for module data_mem}
# Started at 18:07:20, Completed at 18:07:20 (Elapsed time = 00:00:00.000)

gui_select_message -rule STX_VE_606 -msg {Identifier ( testbed ) not declared in current scope}
# Started at 18:07:30, Completed at 18:07:30 (Elapsed time = 00:00:00.000)

gui_select_message -rule SYNTH_89 -msg {Initial Assignment at Declaration for ( clk ) is ignored by synthesis}
# Started at 18:07:35, Completed at 18:07:35 (Elapsed time = 00:00:00.000)

gui_select_message -rule STX_VE_561 -msg {Keyword 'endmodule' missing for module data_mem}
# Started at 18:07:43, Completed at 18:07:43 (Elapsed time = 00:00:00.009)

remove_file -type hdl
# Started at 18:08:06, Completed at 18:08:06 (Elapsed time = 00:00:00.009)

read_file -type hdl {../00_TB/define.v ../00_TB/data_mem.vp ./reg_file.v ./alu.v ./core.v}
# Started at 18:08:06, Completed at 18:08:06 (Elapsed time = 00:00:00.019)

remove_file -type hdl
# Started at 18:08:09, Completed at 18:08:09 (Elapsed time = 00:00:00.020)

read_file -type hdl {../00_TB/define.v ./reg_file.v ./alu.v ./core.v}
# Started at 18:08:09, Completed at 18:08:09 (Elapsed time = 00:00:00.030)

current_goal Design_Read -top core
# Started at 18:08:15, Completed at 18:08:19 (Elapsed time = 00:00:02.399)

current_goal lint/lint_rtl -top core
# Started at 18:08:29, Completed at 18:08:34 (Elapsed time = 00:00:05.589)

run_goal
# Started at 18:08:34, Completed at 18:08:54 (Elapsed time = 00:00:21.340)

current_goal lint/lint_rtl_enhanced -top core
# Started at 18:08:54, Completed at 18:09:00 (Elapsed time = 00:00:05.829)

run_goal
# Started at 18:09:00, Completed at 18:09:12 (Elapsed time = 00:00:12.590)

current_goal lint/lint_rtl -top core
# Started at 18:09:12, Completed at 18:09:18 (Elapsed time = 00:00:05.570)

gui_select_message -rule W287b -msg {Instance output port 'o_busy' is not connected}
# Started at 18:09:26, Completed at 18:09:26 (Elapsed time = 00:00:00.000)

gui_select_message -rule W287b -msg {Instance output port 'o_out_valid' is not connected}
# Started at 18:09:27, Completed at 18:09:27 (Elapsed time = 00:00:00.000)

gui_select_message -rule W287b -msg {Instance output port 'o_busy' is not connected}
# Started at 18:09:29, Completed at 18:09:29 (Elapsed time = 00:00:00.000)

gui_select_message -rule W287b -msg {Instance output port 'o_out_valid' is not connected}
# Started at 18:09:30, Completed at 18:09:30 (Elapsed time = 00:00:00.000)

gui_select_message -rule W287b -msg {Instance output port 'o_busy' is not connected}
# Started at 18:09:31, Completed at 18:09:31 (Elapsed time = 00:00:00.000)

gui_select_message -rule W287b -msg {Instance output port 'o_out_valid' is not connected}
# Started at 18:09:32, Completed at 18:09:32 (Elapsed time = 00:00:00.000)

gui_select_message -rule W287b -msg {Instance output port 'o_busy' is not connected}
# Started at 18:09:35, Completed at 18:09:35 (Elapsed time = 00:00:00.000)

save_project
# Started at 20:50:03, Completed at 20:50:03 (Elapsed time = 00:00:00.000)

