################################################################################
#
# This file has been generated by SpyGlass:
#     Report Created by: r2k41036
#     Report Created on: Wed Sep 18 11:33:12 2024
#     Working Directory: /home/raid7_2/user12/r2k41036/CVSD_2024/1131_hw1/01_RTL
#     Report Location  : ./spyglass-1/alu/lint/lint_rtl_enhanced/spyglass_reports/SpyGlass/elab_summary.rpt
#     SpyGlass Version : SpyGlass_vT-2022.06
#     Policy Name      : SpyGlass(SpyGlass_vT-2022.06)
#     Comment          : This report contains RTL and Elaborated names along with parameter values
#
################################################################################

================================================================================
Elaborated Name: 'alu'
    (RTL Design Unit name: 'alu', alu.v:1)
     Parameters (Total: 19)
         INST_W    = 4 (default: 4)
         INT_W     = 6 (default: 6)
         FRAC_W    = 10 (default: 10)
         DATA_W    = 16 (default: (INT_W + FRAC_W))
         RST       = 0 (default: 3'd0)
         INPUT     = 1 (default: 3'd1)
         CALC      = 2 (default: 3'd2)
         OUTPUT    = 3 (default: 3'd3)
         WRITEBACK = 4 (default: 3'd4)
         FXADD     = 0 (default: 4'b0000)
         FXSUB     = 1 (default: 4'b0001)
         FXMUL     = 2 (default: 4'b0010)
         FXACC     = 3 (default: 4'b0011)
         SOFTPLUS  = 4 (default: 4'b0100)
         XOR       = 5 (default: 4'b0101)
         ARSHIFT   = 6 (default: 4'b0110)
         LR        = 7 (default: 4'b0111)
         CLZ       = 8 (default: 4'b1000)
         RM4       = 9 (default: 4'b1001)
================================================================================
