
################################################################################
#
# This file has been generated by SpyGlass:
#     Report Name      : moresimple
#     Report Created by: r2k41036
#     Report Created on:  Wed Sep 18 11:33:12 2024
#     Working Directory: /home/raid7_2/user12/r2k41036/CVSD_2024/1131_hw1/01_RTL
#     SpyGlass Version : SpyGlass_vT-2022.06
#     Policy Name      : SpyGlass(SpyGlass_vT-2022.06)
#                        clock-reset(SpyGlass_vT-2022.06)
#                        erc(SpyGlass_vT-2022.06)
#                        latch(SpyGlass_vT-2022.06)
#                        lint(SpyGlass_vT-2022.06)
#                        morelint(SpyGlass_vT-2022.06)
#                        openmore(SpyGlass_vT-2022.06)
#                        power_est(SpyGlass_vT-2022.06)
#                        simulation(SpyGlass_vT-2022.06)
#                        starc(SpyGlass_vT-2022.06)
#                        starc2005(SpyGlass_vT-2022.06)
#                        txv(SpyGlass_vT-2022.06)
#
#     Total Number of Generated Messages :          4
#     Number of Waived Messages          :          0
#     Number of Reported Messages        :          4
#     Number of Overlimit Messages       :          0
#
#
################################################################################

+++++++++++++++++++++++++++++++++++++++++++++++++++++++++++++++++++++++
MORESIMPLE REPORT:


############### BuiltIn -> RuleGroup=Command-line read ###############
+++++++++++++++++++++++++++++++++++++++++++++++++++++++++++++++++++++++++++++++++++++++
ID       Rule                  Alias                 Severity    File                                                                                                                                 Line    Wt    Message
======================================================================================
[0]      CMD_overloadrule01    OverloadRuleUnused    Warning     /home/raid7_4/raid1_1/linux/synopsys/spyglass/2022.06/SPYGLASS_HOME/GuideWare/latest/block/rtl_handoff/lint/lint_rtl_enhanced.spq    369     10    Overload Specification for rule 'W339' has been ignored
+++++++++++++++++++++++++++++++++++++++++++++++++++++++++++++++++++++++++++++++++++++++


############### BuiltIn -> RuleGroup=Design Read ###############
+++++++++++++++++++++++++++++++++++++++++++++++++++++++++++++++++++++++++++++++++++++++
ID       Rule                    Alias                   Severity    File                                                                                  Line    Wt    Message
======================================================================================
[2]      DetectTopDesignUnits    DetectTopDesignUnits    Info        alu.v                                                                                 1       2     Module alu is a top level design unit
[1]      ElabSummary             ElabSummary             Info        ./spyglass-1/alu/lint/lint_rtl_enhanced/spyglass_reports/SpyGlass/elab_summary.rpt    0       2     Please refer file './spyglass-1/alu/lint/lint_rtl_enhanced/spyglass_reports/SpyGlass/elab_summary.rpt' for elab summary report
+++++++++++++++++++++++++++++++++++++++++++++++++++++++++++++++++++++++++++++++++++++++


############### Non-BuiltIn -> Goal=lint/lint_rtl_enhanced ###############
+++++++++++++++++++++++++++++++++++++++++++++++++++++++++++++++++++++++++++++++++++++++
ID       Rule                 Alias    Severity    File                                                                                Line    Wt    Message
======================================================================================
[3]      ReportPortInfo-ML             Info        ./spyglass-1/alu/lint/lint_rtl_enhanced/spyglass_reports/morelint/ReportPortInfo    1       2     Port Information for top design unit has been generated. For details see report ReportPortInfo.rpt
+++++++++++++++++++++++++++++++++++++++++++++++++++++++++++++++++++++++++++++++++++++++
