
################################################################################
#
# This file has been generated by SpyGlass:
#     Report Name      : no_msg_reporting_rules
#     Report Created by: r2k41036
#     Report Created on:  Mon Sep 23 20:21:20 2024
#     Working Directory: /home/raid7_2/user12/r2k41036/NTU_CVSD2024/1131_hw1/01_RTL
#     SpyGlass Version : SpyGlass_vT-2022.06
#     Policy Name      : SpyGlass(SpyGlass_vT-2022.06)
#                        clock-reset(SpyGlass_vT-2022.06)
#                        erc(SpyGlass_vT-2022.06)
#                        latch(SpyGlass_vT-2022.06)
#                        lint(SpyGlass_vT-2022.06)
#                        morelint(SpyGlass_vT-2022.06)
#                        openmore(SpyGlass_vT-2022.06)
#                        power_est(SpyGlass_vT-2022.06)
#                        simulation(SpyGlass_vT-2022.06)
#                        starc(SpyGlass_vT-2022.06)
#                        starc2005(SpyGlass_vT-2022.06)
#                        txv(SpyGlass_vT-2022.06)
#
#     Total Number of Generated Messages :          4
#     Number of Waived Messages          :          0
#     Number of Reported Messages        :          4
#     Number of Overlimit Messages       :          0
#
#
################################################################################

NO VIOLATION RULE REPORT :
++++++++++++++++++++++++++++++++++++++++++++++++++++++++++++++++++++++++++++++++

Following rules did not produce any violation or waived off during spyglass run

++++++++++++++++++++++++++++++++++++++++++++++++++++++++++++++++++++++++++++++++


================================================================================
	INDEX                                   RULE-NAME
================================================================================
	1                                  AutomaticFuncTask-ML
	2                                  BlockHeader
	3                                  BufClock
	4                                  CheckDelayTimescale-ML
	5                                  CombLoop
	6                                  DisallowCaseX-ML
	7                                  DuplicateCaseLabel-ML
	8                                  FlopClockConstant
	9                                  HdlLibDuCheck_03
	10                                 ImproperRangeIndex-ML
	11                                 InstPortConnType-ML
	12                                 LatchFeedback
	13                                 NoAssignX-ML
	14                                 NoFeedThrus-ML
	15                                 NoGenLabel-ML
	16                                 NoXInCase-ML
	17                                 ParamWidthMismatch-ML
	18                                 PragmaComments-ML
	19                                 ReserveName
	20                                 ReserveNameSystemVerilog-ML
	21                                 STARC-2.3.4.3
	22                                 STARC05-1.1.1.1
	23                                 STARC05-1.2.1.2
	24                                 STARC05-1.3.1.3
	25                                 STARC05-1.4.3.2
	26                                 STARC05-2.1.1.2
	27                                 STARC05-2.1.3.1
	28                                 STARC05-2.1.4.5
	29                                 STARC05-2.1.5.3
	30                                 STARC05-2.1.6.5
	31                                 STARC05-2.10.1.4a
	32                                 STARC05-2.10.1.4b
	33                                 STARC05-2.10.2.3
	34                                 STARC05-2.10.3.2a
	35                                 STARC05-2.11.3.1
	36                                 STARC05-2.2.3.1
	37                                 STARC05-2.2.3.3
	38                                 STARC05-2.3.1.2c
	39                                 STARC05-2.3.1.5b
	40                                 STARC05-2.3.1.6
	41                                 STARC05-2.3.4.1
	42                                 STARC05-2.3.4.1v
	43                                 STARC05-2.4.1.5
	44                                 STARC05-2.5.1.2
	45                                 STARC05-2.5.1.7
	46                                 STARC05-2.5.1.9
	47                                 STARC05-2.8.1.3
	48                                 STARC05-2.8.1.5
	49                                 STARC05-2.8.5.1
	50                                 STARC05-2.9.1.2a
	51                                 STARC05-2.9.1.2b
	52                                 SameControlNDataNet-ML
	53                                 SetBeforeRead-ML
	54                                 SigAssignZ-ML
	55                                 TristatePort-ML
	56                                 TristateSig-ML
	57                                 UndrivenInTerm-ML
	58                                 UndrivenNet-ML
	59                                 UndrivenOutPort-ML
	60                                 UnrecSynthDir-ML
	61                                 W110
	62                                 W110a
	63                                 W116
	64                                 W122
	65                                 W123
	66                                 W127
	67                                 W156
	68                                 W163
	69                                 W164a
	70                                 W164b
	71                                 W167
	72                                 W188
	73                                 W19
	74                                 W193
	75                                 W210
	76                                 W215
	77                                 W216
	78                                 W218
	79                                 W238
	80                                 W239
	81                                 W240
	82                                 W241
	83                                 W245
	84                                 W263
	85                                 W287a
	86                                 W287c
	87                                 W289
	88                                 W292
	89                                 W293
	90                                 W314
	91                                 W316
	92                                 W317
	93                                 W336
	94                                 W337
	95                                 W339a
	96                                 W342
	97                                 W343
	98                                 W352
	99                                 W362
	100                                W391
	101                                W392
	102                                W398
	103                                W401
	104                                W402b
	105                                W414
	106                                W415
	107                                W416
	108                                W421
	109                                W422
	110                                W423
	111                                W424
	112                                W426
	113                                W438
	114                                W442a
	115                                W442b
	116                                W442c
	117                                W442f
	118                                W443
	119                                W444
	120                                W450L
	121                                W464
	122                                W467
	123                                W479
	124                                W480
	125                                W481a
	126                                W481b
	127                                W486
	128                                W494
	129                                W496a
	130                                W496b
	131                                W499
	132                                W502
	133                                W505
	134                                W527
	135                                W552
	136                                W553
	137                                W561
	138                                W575
	139                                W576
	140                                W66
	141                                W71
	142                                badimplicitSM1
	143                                badimplicitSM2
	144                                badimplicitSM4
	145                                bothedges
	146                                infiniteloop
	147                                mixedsenselist
	148                                sim_race02
	149                                sim_race07
================================================================================
