################################################################################
#
# This file has been generated by SpyGlass:
#     Report Created by: r2k41036
#     Report Created on: Mon Oct  7 19:45:48 2024
#     Working Directory: /home/raid7_2/user12/r2k41036/NTU_CVSD2024/HW2/01_RTL
#     Report Location  : ./hw2_04Oct24_20.50/core/lint/lint_rtl_enhanced/spyglass_reports/SpyGlass/checksum.rpt
#     SpyGlass Version : SpyGlass_vT-2022.06
#     Policy Name      : SpyGlass(SpyGlass_vT-2022.06)
#     Comment          : This report contains md5sum of design file(s)
#
################################################################################

=====================================================================================
                         MD5SUM CHECKSUM OF DESIGN FILES 
=====================================================================================
MD5SUM CHECKSUM                   SOURCE              PATH OF DESIGN FILE       
-------------------------------------------------------------------------------------
8ac33652f1cd03df042ac4007ce60eac  1      /home/raid7_2/user12/r2k41036/NTU_CVSD2024/HW2/01_RTL/reg_file.v  
a3c0bae5feb7e79a403475a34965d007  1      /home/raid7_2/user12/r2k41036/NTU_CVSD2024/HW2/01_RTL/alu.v  
74873c5c80c9b3c6875ba49da5c45bc7  1      /home/raid7_2/user12/r2k41036/NTU_CVSD2024/HW2/01_RTL/core.v  
