
################################################################################
#
# This file has been generated by SpyGlass:
#     Report Name      : moresimple
#     Report Created by: r2k41036
#     Report Created on:  Mon Oct  7 19:45:46 2024
#     Working Directory: /home/raid7_2/user12/r2k41036/NTU_CVSD2024/HW2/01_RTL
#     SpyGlass Version : SpyGlass_vT-2022.06
#     Policy Name      : SpyGlass(SpyGlass_vT-2022.06)
#                        clock-reset(SpyGlass_vT-2022.06)
#                        erc(SpyGlass_vT-2022.06)
#                        latch(SpyGlass_vT-2022.06)
#                        lint(SpyGlass_vT-2022.06)
#                        morelint(SpyGlass_vT-2022.06)
#                        openmore(SpyGlass_vT-2022.06)
#                        power_est(SpyGlass_vT-2022.06)
#                        simulation(SpyGlass_vT-2022.06)
#                        starc(SpyGlass_vT-2022.06)
#                        starc2005(SpyGlass_vT-2022.06)
#                        txv(SpyGlass_vT-2022.06)
#
#     Total Number of Generated Messages :         16
#     Number of Waived Messages          :          0
#     Number of Reported Messages        :         16
#     Number of Overlimit Messages       :          0
#
#
################################################################################

+++++++++++++++++++++++++++++++++++++++++++++++++++++++++++++++++++++++
MORESIMPLE REPORT:


############### BuiltIn -> RuleGroup=Command-line read ###############
+++++++++++++++++++++++++++++++++++++++++++++++++++++++++++++++++++++++++++++++++++++++
ID       Rule                  Alias                 Severity    File                                                                                                                                 Line    Wt    Message
======================================================================================
[0]      CMD_overloadrule01    OverloadRuleUnused    Warning     /home/raid7_4/raid1_1/linux/synopsys/spyglass/2022.06/SPYGLASS_HOME/GuideWare/latest/block/rtl_handoff/lint/lint_rtl_enhanced.spq    369     10    Overload Specification for rule 'W339' has been ignored
+++++++++++++++++++++++++++++++++++++++++++++++++++++++++++++++++++++++++++++++++++++++


############### BuiltIn -> RuleGroup=Design Read ###############
+++++++++++++++++++++++++++++++++++++++++++++++++++++++++++++++++++++++++++++++++++++++
ID       Rule                    Alias                   Severity    File                                                                                          Line    Wt    Message
======================================================================================
[2]      DetectTopDesignUnits    DetectTopDesignUnits    Info        ./core.v                                                                                      1       2     Module core is a top level design unit
[1]      ElabSummary             ElabSummary             Info        ./hw2_04Oct24_20.50/core/lint/lint_rtl_enhanced/spyglass_reports/SpyGlass/elab_summary.rpt    0       2     Please refer file './hw2_04Oct24_20.50/core/lint/lint_rtl_enhanced/spyglass_reports/SpyGlass/elab_summary.rpt' for elab summary report
+++++++++++++++++++++++++++++++++++++++++++++++++++++++++++++++++++++++++++++++++++++++


############### Non-BuiltIn -> Goal=lint/lint_rtl_enhanced ###############
+++++++++++++++++++++++++++++++++++++++++++++++++++++++++++++++++++++++++++++++++++++++
ID       Rule                 Alias    Severity    File                                                                                        Line    Wt    Message
======================================================================================
[5]      W164a                         Warning     ./alu.v                                                                                     59      10    LHS: 'result_wait_r' width 32 is less than RHS: '(i_data_a + i_data_b)' width 33 in assignment [Hierarchy: ':core:u_alu@alu']
[6]      W164a                         Warning     ./alu.v                                                                                     67      10    LHS: 'result_wait_r' width 32 is less than RHS: '(i_data_a - i_data_b)' width 33 in assignment [Hierarchy: ':core:u_alu@alu']
[7]      W164a                         Warning     ./alu.v                                                                                     75      10    LHS: 'result_wait_r' width 32 is less than RHS: '(i_data_a + {{ 20{ i_imm[11]} }  ,i_imm})' width 33 in assignment [Hierarchy: ':core:u_alu@alu']
[8]      W164a                         Warning     ./alu.v                                                                                     84      10    LHS: 'result_wait_r' width 32 is less than RHS: '(i_data_a + {{ 20{ i_imm[11]} }  ,i_imm})' width 33 in assignment [Hierarchy: ':core:u_alu@alu']
[9]      W164a                         Warning     ./alu.v                                                                                     92      10    LHS: 'result_wait_r' width 32 is less than RHS: '(i_data_a + {{ 20{ i_imm[11]} }  ,i_imm})' width 33 in assignment [Hierarchy: ':core:u_alu@alu']
[A]      W164a                         Warning     ./alu.v                                                                                     125     10    LHS: 'result_wait_r' width 32 is less than RHS: '(i_data_a + {{ 20{ i_imm[11]} }  ,i_imm})' width 33 in assignment [Hierarchy: ':core:u_alu@alu']
[B]      W164a                         Warning     ./alu.v                                                                                     134     10    LHS: 'result_wait_r' width 32 is less than RHS: '(i_data_a + {{ 20{ i_imm[11]} }  ,i_imm})' width 33 in assignment [Hierarchy: ':core:u_alu@alu']
[C]      W164a                         Warning     ./alu.v                                                                                     341     10    LHS: 'mantissa_greater' width 48 is less than RHS: '(mantissa_a - mantissa_b_shifted)' width 49 in assignment [Hierarchy: ':core:u_alu@alu']
[D]      W164a                         Warning     ./alu.v                                                                                     343     10    LHS: 'leading_zeros' width 5 is less than RHS: 'count_leading_zeros48' width 6 in assignment [Hierarchy: ':core:u_alu@alu']
[E]      W164a                         Warning     ./alu.v                                                                                     345     10    LHS: 'leading_zeros' width 5 is less than RHS: 'exp_a' width 8 in assignment [Hierarchy: ':core:u_alu@alu']
[F]      W164a                         Warning     ./alu.v                                                                                     373     10    LHS: 'mantissa_greater' width 48 is less than RHS: '(mantissa_a + mantissa_b_shifted)' width 49 in assignment [Hierarchy: ':core:u_alu@alu']
[3]      W164a                         Warning     ./core.v                                                                                    130     10    LHS: 'ALUPCRes_i_w' width 32 is less than RHS: '(curr_pc + (imm_r << 1))' width 33 in assignment [Hierarchy: ':core']
[4]      ReportPortInfo-ML             Info        ./hw2_04Oct24_20.50/core/lint/lint_rtl_enhanced/spyglass_reports/morelint/ReportPortInfo    1       2     Port Information for top design unit has been generated. For details see report ReportPortInfo.rpt
+++++++++++++++++++++++++++++++++++++++++++++++++++++++++++++++++++++++++++++++++++++++
