################################################################################
#
# This file has been generated by SpyGlass:
#     Report Created by: r2k41036
#     Report Created on: Mon Oct 14 00:32:40 2024
#     Working Directory: /home/raid7_2/user12/r2k41036/NTU_CVSD2024/HW2/01_RTL
#     Report Location  : ./spyglass-1/core/lint/lint_rtl/spyglass_reports/SpyGlass/checksum.rpt
#     SpyGlass Version : SpyGlass_vT-2022.06
#     Policy Name      : SpyGlass(SpyGlass_vT-2022.06)
#     Comment          : This report contains md5sum of design file(s)
#
################################################################################

=====================================================================================
                         MD5SUM CHECKSUM OF DESIGN FILES 
=====================================================================================
MD5SUM CHECKSUM                   SOURCE              PATH OF DESIGN FILE       
-------------------------------------------------------------------------------------
5e9fb0d91e7b21839c5c778f93a14d3a  1      /home/raid7_2/user12/r2k41036/NTU_CVSD2024/HW2/01_RTL/alu.v  
8ac33652f1cd03df042ac4007ce60eac  1      /home/raid7_2/user12/r2k41036/NTU_CVSD2024/HW2/01_RTL/reg_file.v  
819668c1dba78ad591ce9b51c1fca9f5  1      /home/raid7_2/user12/r2k41036/NTU_CVSD2024/HW2/01_RTL/core.v  
