################################################################################
#
# This file has been generated by SpyGlass:
#     Report Created by: r2k41036
#     Report Created on: Mon Oct 14 00:44:36 2024
#     Working Directory: /home/raid7_2/user12/r2k41036/NTU_CVSD2024/HW2/01_RTL
#     Report Location  : ./spyglass-1/core/lint/lint_rtl_enhanced/spyglass_reports/SpyGlass/checksum.rpt
#     SpyGlass Version : SpyGlass_vT-2022.06
#     Policy Name      : SpyGlass(SpyGlass_vT-2022.06)
#     Comment          : This report contains md5sum of design file(s)
#
################################################################################

=====================================================================================
                         MD5SUM CHECKSUM OF DESIGN FILES 
=====================================================================================
MD5SUM CHECKSUM                   SOURCE              PATH OF DESIGN FILE       
-------------------------------------------------------------------------------------
1591c08bd39ee2625dffb45413dfad57  1      /home/raid7_2/user12/r2k41036/NTU_CVSD2024/HW2/01_RTL/alu.v  
8ac33652f1cd03df042ac4007ce60eac  1      /home/raid7_2/user12/r2k41036/NTU_CVSD2024/HW2/01_RTL/reg_file.v  
998de1cc0e39c26964e1716baabec9a3  1      /home/raid7_2/user12/r2k41036/NTU_CVSD2024/HW2/01_RTL/core.v  
