
################################################################################
#
# This file has been generated by SpyGlass:
#     Report Name      : moresimple
#     Report Created by: r2k41036
#     Report Created on:  Fri Oct  4 14:45:04 2024
#     Working Directory: /home/raid7_2/user12/r2k41036/NTU_CVSD2024/HW2/01_RTL
#     SpyGlass Version : SpyGlass_vT-2022.06
#     Policy Name      : SpyGlass(SpyGlass_vT-2022.06)
#                        clock-reset(SpyGlass_vT-2022.06)
#                        erc(SpyGlass_vT-2022.06)
#                        latch(SpyGlass_vT-2022.06)
#                        lint(SpyGlass_vT-2022.06)
#                        morelint(SpyGlass_vT-2022.06)
#                        openmore(SpyGlass_vT-2022.06)
#                        power_est(SpyGlass_vT-2022.06)
#                        simulation(SpyGlass_vT-2022.06)
#                        starc(SpyGlass_vT-2022.06)
#                        starc2005(SpyGlass_vT-2022.06)
#                        txv(SpyGlass_vT-2022.06)
#
#     Total Number of Generated Messages :         22
#     Number of Waived Messages          :          0
#     Number of Reported Messages        :         22
#     Number of Overlimit Messages       :          0
#
#
################################################################################

+++++++++++++++++++++++++++++++++++++++++++++++++++++++++++++++++++++++
MORESIMPLE REPORT:


############### BuiltIn -> RuleGroup=Command-line read ###############
+++++++++++++++++++++++++++++++++++++++++++++++++++++++++++++++++++++++++++++++++++++++
ID       Rule                  Alias                 Severity    File                                                                                                                                 Line    Wt    Message
======================================================================================
[0]      CMD_overloadrule01    OverloadRuleUnused    Warning     /home/raid7_4/raid1_1/linux/synopsys/spyglass/2022.06/SPYGLASS_HOME/GuideWare/latest/block/rtl_handoff/lint/lint_rtl_enhanced.spq    369     10    Overload Specification for rule 'W339' has been ignored
+++++++++++++++++++++++++++++++++++++++++++++++++++++++++++++++++++++++++++++++++++++++


############### BuiltIn -> RuleGroup=Design Read ###############
+++++++++++++++++++++++++++++++++++++++++++++++++++++++++++++++++++++++++++++++++++++++
ID       Rule                    Alias                   Severity    File                                                                                   Line    Wt    Message
======================================================================================
[2]      DetectTopDesignUnits    DetectTopDesignUnits    Info        ./core.v                                                                               1       2     Module core is a top level design unit
[1]      ElabSummary             ElabSummary             Info        ./spyglass-1/core/lint/lint_rtl_enhanced/spyglass_reports/SpyGlass/elab_summary.rpt    0       2     Please refer file './spyglass-1/core/lint/lint_rtl_enhanced/spyglass_reports/SpyGlass/elab_summary.rpt' for elab summary report
+++++++++++++++++++++++++++++++++++++++++++++++++++++++++++++++++++++++++++++++++++++++


############### Non-BuiltIn -> Goal=lint/lint_rtl_enhanced ###############
+++++++++++++++++++++++++++++++++++++++++++++++++++++++++++++++++++++++++++++++++++++++
ID       Rule                 Alias    Severity    File                                                                                 Line    Wt    Message
======================================================================================
[5]      W164a                         Warning     ./alu.v                                                                              59      10    LHS: 'result_wait_r' width 32 is less than RHS: '(i_data_a + i_data_b)' width 33 in assignment [Hierarchy: ':core:u_alu@alu']
[6]      W164a                         Warning     ./alu.v                                                                              66      10    LHS: 'result_wait_r' width 32 is less than RHS: '(i_data_a - i_data_b)' width 33 in assignment [Hierarchy: ':core:u_alu@alu']
[7]      W164a                         Warning     ./alu.v                                                                              73      10    LHS: 'result_wait_r' width 32 is less than RHS: '(i_data_a + {{ 20{ i_imm[11]} }  ,i_imm})' width 33 in assignment [Hierarchy: ':core:u_alu@alu']
[8]      W164a                         Warning     ./alu.v                                                                              81      10    LHS: 'result_wait_r' width 32 is less than RHS: '(i_data_a + {{ 20{ i_imm[11]} }  ,i_imm})' width 33 in assignment [Hierarchy: ':core:u_alu@alu']
[9]      W164a                         Warning     ./alu.v                                                                              88      10    LHS: 'result_wait_r' width 32 is less than RHS: '(i_data_a + {{ 20{ i_imm[11]} }  ,i_imm})' width 33 in assignment [Hierarchy: ':core:u_alu@alu']
[A]      W164a                         Warning     ./alu.v                                                                              120     10    LHS: 'result_wait_r' width 32 is less than RHS: '(i_data_a + {{ 20{ i_imm[11]} }  ,i_imm})' width 33 in assignment [Hierarchy: ':core:u_alu@alu']
[B]      W164a                         Warning     ./alu.v                                                                              127     10    LHS: 'result_wait_r' width 32 is less than RHS: '(i_data_a + {{ 20{ i_imm[11]} }  ,i_imm})' width 33 in assignment [Hierarchy: ':core:u_alu@alu']
[C]      W164a                         Warning     ./alu.v                                                                              342     10    LHS: 'mantissa_greater' width 48 is less than RHS: '(mantissa_a - (mantissa_b >> (exp_a - exp_b)))' width 49 in assignment [Hierarchy: ':core:u_alu@alu']
[D]      W164a                         Warning     ./alu.v                                                                              347     10    LHS: 'mantissa_greater' width 48 is less than RHS: '(mantissa_b - (mantissa_a >> (exp_b - exp_a)))' width 49 in assignment [Hierarchy: ':core:u_alu@alu']
[E]      W164a                         Warning     ./alu.v                                                                              353     10    LHS: 'mantissa_greater' width 48 is less than RHS: '(mantissa_a - mantissa_b)' width 49 in assignment [Hierarchy: ':core:u_alu@alu']
[F]      W164a                         Warning     ./alu.v                                                                              358     10    LHS: 'mantissa_greater' width 48 is less than RHS: '(mantissa_b - mantissa_a)' width 49 in assignment [Hierarchy: ':core:u_alu@alu']
[10]     W164a                         Warning     ./alu.v                                                                              367     10    LHS: 'leading_zeros' width 5 is less than RHS: 'count_leading_zeros48' width 6 in assignment [Hierarchy: ':core:u_alu@alu']
[11]     W164a                         Warning     ./alu.v                                                                              374     10    LHS: 'exp_greater' width 8 is less than RHS: '(exp_greater + mantissa_greater[((FRAC_W * 2) + 1)])' width 9 in assignment [Hierarchy: ':core:u_alu@alu']
[12]     W164a                         Warning     ./alu.v                                                                              398     10    LHS: 'mantissa_greater' width 48 is less than RHS: '(mantissa_a + (mantissa_b >> (exp_a - exp_b)))' width 49 in assignment [Hierarchy: ':core:u_alu@alu']
[13]     W164a                         Warning     ./alu.v                                                                              403     10    LHS: 'mantissa_greater' width 48 is less than RHS: '(mantissa_b + (mantissa_a >> (exp_b - exp_a)))' width 49 in assignment [Hierarchy: ':core:u_alu@alu']
[14]     W164a                         Warning     ./alu.v                                                                              410     10    LHS: 'leading_zeros' width 5 is less than RHS: 'count_leading_zeros48' width 6 in assignment [Hierarchy: ':core:u_alu@alu']
[15]     W164a                         Warning     ./alu.v                                                                              411     10    LHS: 'exp_greater' width 8 is less than RHS: '(exp_greater + mantissa_greater[((FRAC_W * 2) + 1)])' width 9 in assignment [Hierarchy: ':core:u_alu@alu']
[3]      W164a                         Warning     ./core.v                                                                             132     10    LHS: 'ALUPCRes_i_w' width 32 is less than RHS: '(curr_pc + (imm_r << 1))' width 33 in assignment [Hierarchy: ':core']
[4]      ReportPortInfo-ML             Info        ./spyglass-1/core/lint/lint_rtl_enhanced/spyglass_reports/morelint/ReportPortInfo    1       2     Port Information for top design unit has been generated. For details see report ReportPortInfo.rpt
+++++++++++++++++++++++++++++++++++++++++++++++++++++++++++++++++++++++++++++++++++++++
