SpyGlass Predictive Analyzer(R) - SpyGlass_vT-2022.06
All Rights Reserved. Use, disclosure or duplication 
without prior written permission of Synopsys Inc. is prohibited.
Technical support: email spyglass_support@synopsys.com 

Creating 'html' reports using config file '/tmp/config_246270'
##cwd         : /home/raid7_2/user12/r2k41036/NTU_CVSD2024/HW2/01_RTL
##system      : Linux cad27 3.10.0-1160.el7.x86_64 #1 SMP Mon Oct 19 16:18:59 UTC 2020 x86_64 x86_64 x86_64 GNU/Linux
##Date & Time : Fri Oct  4 18:09:28 2024
Checkout 'dashboard' license at Fri Oct  4 18:09:26 2024 
Checkout 'dashboard' license completed at Fri Oct  4 18:09:27 2024 
Generating HTML report started at Fri Oct  4 18:09:27 2024 
Checking project file /home/raid7_2/user12/r2k41036/NTU_CVSD2024/HW2/01_RTL/hw2.prj at Fri Oct  4 18:09:27 2024 
Processing Project File:/home/raid7_2/user12/r2k41036/NTU_CVSD2024/HW2/01_RTL/hw2.prj 
     Work Directory:/home/raid7_2/user12/r2k41036/NTU_CVSD2024/HW2/01_RTL/hw2 
     Top Name: core 
     Group Mode: 0 
     Methodology:/home/raid7_4/raid1_1/linux/synopsys/spyglass/2022.06/SPYGLASS_HOME/GuideWare/2022.06/block/rtl_handoff 
    Goals executed: lint/lint_rtl::,lint/lint_rtl_enhanced:: 
 
Ignoring /home/raid7_2/user12/r2k41036/NTU_CVSD2024/HW2/01_RTL/hw2/core/lint/lint_rtl/spyglass.log and correspondig reports as pre-existing file /home/raid7_2/user12/r2k41036/NTU_CVSD2024/HW2/01_RTL/hw2/html_reports/data_files/core_lint-lint_rtl_spyglass.log seems up-to-date 
Ignoring /home/raid7_2/user12/r2k41036/NTU_CVSD2024/HW2/01_RTL/hw2/core/lint/lint_rtl_enhanced/spyglass.log and correspondig reports as pre-existing file /home/raid7_2/user12/r2k41036/NTU_CVSD2024/HW2/01_RTL/hw2/html_reports/data_files/core_lint-lint_rtl_enhanced_spyglass.log seems up-to-date 
HTML Report creation completed at Fri Oct  4 18:09:28 2024 
Checkin 'dashboard' license at Fri Oct  4 18:09:28 2024 
----------------------------------------------------------------
Report 'html' created.
  File: /home/raid7_2/user12/r2k41036/NTU_CVSD2024/HW2/01_RTL/hw2/html_reports/goals_summary.html 
----------------------------------------------------------------

SpyGlass Exit Code 0
