SpyGlass Predictive Analyzer(R) - SpyGlass_vT-2022.06
All Rights Reserved. Use, disclosure or duplication 
without prior written permission of Synopsys Inc. is prohibited.
Technical support: email spyglass_support@synopsys.com 

Creating 'datasheet' reports using config file '/tmp/config_198390'
##cwd         : /home/raid7_2/user12/r2k41036/NTU_CVSD2024/HW2/01_RTL
##system      : Linux cad27 3.10.0-1160.el7.x86_64 #1 SMP Mon Oct 19 16:18:59 UTC 2020 x86_64 x86_64 x86_64 GNU/Linux
##Date & Time : Mon Oct  7 19:48:32 2024
Checkout 'datasheet' license at Mon Oct  7 19:48:32 2024 
Checkout 'datasheet' license completed at Mon Oct  7 19:48:32 2024 
Starting Generating DataSheet report at Mon Oct  7 19:48:32 2024 
Checking project file /home/raid7_2/user12/r2k41036/NTU_CVSD2024/HW2/01_RTL/hw2_04Oct24_20.50.prj at Mon Oct  7 19:48:32 2024 
Processing Project File:/home/raid7_2/user12/r2k41036/NTU_CVSD2024/HW2/01_RTL/hw2_04Oct24_20.50.prj 
     Work Directory:/home/raid7_2/user12/r2k41036/NTU_CVSD2024/HW2/01_RTL/hw2_04Oct24_20.50 
     Top Name: core 
     Group Mode: 0 
     Methodology:/home/raid7_4/raid1_1/linux/synopsys/spyglass/2022.06/SPYGLASS_HOME/GuideWare/2022.06/block/rtl_handoff 
    Goals executed: lint/lint_rtl::,lint/lint_rtl_enhanced:: 
        Found data file /home/raid7_2/user12/r2k41036/NTU_CVSD2024/HW2/01_RTL/hw2_04Oct24_20.50/core//lint/lint_rtl/spyglass_spysch/morelint/PragmaComments 
 Data file /home/raid7_2/user12/r2k41036/NTU_CVSD2024/HW2/01_RTL/hw2_04Oct24_20.50/core//lint/lint_rtl/spyglass_spysch/morelint/PragmaComments seems to be empty 
        Found data file /home/raid7_2/user12/r2k41036/NTU_CVSD2024/HW2/01_RTL/hw2_04Oct24_20.50/core//lint/lint_rtl/spyglass_spysch/morelint/RegInputOutput 
        Found data file /home/raid7_2/user12/r2k41036/NTU_CVSD2024/HW2/01_RTL/hw2_04Oct24_20.50/core//lint/lint_rtl/spyglass_spysch/morelint/ReportPorts 
        Found data file /home/raid7_2/user12/r2k41036/NTU_CVSD2024/HW2/01_RTL/hw2_04Oct24_20.50/core//lint/lint_rtl_enhanced/spyglass_spysch/morelint/PragmaComments 
 Data file /home/raid7_2/user12/r2k41036/NTU_CVSD2024/HW2/01_RTL/hw2_04Oct24_20.50/core//lint/lint_rtl_enhanced/spyglass_spysch/morelint/PragmaComments seems to be empty 
        Found data file /home/raid7_2/user12/r2k41036/NTU_CVSD2024/HW2/01_RTL/hw2_04Oct24_20.50/core//lint/lint_rtl_enhanced/spyglass_spysch/morelint/ReportPorts 
Taking file /home/raid7_2/user12/r2k41036/NTU_CVSD2024/HW2/01_RTL/hw2_04Oct24_20.50/core//lint/lint_rtl/spyglass_spysch/morelint/ReportPorts for ReportPorts data 
Taking file /home/raid7_2/user12/r2k41036/NTU_CVSD2024/HW2/01_RTL/hw2_04Oct24_20.50/core//lint/lint_rtl/spyglass_spysch/morelint/RegInputOutput for RegInputOutput data 
DataSheet report processing completed at Mon Oct  7 19:48:32 2024 
Checking in 'datasheet' license at Mon Oct  7 19:48:32 2024 
Checking in 'datasheet' license completed at Mon Oct  7 19:48:32 2024 
----------------------------------------------------------------
Report 'datasheet' created.
  File: /home/raid7_2/user12/r2k41036/NTU_CVSD2024/HW2/01_RTL/hw2_04Oct24_20.50/html_reports/datasheet.html 
----------------------------------------------------------------

SpyGlass Exit Code 0
