################################################################################
#
# This file has been generated by SpyGlass:
#     Report Created by: r2k41036
#     Report Created on: Sun Oct 20 19:37:53 2024
#     Working Directory: /home/raid7_2/user12/r2k41036/NTU_CVSD2024/HW3/01_RTL
#     Report Location  : ./spyglass-1/core/Design_Read/spyglass_reports/SpyGlass/ignore_summary.rpt
#     SpyGlass Version : SpyGlass_vT-2022.06
#     Policy Name      : SpyGlass(SpyGlass_vT-2022.06)
#     Comment          : This report tells about the various ignorefile/ignoredu specifications given by user
#
################################################################################

Design units ignored by ignoredu/ignorefile options
++++++++++++++++++++++++++++++++++++++++++++++++++++++++++++++++++++++++++++++++


Files ignored by ignorefile options
++++++++++++++++++++++++++++++++++++++++++++++++++++++++++++++++++++++++++++++++


Unused ignorefile/ignoredu specification(s)
++++++++++++++++++++++++++++++++++++++++++++++++++++++++++++++++++++++++++++++++

ignoredu "srasram_256x8"

Above ignorefile/ignoredu specification(s) might not have been used in current analysis due
to any of the following reasons :

1. Design unit specified by "ignoredu" has no definition or not part of analyzed hierarchy
2. Files specified by "ignorefile" do not exist
3. Files specified by "ignorefile" have been specified for precompiled files
4. ignorefile/ignoredu specification has not been used as it might be overlapping with ignorefile/ignoredu specification

