
################################################################################
#
# This file has been generated by SpyGlass:
#     Report Name      : moresimple
#     Report Created by: r2k41036
#     Report Created on:  Sun Oct 20 19:37:53 2024
#     Working Directory: /home/raid7_2/user12/r2k41036/NTU_CVSD2024/HW3/01_RTL
#     SpyGlass Version : SpyGlass_vT-2022.06
#     Policy Name      : SpyGlass(SpyGlass_vT-2022.06)
#
#     Total Number of Generated Messages :          4
#     Number of Waived Messages          :          0
#     Number of Reported Messages        :          4
#     Number of Overlimit Messages       :          0
#
#
################################################################################

+++++++++++++++++++++++++++++++++++++++++++++++++++++++++++++++++++++++
MORESIMPLE REPORT:


############### BuiltIn -> RuleGroup=Design Read ###############
+++++++++++++++++++++++++++++++++++++++++++++++++++++++++++++++++++++++++++++++++++++++
ID       Rule                    Alias                   Severity    File                                                                          Line    Wt    Message
======================================================================================
[2]      DetectTopDesignUnits    DetectTopDesignUnits    Info        core.v                                                                        2       2     Module core is a top level design unit
[3]      CheckCelldefine         CheckCelldefine         Info        N.A.                                                                          0       10    Rule-checking skipped on verilog celldefine modules present in the current run. If you want to check these modules, please specify 'check_celldefine' option
[1]      ElabSummary             ElabSummary             Info        ./spyglass-1/core/Design_Read/spyglass_reports/SpyGlass/elab_summary.rpt      0       2     Please refer file './spyglass-1/core/Design_Read/spyglass_reports/SpyGlass/elab_summary.rpt' for elab summary report
[0]      ReportIgnoreSummary     ReportIgnoreSummary     Info        ./spyglass-1/core/Design_Read/spyglass_reports/SpyGlass/ignore_summary.rpt    0       10    Design option(s) ignorefile/ignoredu specified. Please see ./spyglass-1/core/Design_Read/spyglass_reports/SpyGlass/ignore_summary.rpt to know the design files/design units which have been ignored
+++++++++++++++++++++++++++++++++++++++++++++++++++++++++++++++++++++++++++++++++++++++
