
################################################################################
#
# This file has been generated by SpyGlass:
#     Report Name      : no_msg_reporting_rules
#     Report Created by: r2k41036
#     Report Created on:  Sun Oct 20 19:37:53 2024
#     Working Directory: /home/raid7_2/user12/r2k41036/NTU_CVSD2024/HW3/01_RTL
#     SpyGlass Version : SpyGlass_vT-2022.06
#     Policy Name      : SpyGlass(SpyGlass_vT-2022.06)
#
#     Total Number of Generated Messages :          4
#     Number of Waived Messages          :          0
#     Number of Reported Messages        :          4
#     Number of Overlimit Messages       :          0
#
#
################################################################################

NO VIOLATION RULE REPORT :
++++++++++++++++++++++++++++++++++++++++++++++++++++++++++++++++++++++++++++++++

Following rules did not produce any violation or waived off during spyglass run

++++++++++++++++++++++++++++++++++++++++++++++++++++++++++++++++++++++++++++++++


================================================================================
	INDEX                                   RULE-NAME
================================================================================
	1                                  ReportDeprecatedRules
	2                                  ReportObsoleteRules
	3                                  ZeroSizeFile
================================================================================
