
################################################################################
#
# This file has been generated by SpyGlass:
#     Report Name      : no_msg_reporting_rules
#     Report Created by: r2k41036
#     Report Created on:  Fri Oct  4 18:09:06 2024
#     Working Directory: /home/raid7_2/user12/r2k41036/NTU_CVSD2024/HW2/01_RTL
#     SpyGlass Version : SpyGlass_vT-2022.06
#     Policy Name      : SpyGlass(SpyGlass_vT-2022.06)
#                        erc(SpyGlass_vT-2022.06)
#                        latch(SpyGlass_vT-2022.06)
#                        lint(SpyGlass_vT-2022.06)
#                        morelint(SpyGlass_vT-2022.06)
#                        openmore(SpyGlass_vT-2022.06)
#                        simulation(SpyGlass_vT-2022.06)
#                        starc(SpyGlass_vT-2022.06)
#                        starc2005(SpyGlass_vT-2022.06)
#
#     Total Number of Generated Messages :         22
#     Number of Waived Messages          :          0
#     Number of Reported Messages        :         22
#     Number of Overlimit Messages       :          0
#
#
################################################################################

NO VIOLATION RULE REPORT :
++++++++++++++++++++++++++++++++++++++++++++++++++++++++++++++++++++++++++++++++

Following rules did not produce any violation or waived off during spyglass run

++++++++++++++++++++++++++++++++++++++++++++++++++++++++++++++++++++++++++++++++


================================================================================
	INDEX                                   RULE-NAME
================================================================================
	1                                  AutomaticFuncTask-ML
	2                                  BlockHeader
	3                                  BufClock
	4                                  CheckDelayTimescale-ML
	5                                  CombLoop
	6                                  DisallowCaseX-ML
	7                                  DuplicateCaseLabel-ML
	8                                  FlopClockConstant
	9                                  HdlLibDuCheck_03
	10                                 ImproperRangeIndex-ML
	11                                 InstPortConnType-ML
	12                                 LatchFeedback
	13                                 NoAssignX-ML
	14                                 NoFeedThrus-ML
	15                                 NoGenLabel-ML
	16                                 NoXInCase-ML
	17                                 ParamWidthMismatch-ML
	18                                 PragmaComments-ML
	19                                 ReserveName
	20                                 ReserveNameSystemVerilog-ML
	21                                 STARC-2.3.4.3
	22                                 STARC05-1.1.1.1
	23                                 STARC05-1.2.1.2
	24                                 STARC05-1.3.1.3
	25                                 STARC05-1.4.3.2
	26                                 STARC05-2.1.1.2
	27                                 STARC05-2.1.3.1
	28                                 STARC05-2.1.4.5
	29                                 STARC05-2.1.5.3
	30                                 STARC05-2.1.6.5
	31                                 STARC05-2.10.1.4a
	32                                 STARC05-2.10.1.4b
	33                                 STARC05-2.10.2.3
	34                                 STARC05-2.10.3.2a
	35                                 STARC05-2.11.3.1
	36                                 STARC05-2.2.3.1
	37                                 STARC05-2.2.3.3
	38                                 STARC05-2.3.1.2c
	39                                 STARC05-2.3.1.5b
	40                                 STARC05-2.3.1.6
	41                                 STARC05-2.3.4.1
	42                                 STARC05-2.3.4.1v
	43                                 STARC05-2.4.1.5
	44                                 STARC05-2.5.1.2
	45                                 STARC05-2.5.1.7
	46                                 STARC05-2.5.1.9
	47                                 STARC05-2.8.1.3
	48                                 STARC05-2.8.1.5
	49                                 STARC05-2.8.5.1
	50                                 STARC05-2.9.1.2a
	51                                 STARC05-2.9.1.2b
	52                                 SameControlNDataNet-ML
	53                                 SetBeforeRead-ML
	54                                 SigAssignZ-ML
	55                                 TristatePort-ML
	56                                 TristateSig-ML
	57                                 UndrivenInTerm-ML
	58                                 UndrivenNet-ML
	59                                 UndrivenOutPort-ML
	60                                 UnrecSynthDir-ML
	61                                 W110
	62                                 W110a
	63                                 W116
	64                                 W122
	65                                 W123
	66                                 W127
	67                                 W156
	68                                 W163
	69                                 W164b
	70                                 W167
	71                                 W188
	72                                 W19
	73                                 W193
	74                                 W210
	75                                 W215
	76                                 W216
	77                                 W218
	78                                 W238
	79                                 W239
	80                                 W240
	81                                 W241
	82                                 W245
	83                                 W263
	84                                 W287a
	85                                 W287c
	86                                 W289
	87                                 W292
	88                                 W293
	89                                 W314
	90                                 W316
	91                                 W317
	92                                 W336
	93                                 W337
	94                                 W339a
	95                                 W342
	96                                 W343
	97                                 W352
	98                                 W362
	99                                 W391
	100                                W392
	101                                W398
	102                                W401
	103                                W402b
	104                                W414
	105                                W415
	106                                W416
	107                                W421
	108                                W422
	109                                W423
	110                                W424
	111                                W426
	112                                W438
	113                                W442a
	114                                W442b
	115                                W442c
	116                                W442f
	117                                W443
	118                                W444
	119                                W450L
	120                                W464
	121                                W467
	122                                W479
	123                                W480
	124                                W481a
	125                                W481b
	126                                W486
	127                                W494
	128                                W496a
	129                                W496b
	130                                W499
	131                                W502
	132                                W505
	133                                W527
	134                                W552
	135                                W553
	136                                W561
	137                                W575
	138                                W576
	139                                W66
	140                                W71
	141                                badimplicitSM1
	142                                badimplicitSM2
	143                                badimplicitSM4
	144                                bothedges
	145                                infiniteloop
	146                                mixedsenselist
	147                                sim_race02
	148                                sim_race07
================================================================================
