
Cadence Innovus(TM) Implementation System.
Copyright 2017 Cadence Design Systems, Inc. All rights reserved worldwide.

Version:	v17.11-s080_1, built Fri Aug 4 11:13:11 PDT 2017
Options:	
Date:		Fri Dec 13 21:28:09 2024
Host:		cad27 (x86_64 w/Linux 3.10.0-1160.el7.x86_64) (8cores*32cpus*Intel(R) Xeon(R) Silver 4110 CPU @ 2.10GHz 11264KB)
OS:		CentOS Linux release 7.9.2009 (Core)

License:
		invs	Innovus Implementation System	17.1	checkout succeeded
		8 CPU jobs allowed with the current license(s). Use setMultiCpuUsage to set your required CPU count.
Change the soft stacksize limit to 0.2%RAM (256 mbytes). Set global soft_stack_size_limit to change the value.

**INFO:  MMMC transition support version v31-84 

<CMD> set_global _enable_mmmc_by_default_flow      $CTE::mmmc_default
<CMD> suppressMessage ENCEXT-2799
<CMD> getDrawView
<CMD> loadWorkspace -name Physical
<CMD> win
**ERROR: (IMPCCOPT-2065):	The command 'set_db' can only be used for keyless properties until a design is loaded. The property 'cts_buffer_cells' is keyed.
**ERROR: (IMPCCOPT-2065):	The command 'set_db' can only be used for keyless properties until a design is loaded. The property 'cts_inverter_cells' is keyed.
**ERROR: (IMPCCOPT-2065):	The command 'set_db' can only be used for keyless properties until a design is loaded. The property 'cts_clock_gating_cells' is keyed.
**ERROR: (IMPCCOPT-2065):	The command 'set_db' can only be used for keyless properties until a design is loaded. The property 'cts_use_inverters' is keyed.
**ERROR: (IMPCCOPT-2065):	The command 'set_db' can only be used for keyless properties until a design is loaded. The property 'cts_target_max_transition_time' is keyed.
**ERROR: (IMPCCOPT-2065):	The command 'set_db' can only be used for keyless properties until a design is loaded. The property 'cts_target_max_transition_time_trunk' is keyed.
**ERROR: (IMPCCOPT-2065):	The command 'set_db' can only be used for keyless properties until a design is loaded. The property 'cts_target_max_transition_time_leaf' is keyed.
**ERROR: (IMPCCOPT-2065):	The command 'set_db' can only be used for keyless properties until a design is loaded. The property 'cts_target_skew' is keyed.
<CMD> set ::TimeLib::tsgMarkCellLatchConstructFlag 1
<CMD> set conf_qxconf_file NULL
<CMD> set conf_qxlib_file NULL
<CMD> set defHierChar /
<CMD> set distributed_client_message_echo 1
<CMD> set distributed_mmmc_disable_reports_auto_redirection 0
<CMD> set eco_post_client_restore_command {update_timing ; write_eco_opt_db ;}
<CMD> set enc_enable_print_mode_command_reset_options 1
<CMD> set init_gnd_net VSS
<CMD> set init_lef_file {../library/lef/tsmc13fsg_8lm_cic.lef ../library/lef/antenna_8.lef}
<CMD> set init_mmmc_file ../design_data/MMMC/mmmc.view
<CMD> set init_pwr_net VDD
<CMD> set init_top_cell ed25519
<CMD> set init_verilog ../design_data/core_design/ed25519_syn.v
<CMD> set latch_time_borrow_mode max_borrow
<CMD> set pegDefaultResScaleFactor 1
<CMD> set pegDetailResScaleFactor 1
<CMD> set report_inactive_arcs_format {from to when arc_type sense reason}
<CMD> set soft_stack_size_limit 96
<CMD> set tso_post_client_restore_command {update_timing ; write_eco_opt_db ;}
<CMD> set init_verilog ../design_data/core_design/ed25519_syn5102_enhance.v
<CMD> init_design
#% Begin Load MMMC data ... (date=12/13 21:31:46, mem=434.1M)
**ERROR: (TCLCMD-989):	cannot open SDC file '../design_data/core_design/ed25519_syn.sdc' for mode 'func_mode'
<CMD> init_design
% Begin Load MMMC data ... (date=12/13 21:33:28, mem=434.1M)
% End Load MMMC data ... (date=12/13 21:33:28, total cpu=0:00:00.0, real=0:00:00.0, peak res=434.2M, current mem=434.2M)
RC_corner

Loading LEF file ../library/lef/tsmc13fsg_8lm_cic.lef ...
Set DBUPerIGU to M2 pitch 920.

Loading LEF file ../library/lef/antenna_8.lef ...
**WARN: (IMPLF-119):	LAYER 'METAL1' has been found in the database. Its content except ANTENNA* data will be ignored.
Review the LEF files specified in the init_lef_file variable and remove redundant definitions.
Type 'man IMPLF-119' for more detail.
**WARN: (IMPLF-119):	LAYER 'METAL2' has been found in the database. Its content except ANTENNA* data will be ignored.
Review the LEF files specified in the init_lef_file variable and remove redundant definitions.
Type 'man IMPLF-119' for more detail.
**WARN: (IMPLF-119):	LAYER 'METAL3' has been found in the database. Its content except ANTENNA* data will be ignored.
Review the LEF files specified in the init_lef_file variable and remove redundant definitions.
Type 'man IMPLF-119' for more detail.
**WARN: (IMPLF-119):	LAYER 'METAL4' has been found in the database. Its content except ANTENNA* data will be ignored.
Review the LEF files specified in the init_lef_file variable and remove redundant definitions.
Type 'man IMPLF-119' for more detail.
**WARN: (IMPLF-119):	LAYER 'METAL5' has been found in the database. Its content except ANTENNA* data will be ignored.
Review the LEF files specified in the init_lef_file variable and remove redundant definitions.
Type 'man IMPLF-119' for more detail.
**WARN: (IMPLF-119):	LAYER 'METAL6' has been found in the database. Its content except ANTENNA* data will be ignored.
Review the LEF files specified in the init_lef_file variable and remove redundant definitions.
Type 'man IMPLF-119' for more detail.
**WARN: (IMPLF-119):	LAYER 'METAL7' has been found in the database. Its content except ANTENNA* data will be ignored.
Review the LEF files specified in the init_lef_file variable and remove redundant definitions.
Type 'man IMPLF-119' for more detail.
**WARN: (IMPLF-119):	LAYER 'METAL8' has been found in the database. Its content except ANTENNA* data will be ignored.
Review the LEF files specified in the init_lef_file variable and remove redundant definitions.
Type 'man IMPLF-119' for more detail.
**WARN: (IMPLF-119):	LAYER 'VIA12' has been found in the database. Its content except ANTENNA* data will be ignored.
Review the LEF files specified in the init_lef_file variable and remove redundant definitions.
Type 'man IMPLF-119' for more detail.
**WARN: (IMPLF-119):	LAYER 'VIA23' has been found in the database. Its content except ANTENNA* data will be ignored.
Review the LEF files specified in the init_lef_file variable and remove redundant definitions.
Type 'man IMPLF-119' for more detail.
**WARN: (IMPLF-119):	LAYER 'VIA34' has been found in the database. Its content except ANTENNA* data will be ignored.
Review the LEF files specified in the init_lef_file variable and remove redundant definitions.
Type 'man IMPLF-119' for more detail.
**WARN: (IMPLF-119):	LAYER 'VIA45' has been found in the database. Its content except ANTENNA* data will be ignored.
Review the LEF files specified in the init_lef_file variable and remove redundant definitions.
Type 'man IMPLF-119' for more detail.
**WARN: (IMPLF-119):	LAYER 'VIA56' has been found in the database. Its content except ANTENNA* data will be ignored.
Review the LEF files specified in the init_lef_file variable and remove redundant definitions.
Type 'man IMPLF-119' for more detail.
**WARN: (IMPLF-119):	LAYER 'VIA67' has been found in the database. Its content except ANTENNA* data will be ignored.
Review the LEF files specified in the init_lef_file variable and remove redundant definitions.
Type 'man IMPLF-119' for more detail.
**WARN: (IMPLF-119):	LAYER 'VIA78' has been found in the database. Its content except ANTENNA* data will be ignored.
Review the LEF files specified in the init_lef_file variable and remove redundant definitions.
Type 'man IMPLF-119' for more detail.
**WARN: (IMPLF-44):	Macro 'PDC0102CDG' has no SIZE statement or a zero SIZE
statement and it is a class CORE macro so it needs a correct SIZE. There
is no SITE statement, so a useful SIZE cannot be computed, so this macro
is not loaded in the Innovus database and cannot be used in the
netlist.
**WARN: (IMPLF-44):	Macro 'PDC0204CDG' has no SIZE statement or a zero SIZE
statement and it is a class CORE macro so it needs a correct SIZE. There
is no SITE statement, so a useful SIZE cannot be computed, so this macro
is not loaded in the Innovus database and cannot be used in the
netlist.
**WARN: (IMPLF-44):	Macro 'PDC0408CDG' has no SIZE statement or a zero SIZE
statement and it is a class CORE macro so it needs a correct SIZE. There
is no SITE statement, so a useful SIZE cannot be computed, so this macro
is not loaded in the Innovus database and cannot be used in the
netlist.
**WARN: (IMPLF-44):	Macro 'PDC1216CDG' has no SIZE statement or a zero SIZE
statement and it is a class CORE macro so it needs a correct SIZE. There
is no SITE statement, so a useful SIZE cannot be computed, so this macro
is not loaded in the Innovus database and cannot be used in the
netlist.
**WARN: (IMPLF-44):	Macro 'PDS0102CDG' has no SIZE statement or a zero SIZE
statement and it is a class CORE macro so it needs a correct SIZE. There
is no SITE statement, so a useful SIZE cannot be computed, so this macro
is not loaded in the Innovus database and cannot be used in the
netlist.
**WARN: (IMPLF-44):	Macro 'PDS0204CDG' has no SIZE statement or a zero SIZE
statement and it is a class CORE macro so it needs a correct SIZE. There
is no SITE statement, so a useful SIZE cannot be computed, so this macro
is not loaded in the Innovus database and cannot be used in the
netlist.
**WARN: (IMPLF-44):	Macro 'PDS0408CDG' has no SIZE statement or a zero SIZE
statement and it is a class CORE macro so it needs a correct SIZE. There
is no SITE statement, so a useful SIZE cannot be computed, so this macro
is not loaded in the Innovus database and cannot be used in the
netlist.
**WARN: (IMPLF-44):	Macro 'PDS1216CDG' has no SIZE statement or a zero SIZE
statement and it is a class CORE macro so it needs a correct SIZE. There
is no SITE statement, so a useful SIZE cannot be computed, so this macro
is not loaded in the Innovus database and cannot be used in the
netlist.
**WARN: (IMPLF-44):	Macro 'PRC0102CDG' has no SIZE statement or a zero SIZE
statement and it is a class CORE macro so it needs a correct SIZE. There
is no SITE statement, so a useful SIZE cannot be computed, so this macro
is not loaded in the Innovus database and cannot be used in the
netlist.
**WARN: (IMPLF-44):	Macro 'PRC0204CDG' has no SIZE statement or a zero SIZE
statement and it is a class CORE macro so it needs a correct SIZE. There
is no SITE statement, so a useful SIZE cannot be computed, so this macro
is not loaded in the Innovus database and cannot be used in the
netlist.
**WARN: (IMPLF-44):	Macro 'PRC0408CDG' has no SIZE statement or a zero SIZE
statement and it is a class CORE macro so it needs a correct SIZE. There
is no SITE statement, so a useful SIZE cannot be computed, so this macro
is not loaded in the Innovus database and cannot be used in the
netlist.
**WARN: (IMPLF-44):	Macro 'PRC1216CDG' has no SIZE statement or a zero SIZE
statement and it is a class CORE macro so it needs a correct SIZE. There
is no SITE statement, so a useful SIZE cannot be computed, so this macro
is not loaded in the Innovus database and cannot be used in the
netlist.
**WARN: (IMPLF-44):	Macro 'PRS0102CDG' has no SIZE statement or a zero SIZE
statement and it is a class CORE macro so it needs a correct SIZE. There
is no SITE statement, so a useful SIZE cannot be computed, so this macro
is not loaded in the Innovus database and cannot be used in the
netlist.
**WARN: (IMPLF-44):	Macro 'PRS0204CDG' has no SIZE statement or a zero SIZE
statement and it is a class CORE macro so it needs a correct SIZE. There
is no SITE statement, so a useful SIZE cannot be computed, so this macro
is not loaded in the Innovus database and cannot be used in the
netlist.
**WARN: (IMPLF-44):	Macro 'PRS0408CDG' has no SIZE statement or a zero SIZE
statement and it is a class CORE macro so it needs a correct SIZE. There
is no SITE statement, so a useful SIZE cannot be computed, so this macro
is not loaded in the Innovus database and cannot be used in the
netlist.
**WARN: (IMPLF-44):	Macro 'PRS1216CDG' has no SIZE statement or a zero SIZE
statement and it is a class CORE macro so it needs a correct SIZE. There
is no SITE statement, so a useful SIZE cannot be computed, so this macro
is not loaded in the Innovus database and cannot be used in the
netlist.
**WARN: (IMPLF-44):	Macro 'PVDD1CDG' has no SIZE statement or a zero SIZE
statement and it is a class CORE macro so it needs a correct SIZE. There
is no SITE statement, so a useful SIZE cannot be computed, so this macro
is not loaded in the Innovus database and cannot be used in the
netlist.
**WARN: (IMPLF-44):	Macro 'PVSS1CDG' has no SIZE statement or a zero SIZE
statement and it is a class CORE macro so it needs a correct SIZE. There
is no SITE statement, so a useful SIZE cannot be computed, so this macro
is not loaded in the Innovus database and cannot be used in the
netlist.
**WARN: (IMPLF-44):	Macro 'PVSS3CDG' has no SIZE statement or a zero SIZE
statement and it is a class CORE macro so it needs a correct SIZE. There
is no SITE statement, so a useful SIZE cannot be computed, so this macro
is not loaded in the Innovus database and cannot be used in the
netlist.
**WARN: (IMPLF-44):	Macro 'PXOE1CDG' has no SIZE statement or a zero SIZE
statement and it is a class CORE macro so it needs a correct SIZE. There
is no SITE statement, so a useful SIZE cannot be computed, so this macro
is not loaded in the Innovus database and cannot be used in the
netlist.
**WARN: (EMS-27):	Message (IMPLF-44) has exceeded the current message display limit of 20.
To increase the message display limit, refer to the product command reference manual.
WARNING (LEFPARS-2001): No VERSION statement found, using the default value 5.8. See file ../library/lef/antenna_8.lef at line 606.
**WARN: (IMPLF-200):	Pin 'A' in macro 'ANTENNA' has no ANTENNAGATEAREA value defined. The library data is incomplete and some process antenna rules will not be checked correctly.
Type 'man IMPLF-200' for more detail.

viaInitial starts at Fri Dec 13 21:33:29 2024
**WARN: (IMPPP-557):	A single-layer VIARULE GENERATE for turn-vias is obsolete and is being ignored. Remove this statement from the technology file: VIARULE TURNM1 GENERATE.
Type 'man IMPPP-557' for more detail.
**WARN: (IMPPP-557):	A single-layer VIARULE GENERATE for turn-vias is obsolete and is being ignored. Remove this statement from the technology file: VIARULE TURNM2 GENERATE.
Type 'man IMPPP-557' for more detail.
**WARN: (IMPPP-557):	A single-layer VIARULE GENERATE for turn-vias is obsolete and is being ignored. Remove this statement from the technology file: VIARULE TURNM3 GENERATE.
Type 'man IMPPP-557' for more detail.
**WARN: (IMPPP-557):	A single-layer VIARULE GENERATE for turn-vias is obsolete and is being ignored. Remove this statement from the technology file: VIARULE TURNM4 GENERATE.
Type 'man IMPPP-557' for more detail.
**WARN: (IMPPP-557):	A single-layer VIARULE GENERATE for turn-vias is obsolete and is being ignored. Remove this statement from the technology file: VIARULE TURNM5 GENERATE.
Type 'man IMPPP-557' for more detail.
**WARN: (IMPPP-557):	A single-layer VIARULE GENERATE for turn-vias is obsolete and is being ignored. Remove this statement from the technology file: VIARULE TURNM6 GENERATE.
Type 'man IMPPP-557' for more detail.
**WARN: (IMPPP-557):	A single-layer VIARULE GENERATE for turn-vias is obsolete and is being ignored. Remove this statement from the technology file: VIARULE TURNM7 GENERATE.
Type 'man IMPPP-557' for more detail.
**WARN: (IMPPP-557):	A single-layer VIARULE GENERATE for turn-vias is obsolete and is being ignored. Remove this statement from the technology file: VIARULE TURNM8 GENERATE.
Type 'man IMPPP-557' for more detail.
viaInitial ends at Fri Dec 13 21:33:29 2024
Loading view definition file from ../design_data/MMMC/mmmc.view
Reading lib_max timing library '/home/raid7_2/user12/r2k41036/FINAL/04_APR_5102_enhance/library/lib/slow.lib' ...
**WARN: (TECHLIB-436):	Attribute 'max_fanout' on 'output/inout' pin 'CO0' of cell 'ACCSHCINX2' is not defined in the library. (File /home/raid7_2/user12/r2k41036/FINAL/04_APR_5102_enhance/library/lib/slow.lib)
**WARN: (TECHLIB-436):	Attribute 'max_fanout' on 'output/inout' pin 'CO1' of cell 'ACCSHCINX2' is not defined in the library. (File /home/raid7_2/user12/r2k41036/FINAL/04_APR_5102_enhance/library/lib/slow.lib)
**WARN: (TECHLIB-436):	Attribute 'max_fanout' on 'output/inout' pin 'CO0' of cell 'ACCSHCINX4' is not defined in the library. (File /home/raid7_2/user12/r2k41036/FINAL/04_APR_5102_enhance/library/lib/slow.lib)
**WARN: (TECHLIB-436):	Attribute 'max_fanout' on 'output/inout' pin 'CO1' of cell 'ACCSHCINX4' is not defined in the library. (File /home/raid7_2/user12/r2k41036/FINAL/04_APR_5102_enhance/library/lib/slow.lib)
**WARN: (TECHLIB-436):	Attribute 'max_fanout' on 'output/inout' pin 'CO0N' of cell 'ACCSHCONX2' is not defined in the library. (File /home/raid7_2/user12/r2k41036/FINAL/04_APR_5102_enhance/library/lib/slow.lib)
**WARN: (TECHLIB-436):	Attribute 'max_fanout' on 'output/inout' pin 'CO1N' of cell 'ACCSHCONX2' is not defined in the library. (File /home/raid7_2/user12/r2k41036/FINAL/04_APR_5102_enhance/library/lib/slow.lib)
**WARN: (TECHLIB-436):	Attribute 'max_fanout' on 'output/inout' pin 'CO0N' of cell 'ACCSHCONX4' is not defined in the library. (File /home/raid7_2/user12/r2k41036/FINAL/04_APR_5102_enhance/library/lib/slow.lib)
**WARN: (TECHLIB-436):	Attribute 'max_fanout' on 'output/inout' pin 'CO1N' of cell 'ACCSHCONX4' is not defined in the library. (File /home/raid7_2/user12/r2k41036/FINAL/04_APR_5102_enhance/library/lib/slow.lib)
**WARN: (TECHLIB-436):	Attribute 'max_fanout' on 'output/inout' pin 'CO0N' of cell 'ACCSIHCONX2' is not defined in the library. (File /home/raid7_2/user12/r2k41036/FINAL/04_APR_5102_enhance/library/lib/slow.lib)
**WARN: (TECHLIB-436):	Attribute 'max_fanout' on 'output/inout' pin 'CO1N' of cell 'ACCSIHCONX2' is not defined in the library. (File /home/raid7_2/user12/r2k41036/FINAL/04_APR_5102_enhance/library/lib/slow.lib)
**WARN: (TECHLIB-436):	Attribute 'max_fanout' on 'output/inout' pin 'CO0N' of cell 'ACCSIHCONX4' is not defined in the library. (File /home/raid7_2/user12/r2k41036/FINAL/04_APR_5102_enhance/library/lib/slow.lib)
**WARN: (TECHLIB-436):	Attribute 'max_fanout' on 'output/inout' pin 'CO1N' of cell 'ACCSIHCONX4' is not defined in the library. (File /home/raid7_2/user12/r2k41036/FINAL/04_APR_5102_enhance/library/lib/slow.lib)
**WARN: (TECHLIB-436):	Attribute 'max_fanout' on 'output/inout' pin 'CO' of cell 'ACHCINX2' is not defined in the library. (File /home/raid7_2/user12/r2k41036/FINAL/04_APR_5102_enhance/library/lib/slow.lib)
**WARN: (TECHLIB-436):	Attribute 'max_fanout' on 'output/inout' pin 'CO' of cell 'ACHCINX4' is not defined in the library. (File /home/raid7_2/user12/r2k41036/FINAL/04_APR_5102_enhance/library/lib/slow.lib)
**WARN: (TECHLIB-436):	Attribute 'max_fanout' on 'output/inout' pin 'CON' of cell 'ACHCONX2' is not defined in the library. (File /home/raid7_2/user12/r2k41036/FINAL/04_APR_5102_enhance/library/lib/slow.lib)
**WARN: (TECHLIB-436):	Attribute 'max_fanout' on 'output/inout' pin 'CON' of cell 'ACHCONX4' is not defined in the library. (File /home/raid7_2/user12/r2k41036/FINAL/04_APR_5102_enhance/library/lib/slow.lib)
**WARN: (TECHLIB-436):	Attribute 'max_fanout' on 'output/inout' pin 'S' of cell 'ADDFHX1' is not defined in the library. (File /home/raid7_2/user12/r2k41036/FINAL/04_APR_5102_enhance/library/lib/slow.lib)
**WARN: (TECHLIB-436):	Attribute 'max_fanout' on 'output/inout' pin 'CO' of cell 'ADDFHX1' is not defined in the library. (File /home/raid7_2/user12/r2k41036/FINAL/04_APR_5102_enhance/library/lib/slow.lib)
**WARN: (TECHLIB-436):	Attribute 'max_fanout' on 'output/inout' pin 'S' of cell 'ADDFHX2' is not defined in the library. (File /home/raid7_2/user12/r2k41036/FINAL/04_APR_5102_enhance/library/lib/slow.lib)
**WARN: (TECHLIB-436):	Attribute 'max_fanout' on 'output/inout' pin 'CO' of cell 'ADDFHX2' is not defined in the library. (File /home/raid7_2/user12/r2k41036/FINAL/04_APR_5102_enhance/library/lib/slow.lib)
Message <TECHLIB-436> has exceeded the message display limit of '20'. Use 'set_message -no_limit -id list_of_msgIDs' to reset the message limit.
**WARN: (TECHLIB-302):	No function defined for cell 'HOLDX1'. The cell will only be used for analysis. (File /home/raid7_2/user12/r2k41036/FINAL/04_APR_5102_enhance/library/lib/slow.lib)
Read 527 cells in library 'slow' 
Reading lib_min timing library '/home/raid7_2/user12/r2k41036/FINAL/04_APR_5102_enhance/library/lib/fast.lib' ...
**WARN: (TECHLIB-302):	No function defined for cell 'HOLDX1'. The cell will only be used for analysis. (File /home/raid7_2/user12/r2k41036/FINAL/04_APR_5102_enhance/library/lib/fast.lib)
Read 527 cells in library 'fast' 
*** End library_loading (cpu=0.04min, real=0.07min, mem=16.9M, fe_cpu=0.76min, fe_real=5.42min, fe_mem=546.8M) ***
% Begin Load netlist data ... (date=12/13 21:33:33, mem=509.8M)
*** Begin netlist parsing (mem=546.8M) ***
**WARN: (IMPVL-159):	Pin 'VSS' of cell 'XOR3XL' is defined in LEF but not in the timing library.
**WARN: (IMPVL-159):	Pin 'VDD' of cell 'XOR3XL' is defined in LEF but not in the timing library.
**WARN: (IMPVL-159):	Pin 'VSS' of cell 'XOR3X4' is defined in LEF but not in the timing library.
**WARN: (IMPVL-159):	Pin 'VDD' of cell 'XOR3X4' is defined in LEF but not in the timing library.
**WARN: (IMPVL-159):	Pin 'VSS' of cell 'XOR3X2' is defined in LEF but not in the timing library.
**WARN: (IMPVL-159):	Pin 'VDD' of cell 'XOR3X2' is defined in LEF but not in the timing library.
**WARN: (IMPVL-159):	Pin 'VSS' of cell 'XOR3X1' is defined in LEF but not in the timing library.
**WARN: (IMPVL-159):	Pin 'VDD' of cell 'XOR3X1' is defined in LEF but not in the timing library.
**WARN: (IMPVL-159):	Pin 'VSS' of cell 'XOR2XL' is defined in LEF but not in the timing library.
**WARN: (IMPVL-159):	Pin 'VDD' of cell 'XOR2XL' is defined in LEF but not in the timing library.
**WARN: (IMPVL-159):	Pin 'VSS' of cell 'XOR2X4' is defined in LEF but not in the timing library.
**WARN: (IMPVL-159):	Pin 'VDD' of cell 'XOR2X4' is defined in LEF but not in the timing library.
**WARN: (IMPVL-159):	Pin 'VSS' of cell 'XOR2X2' is defined in LEF but not in the timing library.
**WARN: (IMPVL-159):	Pin 'VDD' of cell 'XOR2X2' is defined in LEF but not in the timing library.
**WARN: (IMPVL-159):	Pin 'VSS' of cell 'XOR2X1' is defined in LEF but not in the timing library.
**WARN: (IMPVL-159):	Pin 'VDD' of cell 'XOR2X1' is defined in LEF but not in the timing library.
**WARN: (IMPVL-159):	Pin 'VSS' of cell 'XNOR3XL' is defined in LEF but not in the timing library.
**WARN: (IMPVL-159):	Pin 'VDD' of cell 'XNOR3XL' is defined in LEF but not in the timing library.
**WARN: (IMPVL-159):	Pin 'VSS' of cell 'XNOR3X4' is defined in LEF but not in the timing library.
**WARN: (IMPVL-159):	Pin 'VDD' of cell 'XNOR3X4' is defined in LEF but not in the timing library.
**WARN: (EMS-27):	Message (IMPVL-159) has exceeded the current message display limit of 20.
To increase the message display limit, refer to the product command reference manual.
Created 527 new cells from 2 timing libraries.
Reading netlist ...
Backslashed names will retain backslash and a trailing blank character.
Reading verilog netlist '../design_data/core_design/ed25519_syn.v'

*** Memory Usage v#1 (Current mem = 578.777M, initial mem = 187.695M) ***
*** End netlist parsing (cpu=0:00:01.1, real=0:00:01.0, mem=578.8M) ***
% End Load netlist data ... (date=12/13 21:33:35, total cpu=0:00:01.1, real=0:00:01.0, peak res=509.8M, current mem=496.2M)
Set top cell to ed25519.
Hooked 1054 DB cells to tlib cells.
Starting recursive module instantiation check.
No recursion found.
Building hierarchical netlist for Cell ed25519 ...
*** Netlist is unique.
** info: there are 1063 modules.
** info: there are 73893 stdCell insts.

*** Memory Usage v#1 (Current mem = 651.449M, initial mem = 187.695M) ***
Generated pitch 0.41 in METAL7 is different from 0.615 defined in technology file in preferred direction.
Set Default Net Delay as 1000 ps.
Set Default Net Load as 0.5 pF. 
Set Default Input Pin Transition as 0.1 ps.
*Info: initialize multi-corner CTS.
Reading timing constraints file '../design_data/core_design/ed25519_syn.sdc' ...
Current (total cpu=0:00:48.7, real=0:05:29, peak res=664.4M, current mem=664.4M)
**WARN: (TCLCMD-1014):	The SDC set_operating_conditions assertion is not supported. Please use the create_delay_corner command to specify the desired operating enviroment. Use the setAnalysisMode command to control single vs. bestCase/worstCase vs. on-chip variation timing analysis. (File ../design_data/core_design/ed25519_syn.sdc, Line 9).

INFO (CTE): Reading of timing constraints file ../design_data/core_design/ed25519_syn.sdc completed, with 1 WARNING
WARNING (CTE-25): Line: 8 of File ../design_data/core_design/ed25519_syn.sdc : Skipped unsupported command: set_units


Ending "Constraint file reading stats" (total cpu=0:00:00.3, real=0:00:00.0, peak res=682.3M, current mem=682.3M)
Current (total cpu=0:00:49.0, real=0:05:29, peak res=682.3M, current mem=682.3M)
Total number of combinational cells: 363
Total number of sequential cells: 154
Total number of tristate cells: 10
Total number of level shifter cells: 0
Total number of power gating cells: 0
Total number of isolation cells: 0
Total number of power switch cells: 0
Total number of pulse generator cells: 0
Total number of always on buffers: 0
Total number of retention cells: 0
List of usable buffers: BUFX2 BUFX12 BUFX16 BUFX20 BUFX3 CLKBUFX2 BUFX4 BUFX6 BUFX8 CLKBUFX12 CLKBUFX16 CLKBUFX20 CLKBUFX3 CLKBUFX4 CLKBUFX6 CLKBUFX8
Total number of usable buffers: 16
List of unusable buffers:
Total number of unusable buffers: 0
List of usable inverters: CLKINVX1 CLKINVX2 CLKINVX12 CLKINVX16 CLKINVX20 CLKINVX3 CLKINVX4 CLKINVX6 CLKINVX8 INVX1 INVX2 INVX12 INVX16 INVX20 INVXL INVX3 INVX4 INVX6 INVX8
Total number of usable inverters: 19
List of unusable inverters: RFRDX2 RFRDX1 RFRDX4
Total number of unusable inverters: 3
List of identified usable delay cells: DLY1X1 DLY1X4 DLY2X1 DLY2X4 DLY3X1 DLY3X4 DLY4X1 DLY4X4
Total number of identified usable delay cells: 8
List of identified unusable delay cells:
Total number of identified unusable delay cells: 0
Extraction setup Started 
Initializing multi-corner RC extraction with 1 active RC Corners ...
**WARN: (IMPEXT-6202):	In addition to the technology file, the capacitance table file is specified for all the RC corners. If the technology file  is already specified for all the RC corners, the capacitance table file is not required for preRoute and postRoute extraction. In a new session, the capacitance table files can be removed from the create_rc_corner command to enable the technology file to be used for preRoute and postRoute (effort level medium/high/signoff) extraction engines.
Type 'man IMPEXT-6202' for more detail.
Reading Capacitance Table File ../library/captable/tsmc013.capTbl ...
Cap table was created using Encounter 04.20-s274_1.
Process name: t013s8ml_fsg.
Importing multi-corner RC tables ... 
Summary of Active RC-Corners : 
 
 Analysis View: av_func_mode_max
    RC-Corner Name        : RC_corner
    RC-Corner Index       : 0
    RC-Corner Temperature : 25 Celsius
    RC-Corner Cap Table   : '../library/captable/tsmc013.capTbl'
    RC-Corner PreRoute Res Factor         : 1
    RC-Corner PreRoute Cap Factor         : 1
    RC-Corner PostRoute Res Factor        : 1 {1 1 1}
    RC-Corner PostRoute Cap Factor        : 1 {1 1 1}
    RC-Corner PostRoute XCap Factor       : 1 {1 1 1}
    RC-Corner PreRoute Clock Res Factor   : 1	[Derived from postRoute_res (effortLevel low)]
    RC-Corner PreRoute Clock Cap Factor   : 1	[Derived from postRoute_cap (effortLevel low)]
    RC-Corner PostRoute Clock Cap Factor  : 1 {1 1 1} 	[Derived from postRoute_cap (effortLevel low)]
    RC-Corner PostRoute Clock Res Factor  : 1 {1 1 1} 	[Derived from postRoute_res (effortLevel low)]
    RC-Corner Technology file: '../library/tsmc13_8lm.cl/icecaps_8lm.tch'
 
 Analysis View: av_func_mode_min
    RC-Corner Name        : RC_corner
    RC-Corner Index       : 0
    RC-Corner Temperature : 25 Celsius
    RC-Corner Cap Table   : '../library/captable/tsmc013.capTbl'
    RC-Corner PreRoute Res Factor         : 1
    RC-Corner PreRoute Cap Factor         : 1
    RC-Corner PostRoute Res Factor        : 1 {1 1 1}
    RC-Corner PostRoute Cap Factor        : 1 {1 1 1}
    RC-Corner PostRoute XCap Factor       : 1 {1 1 1}
    RC-Corner PreRoute Clock Res Factor   : 1	[Derived from postRoute_res (effortLevel low)]
    RC-Corner PreRoute Clock Cap Factor   : 1	[Derived from postRoute_cap (effortLevel low)]
    RC-Corner PostRoute Clock Cap Factor  : 1 {1 1 1} 	[Derived from postRoute_cap (effortLevel low)]
    RC-Corner PostRoute Clock Res Factor  : 1 {1 1 1} 	[Derived from postRoute_res (effortLevel low)]
    RC-Corner Technology file: '../library/tsmc13_8lm.cl/icecaps_8lm.tch'
<CMD> init_design
**WARN: (IMPSYT-7329):	Cannot load design with init_design, after design is already in memory.  This command is skipped.
<CMD> set init_verilog ../design_data/core_design/ed25519_syn.v
<CMD> set_global _enable_mmmc_by_default_flow      $CTE::mmmc_default
<CMD> suppressMessage ENCEXT-2799
<CMD> getDrawView
<CMD> loadWorkspace -name Physical
<CMD> setMultiCpuUsage -localCpu 16
<CMD> set ::TimeLib::tsgMarkCellLatchConstructFlag 1
<CMD> set conf_qxconf_file NULL
<CMD> set conf_qxlib_file NULL
<CMD> set defHierChar /
<CMD> set distributed_client_message_echo 1
<CMD> set distributed_mmmc_disable_reports_auto_redirection 0
<CMD> set eco_post_client_restore_command {update_timing ; write_eco_opt_db ;}
<CMD> set enc_enable_print_mode_command_reset_options 1
<CMD> set init_gnd_net VSS
<CMD> set init_lef_file {../library/lef/tsmc13fsg_8lm_cic.lef ../library/lef/antenna_8.lef}
<CMD> set init_mmmc_file ../design_data/MMMC/mmmc.view
<CMD> set init_pwr_net VDD
<CMD> set init_top_cell ed25519
<CMD> set init_verilog ../design_data/core_design/ed25519_syn.v
<CMD> set latch_time_borrow_mode max_borrow
<CMD> set pegDefaultResScaleFactor 1
<CMD> set pegDetailResScaleFactor 1
<CMD> set report_inactive_arcs_format {from to when arc_type sense reason}
<CMD> set soft_stack_size_limit 96
<CMD> set tso_post_client_restore_command {update_timing ; write_eco_opt_db ;}
<CMD> init_design
**WARN: (IMPSYT-7329):	Cannot load design with init_design, after design is already in memory.  This command is skipped.

*** Summary of all messages that are not suppressed in this session:
Severity  ID               Count  Summary                                  
WARNING   IMPSYT-7329          1  Cannot load design with init_design, aft...
*** Message Summary: 1 warning(s), 0 error(s)

<CMD> globalNetConnect VDD -type pgpin -pin VDD -inst *
<CMD> globalNetConnect VDD -type net -net VDD
<CMD> globalNetConnect VSS -type pgpin -pin VSS -inst *
<CMD> globalNetConnect VSS -type net -net VSS
<CMD> saveDesign DB/init
% Begin save design ... (date=12/13 21:38:48, mem=790.9M)
% Begin Save netlist data ... (date=12/13 21:38:48, mem=791.5M)
Writing Binary DB to DB/init.dat/ed25519.v.bin in single-threaded mode...
% End Save netlist data ... (date=12/13 21:38:49, total cpu=0:00:00.4, real=0:00:00.0, peak res=799.2M, current mem=799.2M)
% Begin Save AAE data ... (date=12/13 21:38:49, mem=799.2M)
Saving AAE Data ...
% End Save AAE data ... (date=12/13 21:38:49, total cpu=0:00:00.0, real=0:00:00.0, peak res=799.2M, current mem=799.2M)
% Begin Save clock tree data ... (date=12/13 21:38:49, mem=799.8M)
% End Save clock tree data ... (date=12/13 21:38:49, total cpu=0:00:00.0, real=0:00:01.0, peak res=799.9M, current mem=799.9M)
Saving preference file DB/init.dat/gui.pref.tcl ...
Saving mode setting ...
Saving global file ...
Saving symbol-table file in separate thread ...
Saving Drc markers ...
... No Drc file written since there is no markers found.
% Begin Save routing data ... (date=12/13 21:38:50, mem=801.0M)
Saving route file ...
*** Completed saveRoute (cpu=0:00:00.3 real=0:00:01.0 mem=996.0M) ***
% End Save routing data ... (date=12/13 21:38:51, total cpu=0:00:00.4, real=0:00:01.0, peak res=801.6M, current mem=801.6M)
Saving floorplan file in separate thread ...
Saving PG Conn file in separate thread ...
Saving placement file in separate thread ...
TAT_INFO: savePGConnFile REAL = 0 : CPU = 0 : MEM = 0.
** Saving stdCellPlacement_binary (version# 1) ...
TAT_INFO: ::saveFPlan REAL = 0 : CPU = 0 : MEM = 0.
TAT_INFO: ::savePlace REAL = 0 : CPU = 0 : MEM = 0.
Saving property file DB/init.dat/ed25519.prop
*** Completed saveProperty (cpu=0:00:00.1 real=0:00:00.0 mem=1020.0M) ***
% Begin Save power constraints data ... (date=12/13 21:38:51, mem=805.0M)
% End Save power constraints data ... (date=12/13 21:38:51, total cpu=0:00:00.0, real=0:00:00.0, peak res=805.0M, current mem=805.0M)
TAT_INFO: ::db::saveSymbolTable REAL = 0 : CPU = 0 : MEM = 0.
**ERROR: (IMPIMEX-7003):	QX library database NULL in the config file not found. File not copied to the testcase directory.
**ERROR: (IMPIMEX-7003):	QX Config File NULL in the config file not found. File not copied to the testcase directory.
RC_corner
RC_corner
RC_corner
Generated self-contained design init.dat
% End save design ... (date=12/13 21:38:53, total cpu=0:00:01.7, real=0:00:05.0, peak res=805.2M, current mem=805.2M)

*** Summary of all messages that are not suppressed in this session:
Severity  ID               Count  Summary                                  
ERROR     IMPIMEX-7003         2  %s %s in the config file not found. File...
*** Message Summary: 0 warning(s), 2 error(s)

<CMD> setDesignMode -process 130
Applying the recommended capacitance filtering threshold values for 130nm process node: total_c_th=0, relative_c_th=1 and coupling_c_th=0.4.
	These values will be used by all post-route extraction engines, including tQuantus, IQRC and Quantus QRC extraction.
	Capacitance filtering mode(-capFilterMode option of the setExtractRCMode) is 'relAndCoup' for all engines.
	The accuracy mode for postRoute effortLevel low extraction will be set to 'standard'.
	Default value for EffortLevel(-effortLevel option of the setExtractRCMode) in postRoute extraction mode is 'low'.
Updating process node dependent CCOpt properties for the 130nm process node.
<CMD> floorPlan -site TSM13SITE -r 1 0.6 6 6 6 6
Generated pitch 0.41 in METAL7 is different from 0.615 defined in technology file in preferred direction.
**WARN: (IMPFP-325):	Floorplan of the design is resized. All current floorplan objects are automatically derived based on specified new floorplan. This may change blocks, fixed standard cells, existing routes and blockages.
<CMD> saveIoFile -locations -temp ed25519.save.io
** Writing IO pins constraint template file, all existing constraints are ignored.
Dumping FTerm of cell ed25519 to file
<CMD> loadIoFile ed25519.save.io -ECO
Reading IO assignment file "ed25519.save.io" ...
********************IO ECO summary********************
Number of New Instances:                     	  0
Number of Moved Instances:                   	  0
Number of Rotated Instances:                 	  0
Number of Placement Status Changed Instances:	  0
Number of Deleted Instances:                  	  0
Number of New Bumps:                         	  0
Number of Moved Bumps:                       	  0
Number of Assignment Changed Bumps:          	  0
Number of New Fixed Bumps:                   	  0
Number of New unFixed Bumps:                 	  0
Number of Placement Status Changed Bumps:    	  0
Number of Deleted Bumps:                      	  0
<CMD> init_design
**WARN: (IMPSYT-7329):	Cannot load design with init_design, after design is already in memory.  This command is skipped.

*** Summary of all messages that are not suppressed in this session:
Severity  ID               Count  Summary                                  
WARNING   IMPSYT-7329          1  Cannot load design with init_design, aft...
*** Message Summary: 1 warning(s), 0 error(s)

<CMD> globalNetConnect VDD -type pgpin -pin VDD -inst *
<CMD> globalNetConnect VDD -type net -net VDD
<CMD> globalNetConnect VSS -type pgpin -pin VSS -inst *
<CMD> globalNetConnect VSS -type net -net VSS
<CMD> saveDesign DB/init
% Begin save design ... (date=12/13 21:40:03, mem=805.9M)
% Begin Save netlist data ... (date=12/13 21:40:03, mem=805.9M)
Writing Binary DB to DB/init.dat.tmp/ed25519.v.bin in single-threaded mode...
% End Save netlist data ... (date=12/13 21:40:04, total cpu=0:00:00.4, real=0:00:01.0, peak res=810.2M, current mem=810.2M)
% Begin Save AAE data ... (date=12/13 21:40:04, mem=810.2M)
Saving AAE Data ...
% End Save AAE data ... (date=12/13 21:40:04, total cpu=0:00:00.0, real=0:00:00.0, peak res=810.2M, current mem=810.2M)
% Begin Save clock tree data ... (date=12/13 21:40:04, mem=810.2M)
% End Save clock tree data ... (date=12/13 21:40:04, total cpu=0:00:00.0, real=0:00:00.0, peak res=810.2M, current mem=810.2M)
Saving preference file DB/init.dat.tmp/gui.pref.tcl ...
Saving mode setting ...
Saving global file ...
Saving symbol-table file in separate thread ...
Saving Drc markers ...
... No Drc file written since there is no markers found.
% Begin Save routing data ... (date=12/13 21:40:04, mem=810.3M)
Saving route file ...
*** Completed saveRoute (cpu=0:00:00.3 real=0:00:01.0 mem=1045.1M) ***
% End Save routing data ... (date=12/13 21:40:05, total cpu=0:00:00.4, real=0:00:01.0, peak res=810.9M, current mem=810.9M)
Saving floorplan file in separate thread ...
Saving PG Conn file in separate thread ...
Saving placement file in separate thread ...
** Saving stdCellPlacement_binary (version# 1) ...
TAT_INFO: savePGConnFile REAL = 0 : CPU = 0 : MEM = 0.
TAT_INFO: ::saveFPlan REAL = 0 : CPU = 0 : MEM = 0.
TAT_INFO: ::savePlace REAL = 0 : CPU = 0 : MEM = 0.
Saving property file DB/init.dat.tmp/ed25519.prop
*** Completed saveProperty (cpu=0:00:00.1 real=0:00:01.0 mem=1045.1M) ***
% Begin Save power constraints data ... (date=12/13 21:40:06, mem=811.4M)
% End Save power constraints data ... (date=12/13 21:40:06, total cpu=0:00:00.0, real=0:00:00.0, peak res=811.4M, current mem=811.4M)
TAT_INFO: ::db::saveSymbolTable REAL = 1 : CPU = 0 : MEM = 0.
**ERROR: (IMPIMEX-7003):	QX library database NULL in the config file not found. File not copied to the testcase directory.
**ERROR: (IMPIMEX-7003):	QX Config File NULL in the config file not found. File not copied to the testcase directory.
RC_corner
RC_corner
RC_corner
Generated self-contained design init.dat.tmp
% End save design ... (date=12/13 21:40:07, total cpu=0:00:01.6, real=0:00:04.0, peak res=811.4M, current mem=811.4M)

*** Summary of all messages that are not suppressed in this session:
Severity  ID               Count  Summary                                  
ERROR     IMPIMEX-7003         2  %s %s in the config file not found. File...
*** Message Summary: 0 warning(s), 2 error(s)

<CMD> setDesignMode -process 130
Applying the recommended capacitance filtering threshold values for 130nm process node: total_c_th=0, relative_c_th=1 and coupling_c_th=0.4.
	These values will be used by all post-route extraction engines, including tQuantus, IQRC and Quantus QRC extraction.
	Capacitance filtering mode(-capFilterMode option of the setExtractRCMode) is 'relAndCoup' for all engines.
	The accuracy mode for postRoute effortLevel low extraction will be set to 'standard'.
	Default value for EffortLevel(-effortLevel option of the setExtractRCMode) in postRoute extraction mode is 'low'.
Updating process node dependent CCOpt properties for the 130nm process node.
<CMD> floorPlan -site TSM13SITE -r 1 0.6 6 6 6 6
Generated pitch 0.41 in METAL7 is different from 0.615 defined in technology file in preferred direction.
<CMD> saveIoFile -locations -temp ed25519.save.io
** Writing IO pins constraint template file, all existing constraints are ignored.
Dumping FTerm of cell ed25519 to file
<CMD> loadIoFile ed25519.save.io -ECO
Reading IO assignment file "ed25519.save.io" ...
********************IO ECO summary********************
Number of New Instances:                     	  0
Number of Moved Instances:                   	  0
Number of Rotated Instances:                 	  0
Number of Placement Status Changed Instances:	  0
Number of Deleted Instances:                  	  0
Number of New Bumps:                         	  0
Number of Moved Bumps:                       	  0
Number of Assignment Changed Bumps:          	  0
Number of New Fixed Bumps:                   	  0
Number of New unFixed Bumps:                 	  0
Number of Placement Status Changed Bumps:    	  0
Number of Deleted Bumps:                      	  0
<CMD> saveDesign DB/floorplan
% Begin save design ... (date=12/13 21:40:08, mem=807.7M)
% Begin Save netlist data ... (date=12/13 21:40:08, mem=807.7M)
Writing Binary DB to DB/floorplan.dat/ed25519.v.bin in single-threaded mode...
% End Save netlist data ... (date=12/13 21:40:09, total cpu=0:00:00.4, real=0:00:01.0, peak res=810.7M, current mem=810.7M)
% Begin Save AAE data ... (date=12/13 21:40:09, mem=810.7M)
Saving AAE Data ...
% End Save AAE data ... (date=12/13 21:40:09, total cpu=0:00:00.0, real=0:00:00.0, peak res=810.7M, current mem=810.7M)
% Begin Save clock tree data ... (date=12/13 21:40:09, mem=810.7M)
% End Save clock tree data ... (date=12/13 21:40:09, total cpu=0:00:00.0, real=0:00:01.0, peak res=810.7M, current mem=810.7M)
Saving preference file DB/floorplan.dat/gui.pref.tcl ...
Saving mode setting ...
Saving global file ...
Saving symbol-table file in separate thread ...
Saving Drc markers ...
... No Drc file written since there is no markers found.
% Begin Save routing data ... (date=12/13 21:40:10, mem=810.8M)
Saving route file ...
*** Completed saveRoute (cpu=0:00:00.3 real=0:00:00.0 mem=1047.9M) ***
% End Save routing data ... (date=12/13 21:40:10, total cpu=0:00:00.3, real=0:00:00.0, peak res=811.7M, current mem=811.7M)
Saving floorplan file in separate thread ...
Saving PG Conn file in separate thread ...
Saving placement file in separate thread ...
TAT_INFO: savePGConnFile REAL = 0 : CPU = 0 : MEM = 0.
** Saving stdCellPlacement_binary (version# 1) ...
TAT_INFO: ::saveFPlan REAL = 1 : CPU = 0 : MEM = 0.
TAT_INFO: ::savePlace REAL = 1 : CPU = 0 : MEM = 0.
Saving property file DB/floorplan.dat/ed25519.prop
**INFO (INTERRUPT): The current script will stop before next command.
**INFO (INTERRUPT): One more Ctrl-C to exit Innovus ...
*** Completed saveProperty (cpu=0:00:00.1 real=0:00:02.0 mem=1047.9M) ***
% Begin Save power constraints data ... (date=12/13 21:40:13, mem=812.0M)
% End Save power constraints data ... (date=12/13 21:40:13, total cpu=0:00:00.0, real=0:00:00.0, peak res=812.0M, current mem=812.0M)
TAT_INFO: ::db::saveSymbolTable REAL = 0 : CPU = 0 : MEM = 0.
Innovus terminated by user interrupt.

*** Memory Usage v#1 (Current mem = 1038.945M, initial mem = 187.695M) ***
*** Message Summary: 1127 warning(s), 13 error(s)

--- Ending "Innovus" (totcpu=0:01:20, real=0:12:05, mem=1038.9M) ---
