################################################################################
#
# This file has been generated by SpyGlass:
#     Report Created by: r2k41036
#     Report Created on: Fri Oct  4 18:08:49 2024
#     Working Directory: /home/raid7_2/user12/r2k41036/NTU_CVSD2024/HW2/01_RTL
#     Report Location  : ./hw2/core/lint/lint_rtl/spyglass_reports/SpyGlass/checksum.rpt
#     SpyGlass Version : SpyGlass_vT-2022.06
#     Policy Name      : SpyGlass(SpyGlass_vT-2022.06)
#     Comment          : This report contains md5sum of design file(s)
#
################################################################################

=====================================================================================
                         MD5SUM CHECKSUM OF DESIGN FILES 
=====================================================================================
MD5SUM CHECKSUM                   SOURCE              PATH OF DESIGN FILE       
-------------------------------------------------------------------------------------
8ac33652f1cd03df042ac4007ce60eac  1      /home/raid7_2/user12/r2k41036/NTU_CVSD2024/HW2/01_RTL/reg_file.v  
bedfd07ba5d1d6a8124e1f530eff3b96  1      /home/raid7_2/user12/r2k41036/NTU_CVSD2024/HW2/01_RTL/alu.v  
c5f0e695cba71ddf1c6c22b7193d604f  1      /home/raid7_2/user12/r2k41036/NTU_CVSD2024/HW2/01_RTL/core.v  
