################################################################################
#
# This file has been generated by SpyGlass:
#     Report Created by: r2k41036
#     Report Created on: Fri Oct  4 18:08:47 2024
#     Working Directory: /home/raid7_2/user12/r2k41036/NTU_CVSD2024/HW2/01_RTL
#     Report Location  : ./hw2/core/lint/lint_rtl/spyglass_reports/SpyGlass/elab_summary.rpt
#     SpyGlass Version : SpyGlass_vT-2022.06
#     Policy Name      : SpyGlass(SpyGlass_vT-2022.06)
#     Comment          : This report contains RTL and Elaborated names along with parameter values
#
################################################################################

================================================================================
Elaborated Name: 'reg_file'
    (RTL Design Unit name: 'reg_file', ./reg_file.v:1)
     Parameters (Total: 3)
         ADDR_WIDTH = 5 (default: 5)
         DATA_WIDTH = 32 (default: 32)
         REG_AMOUNT = 32 (default: 32)
     Instances (Total: 2): core.u_float_reg_file, core.u_int_reg_file 

================================================================================

Elaborated Name: 'alu'
    (RTL Design Unit name: 'alu', ./alu.v:1)
     Parameters (Total: 19)
         INST_W    = 17 (default: 17)
         INT_W     = 9 (default: 9)
         FRAC_W    = 23 (default: 23)
         DATA_W    = 32 (default: (INT_W + FRAC_W))
         RST       = 0 (default: 3'd0)
         INPUT     = 1 (default: 3'd1)
         CALC      = 2 (default: 3'd2)
         OUTPUT    = 3 (default: 3'd3)
         WRITEBACK = 4 (default: 3'd4)
         FXADD     = 0 (default: 4'b0000)
         FXSUB     = 1 (default: 4'b0001)
         FXMUL     = 2 (default: 4'b0010)
         FXACC     = 3 (default: 4'b0011)
         SOFTPLUS  = 4 (default: 4'b0100)
         XOR       = 5 (default: 4'b0101)
         ARSHIFT   = 6 (default: 4'b0110)
         LR        = 7 (default: 4'b0111)
         CLZ       = 8 (default: 4'b1000)
         RM4       = 9 (default: 4'b1001)
     Instances (Total: 1): core.u_alu 

================================================================================

Elaborated Name: 'core'
    (RTL Design Unit name: 'core', ./core.v:1)
     Parameters (Total: 11)
         DATA_WIDTH    = 32 (default: 32)
         ADDR_WIDTH    = 32 (default: 32)
         IDLE          = 0 (default: 4'd0)
         FETCH         = 1 (default: 4'd1)
         DECODE        = 2 (default: 4'd2)
         EXECUTION     = 3 (default: 4'd3)
         MEMORY_ACCESS = 4 (default: 4'd4)
         WRITEBACK     = 5 (default: 4'd5)
         PC_GENERATION = 6 (default: 4'd6)
         END           = 7 (default: 4'd7)
         RESET         = 8 (default: 4'd8)
================================================================================
