
################################################################################
#
# This file has been generated by SpyGlass:
#     Report Name      : moresimple
#     Report Created by: r2k41036
#     Report Created on:  Fri Nov  8 01:48:37 2024
#     Working Directory: /home/raid7_2/user12/r2k41036/NTU_CVSD2024/HW4/01_RTL
#     SpyGlass Version : SpyGlass_vT-2022.06
#     Policy Name      : SpyGlass(SpyGlass_vT-2022.06)
#                        clock-reset(SpyGlass_vT-2022.06)
#                        erc(SpyGlass_vT-2022.06)
#                        latch(SpyGlass_vT-2022.06)
#                        lint(SpyGlass_vT-2022.06)
#                        morelint(SpyGlass_vT-2022.06)
#                        openmore(SpyGlass_vT-2022.06)
#                        power_est(SpyGlass_vT-2022.06)
#                        simulation(SpyGlass_vT-2022.06)
#                        starc(SpyGlass_vT-2022.06)
#                        starc2005(SpyGlass_vT-2022.06)
#                        txv(SpyGlass_vT-2022.06)
#
#     Total Number of Generated Messages :          8
#     Number of Waived Messages          :          0
#     Number of Reported Messages        :          8
#     Number of Overlimit Messages       :          0
#
#
################################################################################

+++++++++++++++++++++++++++++++++++++++++++++++++++++++++++++++++++++++
MORESIMPLE REPORT:


############### BuiltIn -> RuleGroup=Design Read ###############
+++++++++++++++++++++++++++++++++++++++++++++++++++++++++++++++++++++++++++++++++++++++
ID       Rule                    Alias                   Severity    File                                                                     Line    Wt    Message
======================================================================================
[1]      DetectTopDesignUnits    DetectTopDesignUnits    Info        IOTDF.v                                                                  2       2     Module IOTDF is a top level design unit
[0]      ElabSummary             ElabSummary             Info        ./spyglass-1/lint/lint_rtl/spyglass_reports/SpyGlass/elab_summary.rpt    0       2     Please refer file './spyglass-1/lint/lint_rtl/spyglass_reports/SpyGlass/elab_summary.rpt' for elab summary report
+++++++++++++++++++++++++++++++++++++++++++++++++++++++++++++++++++++++++++++++++++++++


############### Non-BuiltIn -> Goal=lint/lint_rtl ###############
+++++++++++++++++++++++++++++++++++++++++++++++++++++++++++++++++++++++++++++++++++++++
ID       Rule               Alias                 Severity    File                                                                      Line    Wt    Message
======================================================================================
[B]      STARC05-1.3.1.3    AsyncResetOtherUse    Warning     IOTDF.v                                                                   307     10    Asynchronous reset signal 'IOTDF.rst' (flop: 'IOTDF.u_ciptext_gen.R_ready_r[0]') used as non-reset/synchronous-reset at instance 'IOTDF.\cs_reg[0] .D' (File Name: 'IOTDF.v' ,Line no.: '156')
[6]      W528                                     Warning     IOTDF.v                                                                   59      10    Variable 'data_w'(128 bits) set but not read.[Hierarchy: ':IOTDF']
[2]      W528                                     Warning     IOTDF.v                                                                   68      10    Variable 'clk_f2' set but not read.[Hierarchy: ':IOTDF']
[3]      W528                                     Warning     IOTDF.v                                                                   70      10    Variable 'clk_f4' set but not read.[Hierarchy: ':IOTDF']
[4]      W528                                     Warning     IOTDF.v                                                                   71      10    Variable 'clk_f5' set but not read.[Hierarchy: ':IOTDF']
[5]      W528                                     Info        ./spyglass-1/lint/lint_rtl/spyglass_reports/lint/SignalUsageReport.rpt    0       10    Please refer to 'SignalUsageReport.rpt' for details of violating bits
+++++++++++++++++++++++++++++++++++++++++++++++++++++++++++++++++++++++++++++++++++++++
