read_file -type verilog {define.v core.v conv.v median.v ../sram_512x8/sram_512x8.v}
# Started at 15:14:55, Completed at 15:14:56 (Elapsed time = 00:00:00.810)

set_option top core
# Started at 15:15:01, Completed at 15:15:01 (Elapsed time = 00:00:00.000)

remove_option ignoredu
# Started at 15:15:40, Completed at 15:15:40 (Elapsed time = 00:00:00.009)

set_option ignoredu sram_512x8
# Started at 15:15:40, Completed at 15:15:40 (Elapsed time = 00:00:00.009)

current_goal Design_Read -top core
# Started at 15:15:48, Completed at 15:15:49 (Elapsed time = 00:00:00.439)

link_design -force
# Started at 15:16:11, Completed at 15:16:13 (Elapsed time = 00:00:01.920)

current_goal lint/lint_rtl -top core
# Started at 15:16:20, Completed at 15:16:22 (Elapsed time = 00:00:01.940)

run_goal
# Started at 15:16:22, Completed at 15:16:31 (Elapsed time = 00:00:08.670)

current_goal lint/lint_rtl_enhanced -top core
# Started at 15:16:31, Completed at 15:16:33 (Elapsed time = 00:00:02.050)

run_goal
# Started at 15:16:33, Completed at 15:16:37 (Elapsed time = 00:00:04.119)

current_goal lint/lint_rtl -top core
# Started at 15:16:37, Completed at 15:16:39 (Elapsed time = 00:00:01.989)

gui_select_message -rule W398 -msg {Case '4'b1101' covered more than once at '4'b1101'}
# Started at 15:16:46, Completed at 15:16:46 (Elapsed time = 00:00:00.000)

run_goal
# Started at 15:18:35, Completed at 15:18:44 (Elapsed time = 00:00:09.319)

gui_select_message -rule W116 -msg For\ operator\ (|),\ left\ expression:\ \"conv_result_w\"\ width\ 14\ should\ match\ right\ expression:\ \"med_result_w\"\ width\ 11.\ [Hierarchy:\ ':core']
# Started at 15:19:03, Completed at 15:19:03 (Elapsed time = 00:00:00.000)

gui_select_message -rule W240 -msg {Input 'p5[7:0]' declared but not read.[Hierarchy: ':core:median_inst@median:u_sobel_gradient_submodule@sobel_gradient']}
# Started at 15:19:53, Completed at 15:19:53 (Elapsed time = 00:00:00.000)

gui_select_message -rule W362 -msg For\ operator\ (==),\ left\ expression:\ \"cnt\"\ width\ 11\ should\ match\ right\ expression:\ \"{4'b0000\ ,depth_ready_r\ ,5'b00011}\"\ width\ 12\ [Hierarchy:\ ':core']
# Started at 15:20:37, Completed at 15:20:37 (Elapsed time = 00:00:00.000)

run_goal
# Started at 15:23:12, Completed at 15:23:22 (Elapsed time = 00:00:09.430)

gui_select_message -rule STARC05-1.3.1.3 -msg {Asynchronous reset signal 'core.i_rst_n' (flop: 'core.median_inst.u_median_filter_submodule.p1_r[0]') used as non-reset/synchronous-reset at instance 'core.median_inst.u_sobel_gradient_submodule.\Gx_acc3_r_reg[0] .EN' (File Name: 'median.v' ,Line no.: '809')}
# Started at 15:23:35, Completed at 15:23:35 (Elapsed time = 00:00:00.000)

current_goal Design_Read -top core
# Started at 15:25:10, Completed at 15:25:11 (Elapsed time = 00:00:00.769)

link_design -force
# Started at 15:25:11, Completed at 15:25:13 (Elapsed time = 00:00:02.089)

current_goal lint/lint_rtl -top core
# Started at 15:25:16, Completed at 15:25:18 (Elapsed time = 00:00:01.990)

run_goal
# Started at 15:25:18, Completed at 15:25:22 (Elapsed time = 00:00:04.140)

current_goal lint/lint_rtl_enhanced -top core
# Started at 15:25:22, Completed at 15:25:24 (Elapsed time = 00:00:02.070)

run_goal
# Started at 15:25:24, Completed at 15:25:28 (Elapsed time = 00:00:04.239)

current_goal lint/lint_rtl -top core
# Started at 15:25:28, Completed at 15:25:30 (Elapsed time = 00:00:02.040)

gui_select_message -rule W528 -msg {Variable 'Gx_abs_delay[9:0]' set but not read.[Hierarchy: ':core:median_inst@median:u_sobel_gradient_submodule@sobel_gradient']}
# Started at 15:25:51, Completed at 15:25:51 (Elapsed time = 00:00:00.000)

run_goal
# Started at 15:31:56, Completed at 15:32:05 (Elapsed time = 00:00:09.250)

gui_select_message -rule STARC05-1.3.1.3 -msg {Asynchronous reset signal 'core.i_rst_n' (flop: 'core.median_inst.u_median_filter_submodule.p1_r[0]') used as non-reset/synchronous-reset at instance 'core.median_inst.u_sobel_gradient_submodule.\Gx_acc3_r_reg[0] .EN' (File Name: 'median.v' ,Line no.: '806')}
# Started at 15:32:14, Completed at 15:32:14 (Elapsed time = 00:00:00.000)

run_goal
# Started at 15:33:36, Completed at 15:33:40 (Elapsed time = 00:00:03.730)

gui_select_message -rule STARC05-1.3.1.3 -msg {Asynchronous reset signal 'core.i_rst_n' (flop: 'core.median_inst.u_median_filter_submodule.p1_r[0]') used as non-reset/synchronous-reset at instance 'core.median_inst.u_sobel_gradient_submodule.\Gx_acc3_r_reg[0] .EN' (File Name: 'median.v' ,Line no.: '806')}
# Started at 15:33:44, Completed at 15:33:44 (Elapsed time = 00:00:00.000)

run_goal
# Started at 15:33:51, Completed at 15:34:00 (Elapsed time = 00:00:08.409)

current_goal lint/lint_rtl_enhanced -top core
# Started at 16:12:07, Completed at 16:12:09 (Elapsed time = 00:00:02.320)

gui_select_message -rule STARC05-1.3.1.3 -msg {Asynchronous reset signal 'core.i_rst_n' (flop: 'core.median_inst.u_median_filter_submodule.p1_r[0]') used as non-reset/synchronous-reset at instance 'core.median_inst.u_sobel_gradient_submodule.\Gx_acc3_r_reg[0] .EN' (File Name: 'median.v' ,Line no.: '809')}
# Started at 16:12:15, Completed at 16:12:15 (Elapsed time = 00:00:00.000)

run_goal
# Started at 16:13:10, Completed at 16:13:19 (Elapsed time = 00:00:08.689)

gui_select_message -rule W164b -msg {LHS: 'data_abc_1_r' width 11 is greater than RHS: 'data_abc_r' width 10 in assignment [Hierarchy: ':core:conv_inst@conv']}
# Started at 16:13:31, Completed at 16:13:31 (Elapsed time = 00:00:00.000)

run_goal
# Started at 16:15:07, Completed at 16:15:16 (Elapsed time = 00:00:08.879)

gui_select_message -rule W164b -msg {LHS: 'Gx_mult2_r' width 19 is greater than RHS: 'Gx_acc2_1_r' width 16 in assignment [Hierarchy: ':core:median_inst@median:u_sobel_gradient_submodule@sobel_gradient']}
# Started at 16:15:49, Completed at 16:15:49 (Elapsed time = 00:00:00.009)

run_goal
# Started at 16:17:49, Completed at 16:17:59 (Elapsed time = 00:00:09.469)

gui_select_message -rule W164a -msg {LHS: 'x_r' width 3 is less than RHS: '(x_origin_r + cnt[0])' width 4 in assignment [Hierarchy: ':core']}
# Started at 16:18:23, Completed at 16:18:23 (Elapsed time = 00:00:00.009)

gui_select_message -rule W164a -msg {LHS: 'conv_4_w' width 17 is less than RHS: '(conv_4_r + data_bcd_4_r)' width 18 in assignment [Hierarchy: ':core:conv_inst@conv']}
# Started at 16:20:57, Completed at 16:20:57 (Elapsed time = 00:00:00.009)

run_goal
# Started at 16:21:28, Completed at 16:21:38 (Elapsed time = 00:00:09.469)

gui_select_message -rule W164a -msg {LHS: 'Gx1_w' width 10 is less than RHS: '(Gx1 + p1_d_r)' width 11 in assignment [Hierarchy: ':core:median_inst@median:u_sobel_gradient_submodule@sobel_gradient']}
# Started at 16:21:48, Completed at 16:21:48 (Elapsed time = 00:00:00.000)

run_goal
# Started at 16:23:04, Completed at 16:23:13 (Elapsed time = 00:00:09.569)

gui_select_message -rule W164a -msg {LHS: 'Gx_imm' width 11 is less than RHS: '(Gx1_r - Gx2_r)' width 12 in assignment [Hierarchy: ':core:median_inst@median:u_sobel_gradient_submodule@sobel_gradient']}
# Started at 16:23:31, Completed at 16:23:31 (Elapsed time = 00:00:00.009)

run_goal
# Started at 16:25:03, Completed at 16:25:13 (Elapsed time = 00:00:09.620)

gui_select_message -rule W164a -msg {LHS: 'Gx_acc2_1_r' width 16 is less than RHS: '({Gx_acc2_r ,4'b0000} + Gx_acc3_r)' width 17 in assignment [Hierarchy: ':core:median_inst@median:u_sobel_gradient_submodule@sobel_gradient']}
# Started at 16:25:18, Completed at 16:25:18 (Elapsed time = 00:00:00.009)

run_goal
# Started at 16:27:08, Completed at 16:27:17 (Elapsed time = 00:00:09.509)

run_goal
# Started at 16:28:45, Completed at 16:28:54 (Elapsed time = 00:00:09.389)

current_goal lint/lint_rtl -top core
# Started at 16:29:05, Completed at 16:29:08 (Elapsed time = 00:00:02.419)

run_goal
# Started at 16:29:09, Completed at 16:29:13 (Elapsed time = 00:00:04.060)

run_goal
# Started at 17:05:52, Completed at 17:06:01 (Elapsed time = 00:00:09.219)

current_goal lint/lint_rtl_enhanced -top core
# Started at 17:06:04, Completed at 17:06:07 (Elapsed time = 00:00:02.539)

run_goal
# Started at 17:06:07, Completed at 17:06:12 (Elapsed time = 00:00:04.340)

run_goal
# Started at 17:09:30, Completed at 17:09:39 (Elapsed time = 00:00:09.419)

run_goal
# Started at 17:11:01, Completed at 17:11:10 (Elapsed time = 00:00:09.430)

gui_select_message -rule W164a -msg {LHS: 'x_r' width 3 is less than RHS: '(x_origin_r + cnt[0])' width 4 in assignment [Hierarchy: ':core']}
# Started at 17:56:00, Completed at 17:56:00 (Elapsed time = 00:00:00.009)

run_goal
# Started at 17:56:24, Completed at 17:56:34 (Elapsed time = 00:00:09.689)

gui_select_message -rule W164a -msg {LHS: 'y_r' width 3 is less than RHS: '(y_origin_r + cnt[1])' width 4 in assignment [Hierarchy: ':core']}
# Started at 17:57:15, Completed at 17:57:15 (Elapsed time = 00:00:00.009)

run_goal
# Started at 17:57:39, Completed at 17:57:48 (Elapsed time = 00:00:09.680)

gui_select_message -rule CMD_overloadrule01 -msg {Overload Specification for rule 'W339' has been ignored}
# Started at 17:57:53, Completed at 17:57:53 (Elapsed time = 00:00:00.010)

current_goal lint/lint_rtl -top core
# Started at 18:00:02, Completed at 18:00:05 (Elapsed time = 00:00:02.649)

run_goal
# Started at 18:00:06, Completed at 18:00:15 (Elapsed time = 00:00:09.279)

run_goal
# Started at 20:29:41, Completed at 20:29:50 (Elapsed time = 00:00:09.269)

gui_select_message -rule W528 -msg {Variable 'in_data_r[7:0]' set but not read.[Hierarchy: ':core']}
# Started at 20:30:26, Completed at 20:30:26 (Elapsed time = 00:00:00.009)

run_goal
# Started at 20:32:26, Completed at 20:32:35 (Elapsed time = 00:00:09.450)

current_goal lint/lint_rtl_enhanced -top core
# Started at 20:32:42, Completed at 20:32:45 (Elapsed time = 00:00:02.449)

run_goal
# Started at 20:32:45, Completed at 20:32:50 (Elapsed time = 00:00:04.610)

gui_select_message -rule STARC05-1.1.1.1 -msg {Filename 'median.v' does not indicate module and should be 'median_sobel_nms.v'}
# Started at 20:35:17, Completed at 20:35:17 (Elapsed time = 00:00:00.009)

run_goal
# Started at 20:35:52, Completed at 20:36:02 (Elapsed time = 00:00:09.750)

run_goal
# Started at 20:54:21, Completed at 20:54:30 (Elapsed time = 00:00:09.670)

