#######################################################################################
# log primitive debug message of FSDB dumping                                         #
# This is for R&D to analyze when there are issues happening when FSDB dump           #
#######################################################################################
ANF: vcsd_get_serial_mode_status('simv: undefined symbol: vcsd_get_serial_mode_status')
ANF: vcsd_enable_sva_success_callback('simv: undefined symbol: vcsd_enable_sva_success_callback')
ANF: vcsd_disable_sva_success_callback('simv: undefined symbol: vcsd_disable_sva_success_callback')
ANF: vcsd_get_power_scope_name('simv: undefined symbol: vcsd_get_power_scope_name')
ANF: vcsd_begin_no_value_var_info('simv: undefined symbol: vcsd_begin_no_value_var_info')
ANF: vcsd_end_no_value_var_info('simv: undefined symbol: vcsd_end_no_value_var_info')
ANF: vcsd_remove_xprop_merge_mode_callback('simv: undefined symbol: vcsd_remove_xprop_merge_mode_callback')
ANF: vhpi_get_cb_info('simv: undefined symbol: vhpi_get_cb_info')
ANF: vhpi_free_handle('simv: undefined symbol: vhpi_free_handle')
ANF: vhpi_fetch_vcsd_handle('simv: undefined symbol: vhpi_fetch_vcsd_handle')
ANF: vhpi_fetch_vpi_handle('simv: undefined symbol: vhpi_fetch_vpi_handle')
ANF: vhpi_has_verilog_parent('simv: undefined symbol: vhpi_has_verilog_parent')
ANF: vhpi_is_verilog_scope('simv: undefined symbol: vhpi_is_verilog_scope')
ANF: scsd_xprop_is_enabled('simv: undefined symbol: scsd_xprop_is_enabled')
ANF: scsd_xprop_sig_is_promoted('simv: undefined symbol: scsd_xprop_sig_is_promoted')
ANF: scsd_xprop_int_xvalue('simv: undefined symbol: scsd_xprop_int_xvalue')
ANF: scsd_xprop_bool_xvalue('simv: undefined symbol: scsd_xprop_bool_xvalue')
ANF: scsd_xprop_enum_xvalue('simv: undefined symbol: scsd_xprop_enum_xvalue')
ANF: scsd_xprop_register_merge_mode_cb('simv: undefined symbol: scsd_xprop_register_merge_mode_cb')
ANF: scsd_xprop_delete_merge_mode_cb('simv: undefined symbol: scsd_xprop_delete_merge_mode_cb')
ANF: scsd_xprop_get_merge_mode('simv: undefined symbol: scsd_xprop_get_merge_mode')
ANF: scsd_thread_get_info('simv: undefined symbol: scsd_thread_get_info')
ANF: scsd_thread_vc_init('simv: undefined symbol: scsd_thread_vc_init')
ANF: scsd_master_set_delta_sync_cbk('simv: undefined symbol: scsd_master_set_delta_sync_cbk')
ANF: scsd_fgp_get_fsdb_cores('simv: undefined symbol: scsd_fgp_get_fsdb_cores')
ANF: scsd_fgp_get_is_cpu_affinity_disabled('simv: undefined symbol: scsd_fgp_get_is_cpu_affinity_disabled')
ANF: vhdi_dt_get_type('simv: undefined symbol: vhdi_dt_get_type')
ANF: vhdi_dt_get_key('simv: undefined symbol: vhdi_dt_get_key')
ANF: vhdi_dt_get_vhdl_enum_info('simv: undefined symbol: vhdi_dt_get_vhdl_enum_info')
ANF: vhdi_dt_get_vhdl_physical_info('simv: undefined symbol: vhdi_dt_get_vhdl_physical_info')
ANF: vhdi_dt_get_vhdl_array_info('simv: undefined symbol: vhdi_dt_get_vhdl_array_info')
ANF: vhdi_dt_get_vhdl_record_info('simv: undefined symbol: vhdi_dt_get_vhdl_record_info')
ANF: vhdi_def_traverse_module('simv: undefined symbol: vhdi_def_traverse_module')
ANF: vhdi_def_traverse_scope('simv: undefined symbol: vhdi_def_traverse_scope')
ANF: vhdi_def_traverse_variable('simv: undefined symbol: vhdi_def_traverse_variable')
ANF: vhdi_def_get_module_id_by_vhpi('simv: undefined symbol: vhdi_def_get_module_id_by_vhpi')
ANF: vhdi_def_get_handle_by_module_id('simv: undefined symbol: vhdi_def_get_handle_by_module_id')
ANF: vhdi_def_get_variable_info_by_vhpi('simv: undefined symbol: vhdi_def_get_variable_info_by_vhpi')
ANF: vhdi_def_free('simv: undefined symbol: vhdi_def_free')
ANF: vhdi_ist_traverse_scope('simv: undefined symbol: vhdi_ist_traverse_scope')
ANF: vhdi_ist_traverse_variable('simv: undefined symbol: vhdi_ist_traverse_variable')
ANF: vhdi_ist_convert_by_vhpi('simv: undefined symbol: vhdi_ist_convert_by_vhpi')
ANF: vhdi_ist_clone('simv: undefined symbol: vhdi_ist_clone')
ANF: vhdi_ist_free('simv: undefined symbol: vhdi_ist_free')
ANF: vhdi_ist_hash_key('simv: undefined symbol: vhdi_ist_hash_key')
ANF: vhdi_ist_compare('simv: undefined symbol: vhdi_ist_compare')
ANF: vhdi_ist_get_value_addr('simv: undefined symbol: vhdi_ist_get_value_addr')
ANF: vhdi_set_scsd_callback('simv: undefined symbol: vhdi_set_scsd_callback')
ANF: vhdi_cbk_set_force_callback('simv: undefined symbol: vhdi_cbk_set_force_callback')
ANF: vhdi_trigger_init_force('simv: undefined symbol: vhdi_trigger_init_force')
ANF: vhdi_ist_check_scsd_callback('simv: undefined symbol: vhdi_ist_check_scsd_callback')
ANF: vhdi_ist_add_scsd_callback('simv: undefined symbol: vhdi_ist_add_scsd_callback')
ANF: vhdi_ist_remove_scsd_callback('simv: undefined symbol: vhdi_ist_remove_scsd_callback')
ANF: vhdi_ist_get_scsd_user_data('simv: undefined symbol: vhdi_ist_get_scsd_user_data')
ANF: vhdi_add_time_change_callback('simv: undefined symbol: vhdi_add_time_change_callback')
ANF: vhdi_get_real_value_by_value_addr('simv: undefined symbol: vhdi_get_real_value_by_value_addr')
ANF: vhdi_get_64_value_by_value_addr('simv: undefined symbol: vhdi_get_64_value_by_value_addr')
ANF: vhdi_xprop_inst_is_promoted('simv: undefined symbol: vhdi_xprop_inst_is_promoted')
ANF: vdi_ist_convert_by_vhdi('simv: undefined symbol: vdi_ist_convert_by_vhdi')
ANF: vhdi_ist_get_module_id('simv: undefined symbol: vhdi_ist_get_module_id')
ANF: vhdi_refine_foreign_scope_type('simv: undefined symbol: vhdi_refine_foreign_scope_type')
ANF: vhdi_flush_callback('simv: undefined symbol: vhdi_flush_callback')
ANF: vhdi_set_orig_name('simv: undefined symbol: vhdi_set_orig_name')
ANF: vhdi_set_dump_pt('simv: undefined symbol: vhdi_set_dump_pt')
ANF: vhdi_get_fsdb_option('simv: undefined symbol: vhdi_get_fsdb_option')
ANF: vhdi_fgp_get_mode('simv: undefined symbol: vhdi_fgp_get_mode')
ANF: vhdi_node_register_composite_var('simv: undefined symbol: vhdi_node_register_composite_var')
ANF: vhdi_node_analysis('simv: undefined symbol: vhdi_node_analysis')
ANF: vhdi_node_id('simv: undefined symbol: vhdi_node_id')
ANF: vhdi_node_ist_check_scsd_callback('simv: undefined symbol: vhdi_node_ist_check_scsd_callback')
ANF: vhdi_node_ist_add_scsd_callback('simv: undefined symbol: vhdi_node_ist_add_scsd_callback')
ANF: vhdi_node_ist_get_value_addr('simv: undefined symbol: vhdi_node_ist_get_value_addr')
ANF: vhdi_enc_def_traverse_module('simv: undefined symbol: vhdi_enc_def_traverse_module')
ANF: vhdi_enc_def_traverse_scope('simv: undefined symbol: vhdi_enc_def_traverse_scope')
ANF: vhdi_enc_def_traverse_variable('simv: undefined symbol: vhdi_enc_def_traverse_variable')
ANF: vhdi_enc_ist_traverse_scope('simv: undefined symbol: vhdi_enc_ist_traverse_scope')
ANF: vhdi_enc_ist_traverse_variable('simv: undefined symbol: vhdi_enc_ist_traverse_variable')
ANF: vhdi_enc_ist_get_module_id('simv: undefined symbol: vhdi_enc_ist_get_module_id')
ANF: vhdi_enc_def_get_handle_by_module_id('simv: undefined symbol: vhdi_enc_def_get_handle_by_module_id')
VCS compile option:
 option[0]: simv
 option[1]: +v2k
 option[2]: +notimingcheck
 option[3]: +define+tb4
 option[4]: +define+CYCLE=2.29
 option[5]: /usr/cad/synopsys/vcs/cur/linux64/bin/vcs1
 option[6]: -Mcc=gcc
 option[7]: -Mcplusplus=g++
 option[8]: -Masflags=
 option[9]: -Mcfl= -pipe -fPIC -O -I/usr/cad/synopsys/vcs/cur/include 
 option[10]: -Mxllcflags=
 option[11]: -Mxcflags= -pipe -fPIC -I/usr/cad/synopsys/vcs/cur/include
 option[12]: -Mldflags= -rdynamic 
 option[13]: -Mout=simv
 option[14]: -Mamsrun=
 option[15]: -Mvcsaceobjs=
 option[16]: -Mobjects= /usr/cad/synopsys/vcs/cur/linux64/lib/libvirsim.so /usr/cad/synopsys/vcs/cur/linux64/lib/liberrorinf.so /usr/cad/synopsys/vcs/cur/linux64/lib/libsnpsmalloc.so /usr/cad/synopsys/vcs/cur/linux64/lib/libvfs.so /usr/cad/synopsys/verdi/cur/share/PLI/VCS/LINUX64/pli.a 
 option[17]: -Mexternalobj=
 option[18]: -Msaverestoreobj=/usr/cad/synopsys/vcs/cur/linux64/lib/vcs_save_restore_new.o
 option[19]: -Mcrt0=
 option[20]: -Mcrtn=
 option[21]: -Mcsrc=
 option[22]: -Msyslibs=-ldl -lm 
 option[23]: -Xvcs_run_simv=1
 option[24]: -full64
 option[25]: -debug_access+all
 option[26]: +vpi
 option[27]: +vcsd1
 option[28]: +itf+/usr/cad/synopsys/vcs/cur/linux64/lib/vcsdp_lite.tab
 option[29]: +v2k
 option[30]: +notimingcheck
 option[31]: +define+tb4
 option[32]: +define+CYCLE=2.29
 option[33]: -P
 option[34]: /usr/cad/synopsys/verdi/cur/share/PLI/VCS/LINUX64/novas.tab
 option[35]: -picarchive
 option[36]: -sverilog
 option[37]: -gen_obj
 option[38]: -f
 option[39]: rtl_01.f
Chronologic Simulation VCS Release S-2021.09_Full64
Linux 3.10.0-1160.el7.x86_64 #1 SMP Mon Oct 19 16:18:59 UTC 2020 x86_64
CPU cores: 128
Limit information:
======================================
cputime		unlimited
filesize		unlimited
datasize		unlimited
stacksize		8192 kbytes
coredumpsize		0 kbytes
memoryuse		unlimited
vmemoryuse		unlimited
descriptors		4096
memorylocked		64 kbytes
maxproc		4096
======================================
(Special)Runtime environment variables:

Runtime environment variables:
REMOTEHOST=xdn175o69.ee.ntu.edu.tw
MANPATH=/usr/cad/synopsys/synthesis/cur/doc/syn/man
XDG_SESSION_ID=9149
HOSTNAME=dcs-expensive03
UNAME=/bin/uname
SELINUX_ROLE_REQUESTED=
SCRNAME=vcs
VCS_DEPTH=0
TERM=xterm
SHELL=/bin/bash
HOST=dcs-expensive03
HISTSIZE=1000
SSH_CLIENT=140.112.175.69 56375 30101
SELINUX_USE_CURRENT_RANGE=
QTDIR=/usr/lib64/qt-3.3
MGC_LOCATION_MAP=NO_MAP
QTINC=/usr/lib64/qt-3.3/include
SSH_TTY=/dev/pts/8
LC_ALL=C
SG_HTML_BROWSER=/usr/bin/mozilla
SNPS_VCS_INTERNAL_ROOT_PID=9794
QT_GRAPHICSSYSTEM_CHECKED=1
USER=MingKe
GROUP=DCSLab
LD_LIBRARY_PATH=/usr/cad/synopsys/vcs/cur/lib:/usr/cad/synopsys/vcs/cur/linux64/lib:/usr/cad/cadence/STRATUS/STRATUS_19.12.100/tools/lib/64bit:/usr/cad/cadence/STRATUS/STRATUS_19.12.100/tools/lib::/usr/cad/synopsys/verdi/cur/etc/lib/libstdc++/LINUX64/:/usr/cad/synopsys/verdi/cur/share/PLI/IUS/LINUX64/:/:/usr/cad/cadence/IC/IC_06.18.210/tools/lib:/usr/cad/cadence/IC/IC_06.18.210/tools/lib/64bit:/usr/cad/cadence/IC/IC_06.18.210/tools/lib64::/usr/cad/cadence/INNOVUS/INNOVUS_20.10.000/tools/lib/64bit:/usr/cad/cadence/INNOVUS/INNOVUS_20.10.000/tools/lib64:/usr/cad/cadence/INNOVUS/INNOVUS_20.10.000/tools/lib::/usr/cad/cadence/XCELIUM/XCELIUM_20.09.007/tools/lib/64bit:/usr/cad/cadence/XCELIUM/XCELIUM_20.09.007/tools/lib64:/usr/cad/cadence/XCELIUM/XCELIUM_20.09.007/tools/lib::/usr/cad/cadence/INCISIV/INCISIVE_15.20.084/tools/lib/64bit:/usr/cad/cadence/INCISIV/INCISIVE_15.20.084/tools/lib64:/usr/cad/cadence/INCISIV/INCISIVE_15.20.084/tools/lib::/usr/local/cuda-12.4/lib64::/lib64:/usr/lib64:/usr/local/lib64:/usr/cad/synopsys/verdi/cur/share/PLI/VCS/LINUX64
LS_COLORS=rs=0:di=01;34:ln=01;36:mh=00:pi=40;33:so=01;35:do=01;35:bd=40;33;01:cd=40;33;01:or=40;31;01:mi=01;05;37;41:su=37;41:sg=30;43:ca=30;41:tw=30;42:ow=34;42:st=37;44:ex=01;32:*.tar=01;31:*.tgz=01;31:*.arc=01;31:*.arj=01;31:*.taz=01;31:*.lha=01;31:*.lz4=01;31:*.lzh=01;31:*.lzma=01;31:*.tlz=01;31:*.txz=01;31:*.tzo=01;31:*.t7z=01;31:*.zip=01;31:*.z=01;31:*.Z=01;31:*.dz=01;31:*.gz=01;31:*.lrz=01;31:*.lz=01;31:*.lzo=01;31:*.xz=01;31:*.bz2=01;31:*.bz=01;31:*.tbz=01;31:*.tbz2=01;31:*.tz=01;31:*.deb=01;31:*.rpm=01;31:*.jar=01;31:*.war=01;31:*.ear=01;31:*.sar=01;31:*.rar=01;31:*.alz=01;31:*.ace=01;31:*.zoo=01;31:*.cpio=01;31:*.7z=01;31:*.rz=01;31:*.cab=01;31:*.jpg=01;35:*.jpeg=01;35:*.gif=01;35:*.bmp=01;35:*.pbm=01;35:*.pgm=01;35:*.ppm=01;35:*.tga=01;35:*.xbm=01;35:*.xpm=01;35:*.tif=01;35:*.tiff=01;35:*.png=01;35:*.svg=01;35:*.svgz=01;35:*.mng=01;35:*.pcx=01;35:*.mov=01;35:*.mpg=01;35:*.mpeg=01;35:*.m2v=01;35:*.mkv=01;35:*.webm=01;35:*.ogm=01;35:*.mp4=01;35:*.m4v=01;35:*.mp4v=01;35:*.vob=01;35:*.qt=01;35:*.nuv=01;35:*.wmv=01;35:*.asf=01;35:*.rm=01;35:*.rmvb=01;35:*.flc=01;35:*.avi=01;35:*.fli=01;35:*.flv=01;35:*.gl=01;35:*.dl=01;35:*.xcf=01;35:*.xwd=01;35:*.yuv=01;35:*.cgm=01;35:*.emf=01;35:*.axv=01;35:*.anx=01;35:*.ogv=01;35:*.ogx=01;35:*.aac=01;36:*.au=01;36:*.flac=01;36:*.mid=01;36:*.midi=01;36:*.mka=01;36:*.mp3=01;36:*.mpc=01;36:*.ogg=01;36:*.ra=01;36:*.wav=01;36:*.axa=01;36:*.oga=01;36:*.spx=01;36:*.xspf=01;36:
SC_HLPPATH=/usr/cad/synopsys/laker_oa/cur
SCRIPT_NAME=vcs
VCS_MX_HOME_INTERNAL=1
HOSTTYPE=x86_64-linux
SNPS_VCS_CLANG_PATH=/usr/cad/synopsys/vcs/cur/linux64/clang
OVA_UUM=0
VCS_MODE_FLAG=64
MAIL=/var/spool/mail/MingKe
PATH=.:/usr/cad/cadence/STRATUS/STRATUS_19.12.100/tools/bin/64bit:/usr/cad/cadence/STRATUS/STRATUS_19.12.100/tools/bin:/usr/cad/synopsys/vcs/cur/bin:/usr/cad/synopsys/vcs/cur/linux/bin:/usr/cad/synopsys/vcs/cur/linux/util:/usr/cad/synopsys/vcs/cur/linux/flexlm:/usr/cad/synopsys/laker_oa/cur/bin:/usr/cad/synopsys/laker/cur/bin:/usr/bin/X11:/usr/cad/synopsys/primetime/cur/amd64/syn/bin:/usr/cad/synopsys/spyglass/cur/SPYGLASS_HOME/bin:/usr/cad/synopsys/synplify/cur/bin:/usr/bin/X11:/usr/cad/synopsys/coreConsultant/cur/bin:/usr/cad/synopsys/synthesis/cur/amd64/syn/bin:/usr/cad/synopsys/lc/cur/bin:/usr/cad/synopsys/verdi/cur/bin:/usr/cad/synopsys/verdi/cur/nLint/bin:/usr/cad/mentor/calibre/cur/bin:/usr/cad/cadence/JASPER/jasper_2021.03/bin:/usr/cad/cadence/IC/IC_06.18.210/tools/bin:/usr/cad/cadence/IC/IC_06.18.210/tools/dracula/bin:/usr/cad/cadence/IC/IC_06.18.210/tools/dfII/bin:/usr/cad/cadence/IC/IC_06.18.210/tools/bin/64bit:/usr/cad/cadence/IC/IC_06.18.210/tools/dracula/bin/64bit:/usr/cad/cadence/IC/IC_06.18.210/tools/dfII/bin/64bit:/usr/cad/cadence/INNOVUS/INNOVUS_20.10.000/tools/bin/64bit:/usr/cad/cadence/INNOVUS/INNOVUS_20.10.000/tools/bin:/usr/cad/cadence/XCELIUM/XCELIUM_20.09.007/tools/bin/64bit:/usr/cad/cadence/XCELIUM/XCELIUM_20.09.007/tools/bin:/usr/cad/cadence/INCISIV/INCISIVE_15.20.084/tools/bin/64bit:/usr/cad/cadence/INCISIV/INCISIVE_15.20.084/tools/bin:/tools/Xilinx/Vitis_HLS/2023.2/bin:/tools/Xilinx/Vivado/2023.2/bin:/tools/Xilinx/Model_Composer/2023.2/bin:/tools/Xilinx/Vitis/2023.2/bin:/tools/Xilinx/Vitis/2023.2/gnu/microblaze/lin/bin:/tools/Xilinx/Vitis/2023.2/gnu/microblaze/linux_toolchain/lin64_le/bin:/tools/Xilinx/Vitis/2023.2/gnu/aarch32/lin/gcc-arm-linux-gnueabi/bin:/tools/Xilinx/Vitis/2023.2/gnu/aarch32/lin/gcc-arm-none-eabi/bin:/tools/Xilinx/Vitis/2023.2/gnu/aarch64/lin/aarch64-linux/bin:/tools/Xilinx/Vitis/2023.2/gnu/aarch64/lin/aarch64-none/bin:/tools/Xilinx/Vitis/2023.2/gnu/armr5/lin/gcc-arm-none-eabi/bin:/tools/Xilinx/Vitis/2023.2/tps/lnx64/cmake-3.3.2/bin:/tools/Xilinx/Vitis/2023.2/aietools/bin:/tools/Xilinx/Vitis/2023.2/gnu/riscv/lin/riscv64-unknown-elf/bin:/tools/Xilinx/DocNav:/usr/local/cuda-12.4/bin:/usr/lib64/qt-3.3/bin:/usr/local/bin:/usr/bin:/usr/local/sbin:/usr/sbin:/home/MingKe/.local/bin:/home/MingKe/bin
XILINX_VITIS=/tools/Xilinx/Vitis/2023.2
SNPS_VCS_INTERNAL_CURR_PID=9794
PWD=/home/MingKe/Study/NTU_CVSD2024/HW3/01_RTL
SYNOPSYS_synplify=/usr/cad/synopsys/synplify/cur
VCS_HOME=/usr/cad/synopsys/vcs/cur
SNPS_VCS_INTERNAL_MEMPRELOAD_USE_LIBC=1
EDITOR=/usr/bin/vim
LANG=en_US.UTF-8
Laker_TCL_ToolBox=1
KDEDIRS=/usr
SYNTHESIS=/usr/cad/synopsys/synthesis/cur
VMR_MODE_FLAG=64
XILINX_HLS=/tools/Xilinx/Vitis_HLS/2023.2
SELINUX_LEVEL_REQUESTED=
CDSHOME=/usr/cad/cadence/IC/IC_06.18.210
VCS_CC=gcc
XILINX_VIVADO=/tools/Xilinx/Vivado/2023.2
LM_LICENSE_FILE=5280@lshc:26585@lshc:1717@lsntu:
CDS_Netlisting_Mode=Analog
PRIMETIME=/usr/cad/synopsys/primetime/cur
HISTCONTROL=ignoredups
VCS_ARG_ADDED_FOR_TMP=1
SNPS_VCS_TMPDIR=/tmp/vcs_20241103082734_9794
RISCV=/home/MingKe/lab/riscv
SHLVL=4
HOME=/home/MingKe
OSTYPE=linux
MGC_HOME=/usr/cad/mentor/calibre/cur
Laker_TCL_L3=1
VCS_COM=/usr/cad/synopsys/vcs/cur/linux64/bin/vcs1
VENDOR=unknown
MGC_TMPDIR=/tmp
LOGNAME=MingKe
MACHTYPE=x86_64
QTLIB=/usr/lib64/qt-3.3/lib
SNPS_VCS_INTERNAL_ROOT_START_TIME=1730622454.458908964
XDG_DATA_DIRS=/home/MingKe/.local/share/flatpak/exports/share:/var/lib/flatpak/exports/share:/usr/local/share:/usr/share
SSH_CONNECTION=140.112.175.69 56375 140.112.20.89 30101
LESSOPEN=||/usr/bin/lesspipe.sh %s
SHLIB_PATH=/usr/cad/synopsys/verdi/cur/etc/lib/libstdc++/LINUX64/
sysc_uni_pwd=/home/MingKe/Study/NTU_CVSD2024/HW3/01_RTL
XDG_RUNTIME_DIR=/run/user/2012
DISPLAY=localhost:11.0
VCS_ARCH=linux64
QT_PLUGIN_PATH=/usr/lib64/kde4/plugins:/usr/lib/kde4/plugins
SYN_MAN_DIR=/usr/cad/synopsys/synthesis/cur/doc/syn/man
TOOL_HOME=/usr/cad/synopsys/vcs/cur/linux64
_=./simv
OLDPWD=/home/MingKe/Study/NTU_CVSD2024/HW3/01_RTL/simv.daidir/debug_dump/fsearch
VCS_PATHMAP_PRELOAD_DONE=1
VCS_EXEC_DONE=1
DVE=/usr/cad/synopsys/vcs/cur/gui/dve
SPECMAN_OUTPUT_TO_TTY=1
FLEXLM_BORROWFILE=/home/MingKe/.dcs-expensive03-borrow.txt
Runtime command line arguments:
argv[0]=simv
argv[1]=+v2k
argv[2]=+notimingcheck
argv[3]=+define+tb4
argv[4]=+define+CYCLE=2.29
238 profile - 100
          CPU/Mem usage: 0.030 sys,  0.210 user,  256.56M mem
239 Elapsed time:    0:00:01    Sun Nov  3 16:27:39 2024
240 User CPU time used: 0 seconds
241 System CPU time used: 0 seconds
242 pliAppInit
243 [SC]Init: MemoryConsumed=0.00MB ElapsedTime=0hour 0min. 0sec.
244 FSDB_GATE is set.
245 FSDB_RTL is set.
246 FSDB_FIELDTYPE is set.
247 FSDB_ALIAS_ARRAY_ELEM is set to 4294967295.
248 Enable Parallel Dumping.
249 pliAppMiscSet: New Sim Round
250 pliEntryInit
251 LIBSSCORE=found /usr/cad/synopsys/verdi/cur/share/PLI/VCS/LINUX64/libsscore_vcs202109.so through $LD_LIBRARY_PATH setting.
252 FSDB Dumper for VCS, Release Verdi_S-2021.09, Linux x86_64/64bit, 08/29/2021
253 (C) 1996 - 2021 by Synopsys, Inc.
254 sps_call_fsdbDumpfile_main at 0 : ../00_TESTBED/testbench.v(148)
255 argv[0]: (core.fsdb)
256 *Verdi* FSDB WARNING: The FSDB file already exists. Overwriting the FSDB file may crash the programs that are using this file.
257 *Verdi* : Create FSDB file 'core.fsdb'
258 [spi_vcs_vd_ppi_create_root]: no upf option
259 compile option from '/home/MingKe/Study/NTU_CVSD2024/HW3/01_RTL/simv.daidir/vcs_rebuild'.
260   "vcs '-f' 'rtl_01.f' '-full64' '-R' '-debug_access+all' '+v2k' '+notimingcheck' '-sverilog' '+define+tb4' '+define+CYCLE=2.29' '-P' '/usr/cad/synopsys/verdi/cur/share/PLI/VCS/LINUX64/novas.tab' '/usr/cad/synopsys/verdi/cur/share/PLI/VCS/LINUX64/pli.a' 2>&1"
261 DVDI_is_vir_unload_enabled is enable
262 FSDB_VCS_ENABLE_NATIVE_VC is enable
263 sps_call_fsdbDumpvars_vd_main at 0 : ../00_TESTBED/testbench.v(149)
264 argv[0]: (0)
265 argv[1]: (+mda)
266 *Verdi* : Begin traversing the scopes, layer (0).
267 *Verdi* : Enable +mda dumping.
268 *Verdi* : End of traversing.
269 pliAppHDL_DumpVarComplete traverse var: profile - 
          CPU/Mem usage: 0.050 sys,  0.230 user,  358.64M mem
                   incr: 0.010 sys,  0.020 user,  10.36M mem
                   accu: 0.010 sys,  0.020 user,  10.36M mem
              accu incr: 0.010 sys,  0.020 user,  10.36M mem

          Count usage: 53700 var,  53676 idcode,  209 callback
                 incr: 53700 var,  53676 idcode,  209 callback
                 accu: 53700 var,  53676 idcode,  209 callback
            accu incr: 53700 var,  53676 idcode,  209 callback
270 Elapsed time:    0:00:01    Sun Nov  3 16:27:39 2024
271 User CPU time used: 0 seconds
272 System CPU time used: 0 seconds
273 pliAppHDL_DumpVarComplete: profile - 
          CPU/Mem usage: 0.050 sys,  0.240 user,  361.36M mem
                   incr: 0.000 sys,  0.010 user,  2.72M mem
                   accu: 0.010 sys,  0.030 user,  13.07M mem
              accu incr: 0.000 sys,  0.010 user,  2.72M mem

          Count usage: 53700 var,  53676 idcode,  209 callback
                 incr: 0 var,  0 idcode,  0 callback
                 accu: 53700 var,  53676 idcode,  209 callback
            accu incr: 0 var,  0 idcode,  0 callback
274 Elapsed time:    0:00:01    Sun Nov  3 16:27:39 2024
275 User CPU time used: 0 seconds
276 System CPU time used: 0 seconds
277 End of simulation at 14117850
278 Memory usage: 441.074 M
279 Maximum resident set size: 159 MB
280 Hard page faults: 0
281 Soft page faults: 28357
282 Elapsed time:    0:00:01    Sun Nov  3 16:27:39 2024
283 User CPU time used: 0 seconds
284 System CPU time used: 0 seconds
285 Begin FSDB profile info:
286 FSDB Writer : bc1(28121) bcn(627847) mtf/stf(0/0)
FSDB Writer elapsed time : flush(0.050660) io wait(0.000000) theadpool wait(0.000000)
FSDB Writer cpu time : MT Compression : 0
287 End FSDB profile info
288 FSDB closed. Name: core.fsdb Size: 247242
289 Parallel profile     - ProducerThread:1 ConsumerThread:1 Buffer:64MB
290                      - BlockUsed:5 Acquire:620482 BufferUsed:7689167
291                      - Flush:3 Expand:0 ProducerWait:0 ConsumerWait:3
292                      - MainProducerTime:0.448513107 TotalConsumerTime:0.040209747
293                      - ElapsedTime:0.205711000
294 Producer   0 profile - BlockUsed:5 Acquire:620482 BufferUsed:7689167
295 Consumer   0 profile - Affinity:-1 CPUTime:0.040209747 LifeTime:0.078429346 (0.51%)
296                      - BlockUsed:5 Acquire:620482 BufferUsed:7689167
297 SimExit
298 Elapsed time:    0:00:01    Sun Nov  3 16:27:39 2024
299 User CPU time used: 0 seconds
300 System CPU time used: 0 seconds
301 Sim process exit
