
################################################################################
#
# This file has been generated by SpyGlass:
#     Report Name      : moresimple
#     Report Created by: r2k41036
#     Report Created on:  Fri Nov  8 17:52:24 2024
#     Working Directory: /home/raid7_2/user12/r2k41036/NTU_CVSD2024/HW4/01_RTL
#     SpyGlass Version : SpyGlass_vT-2022.06
#     Policy Name      : SpyGlass(SpyGlass_vT-2022.06)
#                        clock-reset(SpyGlass_vT-2022.06)
#                        erc(SpyGlass_vT-2022.06)
#                        latch(SpyGlass_vT-2022.06)
#                        lint(SpyGlass_vT-2022.06)
#                        morelint(SpyGlass_vT-2022.06)
#                        openmore(SpyGlass_vT-2022.06)
#                        power_est(SpyGlass_vT-2022.06)
#                        simulation(SpyGlass_vT-2022.06)
#                        starc(SpyGlass_vT-2022.06)
#                        starc2005(SpyGlass_vT-2022.06)
#                        txv(SpyGlass_vT-2022.06)
#
#     Total Number of Generated Messages :          8
#     Number of Waived Messages          :          0
#     Number of Reported Messages        :          8
#     Number of Overlimit Messages       :          0
#
#
################################################################################

+++++++++++++++++++++++++++++++++++++++++++++++++++++++++++++++++++++++
MORESIMPLE REPORT:


############### BuiltIn -> RuleGroup=Command-line read ###############
+++++++++++++++++++++++++++++++++++++++++++++++++++++++++++++++++++++++++++++++++++++++
ID       Rule                  Alias                 Severity    File                                                                                                                                 Line    Wt    Message
======================================================================================
[0]      CMD_overloadrule01    OverloadRuleUnused    Warning     /home/raid7_4/raid1_1/linux/synopsys/spyglass/2022.06/SPYGLASS_HOME/GuideWare/latest/block/rtl_handoff/lint/lint_rtl_enhanced.spq    369     10    Overload Specification for rule 'W339' has been ignored
+++++++++++++++++++++++++++++++++++++++++++++++++++++++++++++++++++++++++++++++++++++++


############### BuiltIn -> RuleGroup=Design Read ###############
+++++++++++++++++++++++++++++++++++++++++++++++++++++++++++++++++++++++++++++++++++++++
ID       Rule                    Alias                   Severity    File                                                                                    Line    Wt    Message
======================================================================================
[2]      DetectTopDesignUnits    DetectTopDesignUnits    Info        IOTDF.v                                                                                 2       2     Module IOTDF is a top level design unit
[1]      ElabSummary             ElabSummary             Info        ./spyglass-1/IOTDF/lint/lint_rtl_enhanced/spyglass_reports/SpyGlass/elab_summary.rpt    0       2     Please refer file './spyglass-1/IOTDF/lint/lint_rtl_enhanced/spyglass_reports/SpyGlass/elab_summary.rpt' for elab summary report
+++++++++++++++++++++++++++++++++++++++++++++++++++++++++++++++++++++++++++++++++++++++


############### Non-BuiltIn -> Goal=lint/lint_rtl_enhanced ###############
+++++++++++++++++++++++++++++++++++++++++++++++++++++++++++++++++++++++++++++++++++++++
ID       Rule                 Alias    Severity    File                                                                                     Line    Wt    Message
======================================================================================
[3]      W164a                         Warning     IOTDF.v                                                                                  170     10    LHS: 'input_cnt' width 4 is less than RHS: '(input_cnt + in_en)' width 5 in assignment [Hierarchy: ':IOTDF']
[5]      W240                          Warning     ./spyglass-1/IOTDF/lint/lint_rtl_enhanced/spyglass_reports/lint/SignalUsageReport.rpt    0       10    Please refer to 'SignalUsageReport.rpt' for details of violating bits
[6]      W240                          Warning     IOTDF.v                                                                                  196     10    Input 'main_key[56, 48, ...]' declared but not read.[Hierarchy: ':IOTDF:u_key_gen@key_gen']
[7]      W240                          Warning     IOTDF.v                                                                                  525     10    Input 'round[3:0]' declared but not read.[Hierarchy: ':IOTDF:u_top2maxmin@top2maxmin']
[4]      ReportPortInfo-ML             Info        ./spyglass-1/IOTDF/lint/lint_rtl_enhanced/spyglass_reports/morelint/ReportPortInfo       1       2     Port Information for top design unit has been generated. For details see report ReportPortInfo.rpt
+++++++++++++++++++++++++++++++++++++++++++++++++++++++++++++++++++++++++++++++++++++++
