
################################################################################
#
# This file has been generated by SpyGlass:
#     Report Name      : no_msg_reporting_rules
#     Report Created by: r2k41036
#     Report Created on:  Fri Nov  8 17:52:24 2024
#     Working Directory: /home/raid7_2/user12/r2k41036/NTU_CVSD2024/HW4/01_RTL
#     SpyGlass Version : SpyGlass_vT-2022.06
#     Policy Name      : SpyGlass(SpyGlass_vT-2022.06)
#                        clock-reset(SpyGlass_vT-2022.06)
#                        erc(SpyGlass_vT-2022.06)
#                        latch(SpyGlass_vT-2022.06)
#                        lint(SpyGlass_vT-2022.06)
#                        morelint(SpyGlass_vT-2022.06)
#                        openmore(SpyGlass_vT-2022.06)
#                        power_est(SpyGlass_vT-2022.06)
#                        simulation(SpyGlass_vT-2022.06)
#                        starc(SpyGlass_vT-2022.06)
#                        starc2005(SpyGlass_vT-2022.06)
#                        txv(SpyGlass_vT-2022.06)
#
#     Total Number of Generated Messages :          8
#     Number of Waived Messages          :          0
#     Number of Reported Messages        :          8
#     Number of Overlimit Messages       :          0
#
#
################################################################################

NO VIOLATION RULE REPORT :
++++++++++++++++++++++++++++++++++++++++++++++++++++++++++++++++++++++++++++++++

Following rules did not produce any violation or waived off during spyglass run

++++++++++++++++++++++++++++++++++++++++++++++++++++++++++++++++++++++++++++++++


================================================================================
	INDEX                                   RULE-NAME
================================================================================
	1                                  AutomaticFuncTask-ML
	2                                  BlockHeader
	3                                  BufClock
	4                                  CheckDelayTimescale-ML
	5                                  CombLoop
	6                                  DisallowCaseX-ML
	7                                  DuplicateCaseLabel-ML
	8                                  FlopClockConstant
	9                                  HdlLibDuCheck_03
	10                                 ImproperRangeIndex-ML
	11                                 InstPortConnType-ML
	12                                 LatchFeedback
	13                                 NoAssignX-ML
	14                                 NoFeedThrus-ML
	15                                 NoGenLabel-ML
	16                                 NoXInCase-ML
	17                                 ParamWidthMismatch-ML
	18                                 PragmaComments-ML
	19                                 ReserveName
	20                                 ReserveNameSystemVerilog-ML
	21                                 STARC-2.3.4.3
	22                                 STARC05-1.1.1.1
	23                                 STARC05-1.2.1.2
	24                                 STARC05-1.3.1.3
	25                                 STARC05-1.4.3.2
	26                                 STARC05-2.1.1.2
	27                                 STARC05-2.1.3.1
	28                                 STARC05-2.1.4.5
	29                                 STARC05-2.1.5.3
	30                                 STARC05-2.1.6.5
	31                                 STARC05-2.10.1.4a
	32                                 STARC05-2.10.1.4b
	33                                 STARC05-2.10.2.3
	34                                 STARC05-2.10.3.2a
	35                                 STARC05-2.11.3.1
	36                                 STARC05-2.2.3.1
	37                                 STARC05-2.2.3.3
	38                                 STARC05-2.3.1.2c
	39                                 STARC05-2.3.1.5b
	40                                 STARC05-2.3.1.6
	41                                 STARC05-2.3.4.1
	42                                 STARC05-2.3.4.1v
	43                                 STARC05-2.4.1.5
	44                                 STARC05-2.5.1.2
	45                                 STARC05-2.5.1.7
	46                                 STARC05-2.5.1.9
	47                                 STARC05-2.8.1.3
	48                                 STARC05-2.8.1.5
	49                                 STARC05-2.8.5.1
	50                                 STARC05-2.9.1.2a
	51                                 STARC05-2.9.1.2b
	52                                 SameControlNDataNet-ML
	53                                 SetBeforeRead-ML
	54                                 SigAssignZ-ML
	55                                 TristatePort-ML
	56                                 TristateSig-ML
	57                                 UndrivenInTerm-ML
	58                                 UndrivenNet-ML
	59                                 UndrivenOutPort-ML
	60                                 UnrecSynthDir-ML
	61                                 W110
	62                                 W110a
	63                                 W116
	64                                 W122
	65                                 W123
	66                                 W127
	67                                 W156
	68                                 W163
	69                                 W164b
	70                                 W167
	71                                 W188
	72                                 W19
	73                                 W193
	74                                 W210
	75                                 W215
	76                                 W216
	77                                 W218
	78                                 W238
	79                                 W239
	80                                 W241
	81                                 W245
	82                                 W263
	83                                 W287a
	84                                 W287c
	85                                 W289
	86                                 W292
	87                                 W293
	88                                 W314
	89                                 W316
	90                                 W317
	91                                 W336
	92                                 W337
	93                                 W339a
	94                                 W342
	95                                 W343
	96                                 W352
	97                                 W362
	98                                 W391
	99                                 W392
	100                                W398
	101                                W401
	102                                W402b
	103                                W414
	104                                W415
	105                                W416
	106                                W421
	107                                W422
	108                                W423
	109                                W424
	110                                W426
	111                                W438
	112                                W442a
	113                                W442b
	114                                W442c
	115                                W442f
	116                                W443
	117                                W444
	118                                W450L
	119                                W464
	120                                W467
	121                                W479
	122                                W480
	123                                W481a
	124                                W481b
	125                                W486
	126                                W494
	127                                W496a
	128                                W496b
	129                                W499
	130                                W502
	131                                W505
	132                                W527
	133                                W552
	134                                W553
	135                                W561
	136                                W575
	137                                W576
	138                                W66
	139                                W71
	140                                badimplicitSM1
	141                                badimplicitSM2
	142                                badimplicitSM4
	143                                bothedges
	144                                infiniteloop
	145                                mixedsenselist
	146                                sim_race02
	147                                sim_race07
================================================================================
