################################################################################
#
# This file has been generated by SpyGlass:
#     Report Created by: r2k41036
#     Report Created on: Fri Nov  8 17:52:24 2024
#     Working Directory: /home/raid7_2/user12/r2k41036/NTU_CVSD2024/HW4/01_RTL
#     Report Location  : ./spyglass-1/IOTDF/lint/lint_rtl_enhanced/spyglass_reports/lint/SignalUsageReport.rpt
#     SpyGlass Version : SpyGlass_vT-2022.06
#     Policy Name      : lint(SpyGlass_vT-2022.06)
#     Comment          : SignalUsageReport : It dumps details of violating bits of a signal

#
################################################################################



Module : key_gen(Hierarchy :IOTDF:u_key_gen@key_gen)

W240 : Following Bits of signal 'main_key' (File Name: IOTDF.v Line No.: 196) are not read
	[56]	[48]	[40]	[32]	[24]	[16]	[8]	[0]	


Module : top2maxmin(Hierarchy :IOTDF:u_top2maxmin@top2maxmin)

W240 : Following Bits of signal 'round' (File Name: IOTDF.v Line No.: 525) are not read
	[3:0]	

W123 (Verilog) : There are no violations of the rule for multibit variables


W241 (Verilog) : There are no violations of the rule for multibit variables
