
################################################################################
#
# This file has been generated by SpyGlass:
#     Report Name      : moresimple
#     Report Created by: r2k41036
#     Report Created on:  Fri Nov  8 01:54:34 2024
#     Working Directory: /home/raid7_2/user12/r2k41036/NTU_CVSD2024/HW4/01_RTL
#     SpyGlass Version : SpyGlass_vT-2022.06
#     Policy Name      : SpyGlass(SpyGlass_vT-2022.06)
#                        clock-reset(SpyGlass_vT-2022.06)
#                        erc(SpyGlass_vT-2022.06)
#                        latch(SpyGlass_vT-2022.06)
#                        lint(SpyGlass_vT-2022.06)
#                        morelint(SpyGlass_vT-2022.06)
#                        openmore(SpyGlass_vT-2022.06)
#                        power_est(SpyGlass_vT-2022.06)
#                        simulation(SpyGlass_vT-2022.06)
#                        starc(SpyGlass_vT-2022.06)
#                        starc2005(SpyGlass_vT-2022.06)
#                        txv(SpyGlass_vT-2022.06)
#
#     Total Number of Generated Messages :         52
#     Number of Waived Messages          :          0
#     Number of Reported Messages        :         52
#     Number of Overlimit Messages       :          0
#
#
################################################################################

+++++++++++++++++++++++++++++++++++++++++++++++++++++++++++++++++++++++
MORESIMPLE REPORT:


############### BuiltIn -> RuleGroup=Command-line read ###############
+++++++++++++++++++++++++++++++++++++++++++++++++++++++++++++++++++++++++++++++++++++++
ID       Rule                  Alias                 Severity    File                                                                                                                                 Line    Wt    Message
======================================================================================
[0]      CMD_overloadrule01    OverloadRuleUnused    Warning     /home/raid7_4/raid1_1/linux/synopsys/spyglass/2022.06/SPYGLASS_HOME/GuideWare/latest/block/rtl_handoff/lint/lint_rtl_enhanced.spq    369     10    Overload Specification for rule 'W339' has been ignored
+++++++++++++++++++++++++++++++++++++++++++++++++++++++++++++++++++++++++++++++++++++++


############### BuiltIn -> RuleGroup=Design Read ###############
+++++++++++++++++++++++++++++++++++++++++++++++++++++++++++++++++++++++++++++++++++++++
ID       Rule                    Alias                   Severity    File                                                                              Line    Wt    Message
======================================================================================
[2]      DetectTopDesignUnits    DetectTopDesignUnits    Info        IOTDF.v                                                                           2       2     Module IOTDF is a top level design unit
[1]      ElabSummary             ElabSummary             Info        ./spyglass-1/lint/lint_rtl_enhanced/spyglass_reports/SpyGlass/elab_summary.rpt    0       2     Please refer file './spyglass-1/lint/lint_rtl_enhanced/spyglass_reports/SpyGlass/elab_summary.rpt' for elab summary report
+++++++++++++++++++++++++++++++++++++++++++++++++++++++++++++++++++++++++++++++++++++++


############### Non-BuiltIn -> Goal=lint/lint_rtl_enhanced ###############
+++++++++++++++++++++++++++++++++++++++++++++++++++++++++++++++++++++++++++++++++++++++
ID       Rule                  Alias                 Severity    File                                                                               Line    Wt    Message
======================================================================================
[33]     STARC05-1.3.1.3       AsyncResetOtherUse    Error       IOTDF.v                                                                            132     10    Asynchronous reset signal 'IOTDF.rst' (flop: 'IOTDF.data_r[0]') used as non-reset/synchronous-reset at instance 'IOTDF.\cs_reg[0] .D' (File Name: 'IOTDF.v' ,Line no.: '156')
[21]     UndrivenInTerm-ML                           Error       IOTDF.v                                                                            93      10    Detected undriven input terminal IOTDF.u_ciptext_gen.key_in[47:0]
[20]     UndrivenInTerm-ML                           Error       IOTDF.v                                                                            172     10    Detected undriven input terminal IOTDF.crc_out_valid_w
[29]     UndrivenInTerm-ML                           Error       IOTDF.v                                                                            282     10    Detected undriven input terminal IOTDF.u_ciptext_gen.L_ready_r[31:0]
[26]     UndrivenInTerm-ML                           Error       IOTDF.v                                                                            293     10    Detected undriven input terminal IOTDF.u_ciptext_gen.main_key_r[63:0]
[27]     UndrivenInTerm-ML                           Error       IOTDF.v                                                                            301     10    Detected undriven input terminal IOTDF.u_ciptext_gen.final_permutation_w[31:0]
[28]     UndrivenInTerm-ML                           Error       IOTDF.v                                                                            301     10    Detected undriven input terminal IOTDF.u_ciptext_gen.first_r[15]
[25]     UndrivenInTerm-ML                           Error       IOTDF.v                                                                            304     10    Detected undriven input terminal IOTDF.u_ciptext_gen.u_sbox.R[31:0]
[24]     UndrivenInTerm-ML                           Error       IOTDF.v                                                                            479     10    Detected undriven input terminal IOTDF.u_crc_calc.data[119:112]
[23]     UndrivenInTerm-ML                           Error       IOTDF.v                                                                            486     10    Detected undriven input terminal IOTDF.u_crc_calc.crcIn[2:1]
[22]     UndrivenInTerm-ML                           Error       IOTDF.v                                                                            487     10    Detected undriven input terminal IOTDF.u_crc_calc.crcIn[0]
[32]     UndrivenNet-ML                              Error       IOTDF.v                                                                            208     10    Detected undriven net IOTDF.u_key_gen.pc2_in_r[55:48, 46:39, 37:35, 33:32, 30:22, 20:19, 17:14, 12:3, 1:0]
[31]     UndrivenNet-ML                              Error       IOTDF.v                                                                            282     10    Detected undriven net IOTDF.u_ciptext_gen.L_ready_r[31:0]
[2F]     UndrivenNet-ML                              Error       IOTDF.v                                                                            293     10    Detected undriven net IOTDF.u_ciptext_gen.main_key_r[63:0]
[30]     UndrivenNet-ML                              Error       IOTDF.v                                                                            304     10    Detected undriven net IOTDF.u_ciptext_gen.R_ready_r[31:0]
[2E]     UndrivenNet-ML                              Error       IOTDF.v                                                                            320     10    Detected undriven net IOTDF.u_ciptext_gen.first_r[15]
[2A]     UndrivenNet-ML                              Error       IOTDF.v                                                                            479     10    Detected undriven net IOTDF.u_crc_calc.data[119:112]
[2B]     UndrivenNet-ML                              Error       IOTDF.v                                                                            481     10    Detected undriven net IOTDF.u_crc_calc.first_r[15]
[2C]     UndrivenNet-ML                              Error       IOTDF.v                                                                            486     10    Detected undriven net IOTDF.u_crc_calc.crcIn[2:1]
[2D]     UndrivenNet-ML                              Error       IOTDF.v                                                                            487     10    Detected undriven net IOTDF.u_crc_calc.crcIn[0]
[5]      W123                                        Error       ./spyglass-1/lint/lint_rtl_enhanced/spyglass_reports/lint/SignalUsageReport.rpt    0       10    Please refer to 'SignalUsageReport.rpt' for details of violating bits
[6]      W123                                        Error       IOTDF.v                                                                            231     10    Variable 'pc2_in_r[55:48, 46:39, ...]' read but never set.[Hierarchy: ':IOTDF:u_key_gen@key_gen']
[F]      W123                                        Error       IOTDF.v                                                                            282     10    Variable 'R_ready_r[31:0]' read but never set.[Hierarchy: ':IOTDF:u_ciptext_gen@ciptext_gen']
[10]     W123                                        Error       IOTDF.v                                                                            282     10    Variable 'L_ready_r[31:0]' read but never set.[Hierarchy: ':IOTDF:u_ciptext_gen@ciptext_gen']
[D]      W123                                        Error       IOTDF.v                                                                            293     10    Variable 'main_key_r[63:0]' read but never set.[Hierarchy: ':IOTDF:u_ciptext_gen@ciptext_gen']
[E]      W123                                        Error       IOTDF.v                                                                            293     10    Variable 'first_r[15]' read but never set.[Hierarchy: ':IOTDF:u_ciptext_gen@ciptext_gen']
[17]     W123                                        Error       IOTDF.v                                                                            479     10    Variable 'data[119:112]' read but never set.[Hierarchy: ':IOTDF:u_crc_calc@crc_calc']
[16]     W123                                        Error       IOTDF.v                                                                            481     10    Variable 'first_r[15]' read but never set.[Hierarchy: ':IOTDF:u_crc_calc@crc_calc']
[18]     W123                                        Error       IOTDF.v                                                                            487     10    Variable 'crcIn[2:0]' read but never set.[Hierarchy: ':IOTDF:u_crc_calc@crc_calc']
[15]     W287a                                       Error       IOTDF.v                                                                            304     5     Input 'R_ready_r' of instance 'u_sbox' is undriven.[Hierarchy: ':IOTDF:u_ciptext_gen@ciptext_gen']
[1F]     UndrivenOutPort-ML                          Warning     IOTDF.v                                                                            186     10    Detected undriven output port key_out[47:0]
[1C]     UndrivenOutPort-ML                          Warning     IOTDF.v                                                                            267     10    Detected undriven output port o_out_valid
[1D]     UndrivenOutPort-ML                          Warning     IOTDF.v                                                                            469     10    Detected undriven output port o_out_valid
[1E]     UndrivenOutPort-ML                          Warning     IOTDF.v                                                                            470     10    Detected undriven output port o_crc[2:0]
[3]      W164a                                       Warning     IOTDF.v                                                                            149     10    LHS: 'input_cnt' width 4 is less than RHS: '(input_cnt + in_en)' width 5 in assignment [Hierarchy: ':IOTDF']
[8]      W240                                        Warning     ./spyglass-1/lint/lint_rtl_enhanced/spyglass_reports/lint/SignalUsageReport.rpt    0       10    Please refer to 'SignalUsageReport.rpt' for details of violating bits
[7]      W240                                        Warning     IOTDF.v                                                                            181     10    Input 'clk' declared but not read.[Hierarchy: ':IOTDF:u_key_gen@key_gen']
[C]      W240                                        Warning     IOTDF.v                                                                            182     10    Input 'main_key[56, 48, ...]' declared but not read.[Hierarchy: ':IOTDF:u_key_gen@key_gen']
[B]      W240                                        Warning     IOTDF.v                                                                            183     10    Input 'round[3:0]' declared but not read.[Hierarchy: ':IOTDF:u_key_gen@key_gen']
[9]      W240                                        Warning     IOTDF.v                                                                            184     10    Input 'mode' declared but not read.[Hierarchy: ':IOTDF:u_key_gen@key_gen']
[A]      W240                                        Warning     IOTDF.v                                                                            185     10    Input 'rst' declared but not read.[Hierarchy: ':IOTDF:u_key_gen@key_gen']
[11]     W240                                        Warning     IOTDF.v                                                                            261     10    Input 'clk' declared but not read.[Hierarchy: ':IOTDF:u_ciptext_gen@ciptext_gen']
[14]     W240                                        Warning     IOTDF.v                                                                            262     10    Input 'main_key[63:0]' declared but not read.[Hierarchy: ':IOTDF:u_ciptext_gen@ciptext_gen']
[12]     W240                                        Warning     IOTDF.v                                                                            265     10    Input 'first' declared but not read.[Hierarchy: ':IOTDF:u_ciptext_gen@ciptext_gen']
[13]     W240                                        Warning     IOTDF.v                                                                            266     10    Input 'rst' declared but not read.[Hierarchy: ':IOTDF:u_ciptext_gen@ciptext_gen']
[19]     W240                                        Warning     IOTDF.v                                                                            465     10    Input 'clk' declared but not read.[Hierarchy: ':IOTDF:u_crc_calc@crc_calc']
[1B]     W240                                        Warning     IOTDF.v                                                                            466     10    Input 'i_data[119:0]' declared but not read.[Hierarchy: ':IOTDF:u_crc_calc@crc_calc']
[1A]     W240                                        Warning     IOTDF.v                                                                            468     10    Input 'rst' declared but not read.[Hierarchy: ':IOTDF:u_crc_calc@crc_calc']
[4]      ReportPortInfo-ML                           Info        ./spyglass-1/lint/lint_rtl_enhanced/spyglass_reports/morelint/ReportPortInfo       1       2     Port Information for top design unit has been generated. For details see report ReportPortInfo.rpt
+++++++++++++++++++++++++++++++++++++++++++++++++++++++++++++++++++++++++++++++++++++++
