
################################################################################
#
# This file has been generated by SpyGlass:
#     Report Name      : no_msg_reporting_rules
#     Report Created by: r2k41036
#     Report Created on:  Fri Nov  8 01:54:34 2024
#     Working Directory: /home/raid7_2/user12/r2k41036/NTU_CVSD2024/HW4/01_RTL
#     SpyGlass Version : SpyGlass_vT-2022.06
#     Policy Name      : SpyGlass(SpyGlass_vT-2022.06)
#                        clock-reset(SpyGlass_vT-2022.06)
#                        erc(SpyGlass_vT-2022.06)
#                        latch(SpyGlass_vT-2022.06)
#                        lint(SpyGlass_vT-2022.06)
#                        morelint(SpyGlass_vT-2022.06)
#                        openmore(SpyGlass_vT-2022.06)
#                        power_est(SpyGlass_vT-2022.06)
#                        simulation(SpyGlass_vT-2022.06)
#                        starc(SpyGlass_vT-2022.06)
#                        starc2005(SpyGlass_vT-2022.06)
#                        txv(SpyGlass_vT-2022.06)
#
#     Total Number of Generated Messages :         52
#     Number of Waived Messages          :          0
#     Number of Reported Messages        :         52
#     Number of Overlimit Messages       :          0
#
#
################################################################################

NO VIOLATION RULE REPORT :
++++++++++++++++++++++++++++++++++++++++++++++++++++++++++++++++++++++++++++++++

Following rules did not produce any violation or waived off during spyglass run

++++++++++++++++++++++++++++++++++++++++++++++++++++++++++++++++++++++++++++++++


================================================================================
	INDEX                                   RULE-NAME
================================================================================
	1                                  AutomaticFuncTask-ML
	2                                  BlockHeader
	3                                  BufClock
	4                                  CheckDelayTimescale-ML
	5                                  CombLoop
	6                                  DisallowCaseX-ML
	7                                  DuplicateCaseLabel-ML
	8                                  FlopClockConstant
	9                                  HdlLibDuCheck_03
	10                                 ImproperRangeIndex-ML
	11                                 InstPortConnType-ML
	12                                 LatchFeedback
	13                                 NoAssignX-ML
	14                                 NoFeedThrus-ML
	15                                 NoGenLabel-ML
	16                                 NoXInCase-ML
	17                                 ParamWidthMismatch-ML
	18                                 PragmaComments-ML
	19                                 ReserveName
	20                                 ReserveNameSystemVerilog-ML
	21                                 STARC-2.3.4.3
	22                                 STARC05-1.1.1.1
	23                                 STARC05-1.2.1.2
	24                                 STARC05-1.4.3.2
	25                                 STARC05-2.1.1.2
	26                                 STARC05-2.1.3.1
	27                                 STARC05-2.1.4.5
	28                                 STARC05-2.1.5.3
	29                                 STARC05-2.1.6.5
	30                                 STARC05-2.10.1.4a
	31                                 STARC05-2.10.1.4b
	32                                 STARC05-2.10.2.3
	33                                 STARC05-2.10.3.2a
	34                                 STARC05-2.11.3.1
	35                                 STARC05-2.2.3.1
	36                                 STARC05-2.2.3.3
	37                                 STARC05-2.3.1.2c
	38                                 STARC05-2.3.1.5b
	39                                 STARC05-2.3.1.6
	40                                 STARC05-2.3.4.1
	41                                 STARC05-2.3.4.1v
	42                                 STARC05-2.4.1.5
	43                                 STARC05-2.5.1.2
	44                                 STARC05-2.5.1.7
	45                                 STARC05-2.5.1.9
	46                                 STARC05-2.8.1.3
	47                                 STARC05-2.8.1.5
	48                                 STARC05-2.8.5.1
	49                                 STARC05-2.9.1.2a
	50                                 STARC05-2.9.1.2b
	51                                 SameControlNDataNet-ML
	52                                 SetBeforeRead-ML
	53                                 SigAssignZ-ML
	54                                 TristatePort-ML
	55                                 TristateSig-ML
	56                                 UnrecSynthDir-ML
	57                                 W110
	58                                 W110a
	59                                 W116
	60                                 W122
	61                                 W127
	62                                 W156
	63                                 W163
	64                                 W164b
	65                                 W167
	66                                 W188
	67                                 W19
	68                                 W193
	69                                 W210
	70                                 W215
	71                                 W216
	72                                 W218
	73                                 W238
	74                                 W239
	75                                 W241
	76                                 W245
	77                                 W263
	78                                 W287c
	79                                 W289
	80                                 W292
	81                                 W293
	82                                 W314
	83                                 W316
	84                                 W317
	85                                 W336
	86                                 W337
	87                                 W339a
	88                                 W342
	89                                 W343
	90                                 W352
	91                                 W362
	92                                 W391
	93                                 W392
	94                                 W398
	95                                 W401
	96                                 W402b
	97                                 W414
	98                                 W415
	99                                 W416
	100                                W421
	101                                W422
	102                                W423
	103                                W424
	104                                W426
	105                                W438
	106                                W442a
	107                                W442b
	108                                W442c
	109                                W442f
	110                                W443
	111                                W444
	112                                W450L
	113                                W464
	114                                W467
	115                                W479
	116                                W480
	117                                W481a
	118                                W481b
	119                                W486
	120                                W494
	121                                W496a
	122                                W496b
	123                                W499
	124                                W502
	125                                W505
	126                                W527
	127                                W552
	128                                W553
	129                                W561
	130                                W575
	131                                W576
	132                                W66
	133                                W71
	134                                badimplicitSM1
	135                                badimplicitSM2
	136                                badimplicitSM4
	137                                bothedges
	138                                infiniteloop
	139                                mixedsenselist
	140                                sim_race02
	141                                sim_race07
================================================================================
