################################################################################
#
# This file has been generated by SpyGlass:
#     Report Created by: r2k41036
#     Report Created on: Fri Nov  8 01:54:34 2024
#     Working Directory: /home/raid7_2/user12/r2k41036/NTU_CVSD2024/HW4/01_RTL
#     Report Location  : ./spyglass-1/lint/lint_rtl_enhanced/spyglass_reports/lint/SignalUsageReport.rpt
#     SpyGlass Version : SpyGlass_vT-2022.06
#     Policy Name      : lint(SpyGlass_vT-2022.06)
#     Comment          : SignalUsageReport : It dumps details of violating bits of a signal

#
################################################################################



Module : key_gen(Hierarchy :IOTDF:u_key_gen@key_gen)

W123 : Following Bits of signal 'pc2_in_r' (File Name: IOTDF.v Line No.: 231) are read but not set
	[55:48]	[46:39]	[37:35]	[33:32]	[30:22]	[20:19]	[17:14]	[12:3]	[1:0]	


Module : key_gen(Hierarchy :IOTDF:u_key_gen@key_gen)

W240 : Following Bits of signal 'main_key' (File Name: IOTDF.v Line No.: 182) are not read
	[56]	[48]	[40]	[32]	[24]	[16]	[8]	[0]	

W240 : Following Bits of signal 'round' (File Name: IOTDF.v Line No.: 183) are not read
	[3:0]	


Module : ciptext_gen(Hierarchy :IOTDF:u_ciptext_gen@ciptext_gen)

W123 : Following Bits of signal 'L_ready_r' (File Name: IOTDF.v Line No.: 282) are read but not set
	[31:0]	

W123 : Following Bits of signal 'R_ready_r' (File Name: IOTDF.v Line No.: 282) are read but not set
	[31:0]	

W123 : Following Bits of signal 'first_r' (File Name: IOTDF.v Line No.: 293) are read but not set
	[15]	

W123 : Following Bits of signal 'main_key_r' (File Name: IOTDF.v Line No.: 293) are read but not set
	[63:0]	


Module : ciptext_gen(Hierarchy :IOTDF:u_ciptext_gen@ciptext_gen)

W240 : Following Bits of signal 'main_key' (File Name: IOTDF.v Line No.: 262) are not read
	[63:0]	


Module : crc_calc(Hierarchy :IOTDF:u_crc_calc@crc_calc)

W123 : Following Bits of signal 'crcIn' (File Name: IOTDF.v Line No.: 487) are read but not set
	[2:0]	

W123 : Following Bits of signal 'data' (File Name: IOTDF.v Line No.: 479) are read but not set
	[119:112]	

W123 : Following Bits of signal 'first_r' (File Name: IOTDF.v Line No.: 481) are read but not set
	[15]	


Module : crc_calc(Hierarchy :IOTDF:u_crc_calc@crc_calc)

W240 : Following Bits of signal 'i_data' (File Name: IOTDF.v Line No.: 466) are not read
	[119:0]	

W241 (Verilog) : There are no violations of the rule for multibit variables
