SpyGlass Predictive Analyzer(R) - SpyGlass_vT-2022.06
All Rights Reserved. Use, disclosure or duplication 
without prior written permission of Synopsys Inc. is prohibited.
Technical support: email spyglass_support@synopsys.com 

Creating 'dashboard' reports using config file '/tmp/config_79927'
##cwd         : /home/raid7_2/user12/r2k41036/NTU_CVSD2024/1131_hw1/01_RTL
##system      : Linux cad27 3.10.0-1160.el7.x86_64 #1 SMP Mon Oct 19 16:18:59 UTC 2020 x86_64 x86_64 x86_64 GNU/Linux
##Date & Time : Mon Sep 30 14:04:51 2024
Checkout 'dashboard' license at Mon Sep 30 14:04:49 2024 
Checkout 'dashboard' license completed at Mon Sep 30 14:04:49 2024 
Generating Dashboard report started at Mon Sep 30 14:04:49 2024 
Checking project file /home/raid7_2/user12/r2k41036/NTU_CVSD2024/1131_hw1/01_RTL/nWave.prj at Mon Sep 30 14:04:50 2024 
Processing Project File:/home/raid7_2/user12/r2k41036/NTU_CVSD2024/1131_hw1/01_RTL/nWave.prj 
     Work Directory:/home/raid7_2/user12/r2k41036/NTU_CVSD2024/1131_hw1/01_RTL/nWave 
     Top Name: alu 
     Group Mode: 0 
     Methodology:/home/raid7_4/raid1_1/linux/synopsys/spyglass/2022.06/SPYGLASS_HOME/GuideWare/2022.06/block/rtl_handoff 
    Goals executed: lint/lint_rtl::,lint/lint_rtl_enhanced:: 
  Goal lint/lint_rtl run status: Completed 
  Goal lint/lint_rtl_enhanced run status: Completed 
No or invalid 'SUCCESS_CRITERIA_FILE_PATH' set in Config file.The report will use some of the SpyGlass default set values but it may be incomplete. 
Adding data for block: alu, from project: /home/raid7_2/user12/r2k41036/NTU_CVSD2024/1131_hw1/01_RTL/nWave.prj 
Generating data for block 'alu' 
  Generating data for goal 'lint/lint_rtl' from directory '/home/raid7_2/user12/r2k41036/NTU_CVSD2024/1131_hw1/01_RTL/nWave/alu/lint/lint_rtl' 
  Generating data for goal 'lint/lint_rtl_enhanced' from directory '/home/raid7_2/user12/r2k41036/NTU_CVSD2024/1131_hw1/01_RTL/nWave/alu/lint/lint_rtl_enhanced' 
Ignoring /home/raid7_2/user12/r2k41036/NTU_CVSD2024/1131_hw1/01_RTL/nWave/alu/lint/lint_rtl_enhanced/spyglass.log and correspondig reports as pre-existing file /home/raid7_2/user12/r2k41036/NTU_CVSD2024/1131_hw1/01_RTL/nWave/html_reports/data_files/alu_lint-lint_rtl_enhanced_spyglass.log seems up-to-date 
Report Dashboard creation completed at Mon Sep 30 14:04:50 2024 
Checkin 'dashboard' license at Mon Sep 30 14:04:50 2024 
----------------------------------------------------------------
Report 'dashboard' created.
  File: /home/raid7_2/user12/r2k41036/NTU_CVSD2024/1131_hw1/01_RTL/nWave/html_reports/dashboard.html 
----------------------------------------------------------------

SpyGlass Exit Code 0
