################################################################################
#
# This file has been generated by SpyGlass:
#     Report Created by: r2k41036
#     Report Created on: Sat Oct 12 21:31:01 2024
#     Working Directory: /home/raid7_2/user12/r2k41036/NTU_CVSD2024/HW3/01_RTL
#     Report Location  : ./spyglass-1/core/lint/lint_rtl/spyglass_reports/SpyGlass/checksum.rpt
#     SpyGlass Version : SpyGlass_vT-2022.06
#     Policy Name      : SpyGlass(SpyGlass_vT-2022.06)
#     Comment          : This report contains md5sum of design file(s)
#
################################################################################

=====================================================================================
                         MD5SUM CHECKSUM OF DESIGN FILES 
=====================================================================================
MD5SUM CHECKSUM                   SOURCE              PATH OF DESIGN FILE       
-------------------------------------------------------------------------------------
297b565bc1072a4f7b023c6116733828  1      /home/raid7_2/user12/r2k41036/NTU_CVSD2024/HW3/01_RTL/core.v  
c2703d5aea8b0fd0d1b679b39fec1a6e  1      /home/raid7_2/user12/r2k41036/NTU_CVSD2024/HW3/01_RTL/conv.v  
9c87759942efa095685686f0c92a5c20  1      /home/raid7_2/user12/r2k41036/NTU_CVSD2024/HW3/01_RTL/median.v  
