
################################################################################
#
# This file has been generated by SpyGlass:
#     Report Name      : moresimple
#     Report Created by: MingKe
#     Report Created on:  Sun Nov  3 16:33:24 2024
#     Working Directory: /home/MingKe/Study/NTU_CVSD2024/HW3/01_RTL
#     SpyGlass Version : SpyGlass_vS-2021.09
#     Policy Name      : SpyGlass(SpyGlass_vS-2021.09)
#                        clock-reset(SpyGlass_vS-2021.09)
#                        erc(SpyGlass_vS-2021.09)
#                        latch(SpyGlass_vS-2021.09)
#                        lint(SpyGlass_vS-2021.09)
#                        morelint(SpyGlass_vS-2021.09)
#                        openmore(SpyGlass_vS-2021.09)
#                        power_est(SpyGlass_vS-2021.09)
#                        simulation(SpyGlass_vS-2021.09)
#                        starc(SpyGlass_vS-2021.09)
#                        starc2005(SpyGlass_vS-2021.09)
#                        txv(SpyGlass_vS-2021.09)
#
#     Total Number of Generated Messages :          5
#     Number of Waived Messages          :          0
#     Number of Reported Messages        :          5
#     Number of Overlimit Messages       :          0
#
#
################################################################################

+++++++++++++++++++++++++++++++++++++++++++++++++++++++++++++++++++++++
MORESIMPLE REPORT:


############### BuiltIn -> RuleGroup=Blackbox Resolution ###############
+++++++++++++++++++++++++++++++++++++++++++++++++++++++++++++++++++++++++++++++++++++++
ID       Rule               Alias              Severity    File      Line    Wt    Message
======================================================================================
[A]      InfoAnalyzeBBox    InfoAnalyzeBBox    Info        core.v    127     10    Design Unit 'sram_512x8' has empty definition; Ignore specification applied on design unit using 'ignoredu' option
+++++++++++++++++++++++++++++++++++++++++++++++++++++++++++++++++++++++++++++++++++++++


############### BuiltIn -> RuleGroup=Design Read ###############
+++++++++++++++++++++++++++++++++++++++++++++++++++++++++++++++++++++++++++++++++++++++
ID       Rule                    Alias                   Severity    File                                                                            Line    Wt    Message
======================================================================================
[2]      DetectTopDesignUnits    DetectTopDesignUnits    Info        core.v                                                                          2       2     Module core is a top level design unit
[1]      ElabSummary             ElabSummary             Info        ./spyglass-1/core/lint/lint_rtl/spyglass_reports/SpyGlass/elab_summary.rpt      0       2     Please refer file './spyglass-1/core/lint/lint_rtl/spyglass_reports/SpyGlass/elab_summary.rpt' for elab summary report
[4]      InferBlackBox           inferblackbox           Info        N.A.                                                                            0       10    Interfaces for blackbox modules have been inferred. Please refer to AnalyzeBBox violations for more details
[0]      ReportIgnoreSummary     ReportIgnoreSummary     Info        ./spyglass-1/core/lint/lint_rtl/spyglass_reports/SpyGlass/ignore_summary.rpt    0       10    Design option(s) ignorefile/ignoredu specified. Please see ./spyglass-1/core/lint/lint_rtl/spyglass_reports/SpyGlass/ignore_summary.rpt to know the design files/design units which have been ignored
+++++++++++++++++++++++++++++++++++++++++++++++++++++++++++++++++++++++++++++++++++++++
