
################################################################################
#
# This file has been generated by SpyGlass:
#     Report Name      : no_msg_reporting_rules
#     Report Created by: r2k41036
#     Report Created on:  Sun Oct 20 19:38:32 2024
#     Working Directory: /home/raid7_2/user12/r2k41036/NTU_CVSD2024/HW3/01_RTL
#     SpyGlass Version : SpyGlass_vT-2022.06
#     Policy Name      : SpyGlass(SpyGlass_vT-2022.06)
#                        clock-reset(SpyGlass_vT-2022.06)
#                        erc(SpyGlass_vT-2022.06)
#                        latch(SpyGlass_vT-2022.06)
#                        lint(SpyGlass_vT-2022.06)
#                        morelint(SpyGlass_vT-2022.06)
#                        openmore(SpyGlass_vT-2022.06)
#                        power_est(SpyGlass_vT-2022.06)
#                        simulation(SpyGlass_vT-2022.06)
#                        starc(SpyGlass_vT-2022.06)
#                        starc2005(SpyGlass_vT-2022.06)
#                        txv(SpyGlass_vT-2022.06)
#
#     Total Number of Generated Messages :         23
#     Number of Waived Messages          :          0
#     Number of Reported Messages        :         23
#     Number of Overlimit Messages       :          0
#
#
################################################################################

NO VIOLATION RULE REPORT :
++++++++++++++++++++++++++++++++++++++++++++++++++++++++++++++++++++++++++++++++

Following rules did not produce any violation or waived off during spyglass run

++++++++++++++++++++++++++++++++++++++++++++++++++++++++++++++++++++++++++++++++


================================================================================
	INDEX                                   RULE-NAME
================================================================================
	1                                  BlockHeader
	2                                  BufClock
	3                                  CheckDelayTimescale-ML
	4                                  CombLoop
	5                                  FlopClockConstant
	6                                  FlopEConst
	7                                  InferLatch
	8                                  LatchFeedback
	9                                  NoAssignX-ML
	10                                 NoXInCase-ML
	11                                 ParamWidthMismatch-ML
	12                                 STARC05-1.2.1.2
	13                                 STARC05-1.3.1.3
	14                                 STARC05-2.1.3.1
	15                                 STARC05-2.1.4.5
	16                                 STARC05-2.1.5.3
	17                                 STARC05-2.1.6.5
	18                                 STARC05-2.10.1.4a
	19                                 STARC05-2.10.1.4b
	20                                 STARC05-2.10.2.3
	21                                 STARC05-2.10.3.2a
	22                                 STARC05-2.11.3.1
	23                                 STARC05-2.2.3.3
	24                                 STARC05-2.3.1.2c
	25                                 STARC05-2.3.1.5b
	26                                 STARC05-2.3.1.6
	27                                 STARC05-2.3.3.1
	28                                 STARC05-2.3.4.1v
	29                                 STARC05-2.4.1.5
	30                                 STARC05-2.5.1.2
	31                                 STARC05-2.5.1.7
	32                                 STARC05-2.5.1.9
	33                                 W110
	34                                 W110a
	35                                 W116
	36                                 W122
	37                                 W156
	38                                 W19
	39                                 W215
	40                                 W216
	41                                 W218
	42                                 W224
	43                                 W240
	44                                 W263
	45                                 W287a
	46                                 W287b
	47                                 W289
	48                                 W292
	49                                 W293
	50                                 W317
	51                                 W336
	52                                 W337
	53                                 W339a
	54                                 W352
	55                                 W362
	56                                 W392
	57                                 W398
	58                                 W414
	59                                 W415a
	60                                 W416
	61                                 W421
	62                                 W422
	63                                 W424
	64                                 W426
	65                                 W442a
	66                                 W442b
	67                                 W442c
	68                                 W442f
	69                                 W450L
	70                                 W467
	71                                 W480
	72                                 W481a
	73                                 W481b
	74                                 W486
	75                                 W496a
	76                                 W496b
	77                                 W499
	78                                 W502
	79                                 W505
	80                                 W66
	81                                 W71
	82                                 badimplicitSM1
	83                                 badimplicitSM2
	84                                 badimplicitSM4
	85                                 bothedges
	86                                 mixedsenselist
	87                                 sim_race02
================================================================================
