
                           Design Compiler Graphical 
                                 DC Ultra (TM)
                                  DFTMAX (TM)
                              Power Compiler (TM)
                                 DesignWare (R)
                                 DC Expert (TM)
                               Design Vision (TM)
                               HDL Compiler (TM)
                               VHDL Compiler (TM)
                                  DFT Compiler
                               Design Compiler(R)

                 Version U-2022.12 for linux64 - Nov 22, 2022 

                    Copyright (c) 1988 - 2022 Synopsys, Inc.
   This software and the associated documentation are proprietary to Synopsys,
 Inc. This software may only be used in accordance with the terms and conditions
 of a written license agreement with Synopsys, Inc. All other use, reproduction,
   or distribution of this software is strictly prohibited.  Licensed Products
     communicate with Synopsys servers for the purpose of providing software
    updates, detecting software piracy and verifying that customers are using
    Licensed Products in conformity with the applicable License Key for such
  Licensed Products. Synopsys will use information gathered in connection with
    this process to deliver software updates and pursue software pirates and
                                   infringers.

 Inclusivity & Diversity - Visit SolvNetPlus to read the "Synopsys Statement on
            Inclusivity and Diversity" (Refer to article 000036315 at
                        https://solvnetplus.synopsys.com)
Initializing...
# Setting environment
sh mkdir -p Netlist
sh mkdir -p Report
set company {NTUGIEE}
NTUGIEE
set designer {Student}
Student
set search_path      ". /home/raid7_2/course/cvsd/CBDK_IC_Contest/CIC/SynopsysDC/db  ../sram_256x8 ../sram_512x8 ../sram_4096x8 $search_path ../ ./"
. /home/raid7_2/course/cvsd/CBDK_IC_Contest/CIC/SynopsysDC/db  ../sram_256x8 ../sram_512x8 ../sram_4096x8 . /usr/cad/synopsys/synthesis/cur/libraries/syn /usr/cad/synopsys/synthesis/cur/dw/syn_ver /usr/cad/synopsys/synthesis/cur/dw/sim_ver ../ ./
set target_library   "slow.db                 \
                      sram_256x8_slow_syn.db  \
                      sram_512x8_slow_syn.db  \
                      sram_4096x8_slow_syn.db \
                     "
slow.db                  sram_256x8_slow_syn.db   sram_512x8_slow_syn.db   sram_4096x8_slow_syn.db  
set link_library     "* $target_library dw_foundation.sldb"
* slow.db                  sram_256x8_slow_syn.db   sram_512x8_slow_syn.db   sram_4096x8_slow_syn.db   dw_foundation.sldb
set symbol_library   "tsmc13.sdb generic.sdb"
tsmc13.sdb generic.sdb
set synthetic_library "dw_foundation.sldb"
dw_foundation.sldb
set default_schematic_options {-size infinite}
-size infinite
# Import Design
set DESIGN "core"
core
set hdlin_translate_off_skip_text "TRUE"
Information: Variable 'hdlin_translate_off_skip_text' is obsolete and is being ignored. (INFO-100)
TRUE
set edifout_netlist_only "TRUE"
TRUE
set verilogout_no_tri true
true
set hdlin_enable_presto_for_vhdl "TRUE"
Information: Variable 'hdlin_enable_presto_for_vhdl' is obsolete and is being ignored. (INFO-100)
Information: Variable 'hdlin_enable_presto_for_vhdl' is obsolete and is being ignored. (INFO-100)
TRUE
set sh_enable_line_editing true
true
set sh_line_editing_mode emacs
emacs
history keep 100
100
alias h history
analyze -format sverilog "flist.sv"
Running PRESTO HDLC
Compiling source file ./flist.sv
Opening include file ../01_RTL/define.v
Opening include file ../01_RTL/conv.v
Opening include file ../01_RTL/median.v
Opening include file ../01_RTL/sobel.v
Opening include file ../01_RTL/core.v
Presto compilation completed successfully.
Loading db file '/home/raid7_2/course/cvsd/CBDK_IC_Contest/CIC/SynopsysDC/db/slow.db'
Loading db file '/home/raid7_2/user12/r2k41036/NTU_CVSD2024/HW3/sram_256x8/sram_256x8_slow_syn.db'
Loading db file '/home/raid7_2/user12/r2k41036/NTU_CVSD2024/HW3/sram_512x8/sram_512x8_slow_syn.db'
Loading db file '/home/raid7_2/user12/r2k41036/NTU_CVSD2024/HW3/sram_4096x8/sram_4096x8_slow_syn.db'
Loading db file '/usr/cad/synopsys/synthesis/cur/libraries/syn/dw_foundation.sldb'
1
elaborate $DESIGN
Loading db file '/usr/cad/synopsys/synthesis/cur/libraries/syn/gtech.db'
Loading db file '/usr/cad/synopsys/synthesis/cur/libraries/syn/standard.sldb'
  Loading link library 'slow'
  Loading link library 'sram_256x8'
  Loading link library 'sram_512x8'
  Loading link library 'sram_4096x8'
  Loading link library 'gtech'
Running PRESTO HDLC
Warning:  ../01_RTL/core.v:390: Statement unreachable (Branch condition impossible to meet).  (VER-61)
Warning:  ../01_RTL/core.v:392: Statement unreachable (Branch condition impossible to meet).  (VER-61)
Warning:  ../01_RTL/core.v:533: signed to unsigned assignment occurs. (VER-318)
Warning:  ../01_RTL/core.v:534: signed to unsigned assignment occurs. (VER-318)
Warning:  ../01_RTL/core.v:536: signed to unsigned assignment occurs. (VER-318)

Statistics for case statements in always block at line 187 in file
	'../01_RTL/core.v'
===============================================
|           Line           |  full/ parallel  |
===============================================
|           188            |    auto/auto     |
|           190            |    auto/auto     |
===============================================

Statistics for case statements in always block at line 221 in file
	'../01_RTL/core.v'
===============================================
|           Line           |  full/ parallel  |
===============================================
|           222            |    auto/auto     |
|           224            |    auto/auto     |
===============================================

Statistics for case statements in always block at line 244 in file
	'../01_RTL/core.v'
===============================================
|           Line           |  full/ parallel  |
===============================================
|           245            |    auto/auto     |
|           261            |     auto/no      |
===============================================

Statistics for case statements in always block at line 274 in file
	'../01_RTL/core.v'
===============================================
|           Line           |  full/ parallel  |
===============================================
|           275            |    auto/auto     |
===============================================

Statistics for case statements in always block at line 285 in file
	'../01_RTL/core.v'
===============================================
|           Line           |  full/ parallel  |
===============================================
|           286            |    auto/auto     |
===============================================

Statistics for case statements in always block at line 298 in file
	'../01_RTL/core.v'
===============================================
|           Line           |  full/ parallel  |
===============================================
|           299            |    auto/auto     |
|           304            |    auto/auto     |
===============================================

Statistics for case statements in always block at line 352 in file
	'../01_RTL/core.v'
===============================================
|           Line           |  full/ parallel  |
===============================================
|           356            |    auto/auto     |
===============================================

Statistics for case statements in always block at line 378 in file
	'../01_RTL/core.v'
===============================================
|           Line           |  full/ parallel  |
===============================================
|           382            |    auto/auto     |
===============================================

Statistics for case statements in always block at line 481 in file
	'../01_RTL/core.v'
===============================================
|           Line           |  full/ parallel  |
===============================================
|           487            |    auto/auto     |
===============================================

Statistics for case statements in always block at line 505 in file
	'../01_RTL/core.v'
===============================================
|           Line           |  full/ parallel  |
===============================================
|           510            |    auto/auto     |
===============================================

Statistics for case statements in always block at line 555 in file
	'../01_RTL/core.v'
===============================================
|           Line           |  full/ parallel  |
===============================================
|           560            |    auto/auto     |
===============================================

Inferred memory devices in process
	in routine core line 337 in file
		'../01_RTL/core.v'.
===============================================================================
|    Register Name    |   Type    | Width | Bus | MB | AR | AS | SR | SS | ST |
===============================================================================
|    pre_state_reg    | Flip-flop |   6   |  Y  | N  | N  | Y  | N  | N  | N  |
|    pre_state_reg    | Flip-flop |   6   |  Y  | N  | Y  | N  | N  | N  | N  |
|   curr_state_reg    | Flip-flop |   2   |  Y  | N  | N  | Y  | N  | N  | N  |
|   curr_state_reg    | Flip-flop |   2   |  Y  | N  | Y  | N  | N  | N  | N  |
===============================================================================

Inferred memory devices in process
	in routine core line 352 in file
		'../01_RTL/core.v'.
===============================================================================
|    Register Name    |   Type    | Width | Bus | MB | AR | AS | SR | SS | ST |
===============================================================================
|       cnt_reg       | Flip-flop |  11   |  Y  | N  | Y  | N  | N  | N  | N  |
===============================================================================

Inferred memory devices in process
	in routine core line 364 in file
		'../01_RTL/core.v'.
===============================================================================
|    Register Name    |   Type    | Width | Bus | MB | AR | AS | SR | SS | ST |
===============================================================================
|    op_mode_r_reg    | Flip-flop |   4   |  Y  | N  | Y  | N  | N  | N  | N  |
===============================================================================

Inferred memory devices in process
	in routine core line 371 in file
		'../01_RTL/core.v'.
===============================================================================
|    Register Name    |   Type    | Width | Bus | MB | AR | AS | SR | SS | ST |
===============================================================================
|    in_data_r_reg    | Flip-flop |   8   |  Y  | N  | Y  | N  | N  | N  | N  |
===============================================================================

Inferred memory devices in process
	in routine core line 378 in file
		'../01_RTL/core.v'.
==================================================================================
|     Register Name      |   Type    | Width | Bus | MB | AR | AS | SR | SS | ST |
==================================================================================
| input_data_ready_r_reg | Flip-flop |  32   |  Y  | N  | Y  | N  | N  | N  | N  |
==================================================================================

Inferred memory devices in process
	in routine core line 398 in file
		'../01_RTL/core.v'.
===============================================================================
|    Register Name    |   Type    | Width | Bus | MB | AR | AS | SR | SS | ST |
===============================================================================
|  depth_ready_r_reg  | Flip-flop |   1   |  N  | N  | N  | Y  | N  | N  | N  |
|  depth_ready_r_reg  | Flip-flop |   2   |  Y  | N  | Y  | N  | N  | N  | N  |
|   x_origin_r_reg    | Flip-flop |   3   |  Y  | N  | Y  | N  | N  | N  | N  |
|   y_origin_r_reg    | Flip-flop |   3   |  Y  | N  | Y  | N  | N  | N  | N  |
===============================================================================

Inferred memory devices in process
	in routine core line 411 in file
		'../01_RTL/core.v'.
================================================================================
|    Register Name     |   Type    | Width | Bus | MB | AR | AS | SR | SS | ST |
================================================================================
| map_load_done_r_reg  | Flip-flop |   1   |  N  | N  | Y  | N  | N  | N  | N  |
| conv_calc_done_r_reg | Flip-flop |   1   |  N  | N  | Y  | N  | N  | N  | N  |
|    med_done_r_reg    | Flip-flop |   1   |  N  | N  | Y  | N  | N  | N  | N  |
|  display_done_r_reg  | Flip-flop |   1   |  N  | N  | Y  | N  | N  | N  | N  |
================================================================================

Inferred memory devices in process
	in routine core line 426 in file
		'../01_RTL/core.v'.
=================================================================================
|     Register Name     |   Type    | Width | Bus | MB | AR | AS | SR | SS | ST |
=================================================================================
| out_valid_ready_r_reg | Flip-flop |   1   |  N  | N  | Y  | N  | N  | N  | N  |
| out_data_ready_r_reg  | Flip-flop |  14   |  Y  | N  | Y  | N  | N  | N  | N  |
=================================================================================

Inferred memory devices in process
	in routine core line 437 in file
		'../01_RTL/core.v'.
===============================================================================
|    Register Name    |   Type    | Width | Bus | MB | AR | AS | SR | SS | ST |
===============================================================================
|  x_minus_one_r_reg  | Flip-flop |   3   |  Y  | N  | Y  | N  | N  | N  | N  |
|  x_plus_one_r_reg   | Flip-flop |   3   |  Y  | N  | Y  | N  | N  | N  | N  |
|  x_plus_two_r_reg   | Flip-flop |   3   |  Y  | N  | Y  | N  | N  | N  | N  |
|    x_delay_r_reg    | Flip-flop |   6   |  Y  | N  | Y  | N  | N  | N  | N  |
===============================================================================

Inferred memory devices in process
	in routine core line 481 in file
		'../01_RTL/core.v'.
===============================================================================
|    Register Name    |   Type    | Width | Bus | MB | AR | AS | SR | SS | ST |
===============================================================================
|       z_r_reg       | Flip-flop |   5   |  Y  | N  | Y  | N  | N  | N  | N  |
|       x_r_reg       | Flip-flop |   3   |  Y  | N  | Y  | N  | N  | N  | N  |
===============================================================================

Inferred memory devices in process
	in routine core line 505 in file
		'../01_RTL/core.v'.
===============================================================================
|    Register Name    |   Type    | Width | Bus | MB | AR | AS | SR | SS | ST |
===============================================================================
|       y_r_reg       | Flip-flop |   3   |  Y  | N  | Y  | N  | N  | N  | N  |
===============================================================================

Inferred memory devices in process
	in routine core line 525 in file
		'../01_RTL/core.v'.
=====================================================================================
|       Register Name       |   Type    | Width | Bus | MB | AR | AS | SR | SS | ST |
=====================================================================================
|      med_sobel_r_reg      | Flip-flop |   1   |  N  | N  | Y  | N  | N  | N  | N  |
| conv_isFirst_signal_r_reg | Flip-flop |   1   |  N  | N  | Y  | N  | N  | N  | N  |
| med_isFirst_signal_r_reg  | Flip-flop |   1   |  N  | N  | Y  | N  | N  | N  | N  |
=====================================================================================

Inferred memory devices in process
	in routine core line 542 in file
		'../01_RTL/core.v'.
=================================================================================
|     Register Name     |   Type    | Width | Bus | MB | AR | AS | SR | SS | ST |
=================================================================================
|  sram_data_out_r_reg  | Flip-flop |  32   |  Y  | N  | Y  | N  | N  | N  | N  |
| sram_addr_ready_r_reg | Flip-flop |  36   |  Y  | N  | Y  | N  | N  | N  | N  |
=================================================================================

Inferred memory devices in process
	in routine core line 555 in file
		'../01_RTL/core.v'.
================================================================================
|    Register Name     |   Type    | Width | Bus | MB | AR | AS | SR | SS | ST |
================================================================================
| sram_wen_ready_r_reg | Flip-flop |   4   |  Y  | N  | N  | Y  | N  | N  | N  |
================================================================================
Statistics for MUX_OPs
======================================================
| block name/line  | Inputs | Outputs | # sel inputs |
======================================================
|     core/288     |   4    |    8    |      2       |
======================================================
Presto compilation completed successfully. (core)
Elaborated 1 design.
Current design is now 'core'.
Information: Building the design 'conv'. (HDL-193)
Warning:  ../01_RTL/conv.v:91: DEFAULT branch of CASE statement cannot be reached. (ELAB-311)

Statistics for case statements in always block at line 85 in file
	'../01_RTL/conv.v'
===============================================
|           Line           |  full/ parallel  |
===============================================
|            86            |    auto/auto     |
===============================================

Statistics for case statements in always block at line 121 in file
	'../01_RTL/conv.v'
===============================================
|           Line           |  full/ parallel  |
===============================================
|           122            |    auto/auto     |
===============================================

Statistics for case statements in always block at line 181 in file
	'../01_RTL/conv.v'
===============================================
|           Line           |  full/ parallel  |
===============================================
|           187            |    auto/auto     |
===============================================

Statistics for case statements in always block at line 204 in file
	'../01_RTL/conv.v'
===============================================
|           Line           |  full/ parallel  |
===============================================
|           210            |    auto/auto     |
===============================================

Inferred memory devices in process
	in routine conv line 99 in file
		'../01_RTL/conv.v'.
===============================================================================
|    Register Name    |   Type    | Width | Bus | MB | AR | AS | SR | SS | ST |
===============================================================================
|       cs_reg        | Flip-flop |   2   |  Y  | N  | Y  | N  | N  | N  | N  |
===============================================================================

Inferred memory devices in process
	in routine conv line 109 in file
		'../01_RTL/conv.v'.
===============================================================================
|    Register Name    |   Type    | Width | Bus | MB | AR | AS | SR | SS | ST |
===============================================================================
|       cnt_reg       | Flip-flop |   2   |  Y  | N  | Y  | N  | N  | N  | N  |
===============================================================================

Inferred memory devices in process
	in routine conv line 130 in file
		'../01_RTL/conv.v'.
==================================================================================
|     Register Name      |   Type    | Width | Bus | MB | AR | AS | SR | SS | ST |
==================================================================================
| o_out_data_ready_r_reg | Flip-flop |  14   |  Y  | N  | Y  | N  | N  | N  | N  |
==================================================================================

Inferred memory devices in process
	in routine conv line 140 in file
		'../01_RTL/conv.v'.
===================================================================================
|      Register Name      |   Type    | Width | Bus | MB | AR | AS | SR | SS | ST |
===================================================================================
| o_out_valid_ready_r_reg | Flip-flop |   1   |  N  | N  | Y  | N  | N  | N  | N  |
===================================================================================

Inferred memory devices in process
	in routine conv line 152 in file
		'../01_RTL/conv.v'.
===============================================================================
|    Register Name    |   Type    | Width | Bus | MB | AR | AS | SR | SS | ST |
===============================================================================
| i_input_done_r_reg  | Flip-flop |   1   |  N  | N  | Y  | N  | N  | N  | N  |
===============================================================================

Inferred memory devices in process
	in routine conv line 169 in file
		'../01_RTL/conv.v'.
===============================================================================
|    Register Name    |   Type    | Width | Bus | MB | AR | AS | SR | SS | ST |
===============================================================================
|   data_bcd_r_reg    | Flip-flop |  10   |  Y  | N  | Y  | N  | N  | N  | N  |
|   data_abc_r_reg    | Flip-flop |  10   |  Y  | N  | Y  | N  | N  | N  | N  |
===============================================================================

Inferred memory devices in process
	in routine conv line 181 in file
		'../01_RTL/conv.v'.
===============================================================================
|    Register Name    |   Type    | Width | Bus | MB | AR | AS | SR | SS | ST |
===============================================================================
|  data_bcd_2_r_reg   | Flip-flop |  11   |  Y  | N  | Y  | N  | N  | N  | N  |
|  data_abc_1_r_reg   | Flip-flop |  11   |  Y  | N  | Y  | N  | N  | N  | N  |
===============================================================================

Inferred memory devices in process
	in routine conv line 204 in file
		'../01_RTL/conv.v'.
===============================================================================
|    Register Name    |   Type    | Width | Bus | MB | AR | AS | SR | SS | ST |
===============================================================================
|  data_bcd_4_r_reg   | Flip-flop |  11   |  Y  | N  | Y  | N  | N  | N  | N  |
|  data_abc_3_r_reg   | Flip-flop |  11   |  Y  | N  | Y  | N  | N  | N  | N  |
===============================================================================

Inferred memory devices in process
	in routine conv line 227 in file
		'../01_RTL/conv.v'.
===============================================================================
|    Register Name    |   Type    | Width | Bus | MB | AR | AS | SR | SS | ST |
===============================================================================
|    conv_1_r_reg     | Flip-flop |  17   |  Y  | N  | Y  | N  | N  | N  | N  |
|    conv_4_r_reg     | Flip-flop |  17   |  Y  | N  | Y  | N  | N  | N  | N  |
|    conv_3_r_reg     | Flip-flop |  17   |  Y  | N  | Y  | N  | N  | N  | N  |
|    conv_2_r_reg     | Flip-flop |  17   |  Y  | N  | Y  | N  | N  | N  | N  |
===============================================================================
Presto compilation completed successfully. (conv)
Information: Building the design 'median'. (HDL-193)
Warning:  ../01_RTL/median.v:203: signed to unsigned assignment occurs. (VER-318)

Statistics for case statements in always block at line 111 in file
	'../01_RTL/median.v'
===============================================
|           Line           |  full/ parallel  |
===============================================
|           112            |    auto/auto     |
===============================================

Statistics for case statements in always block at line 171 in file
	'../01_RTL/median.v'
===============================================
|           Line           |  full/ parallel  |
===============================================
|           172            |    auto/auto     |
===============================================

Inferred memory devices in process
	in routine median line 186 in file
		'../01_RTL/median.v'.
===============================================================================
|    Register Name    |   Type    | Width | Bus | MB | AR | AS | SR | SS | ST |
===============================================================================
|       cs_reg        | Flip-flop |   3   |  Y  | N  | Y  | N  | N  | N  | N  |
===============================================================================

Inferred memory devices in process
	in routine median line 196 in file
		'../01_RTL/median.v'.
===============================================================================
|    Register Name    |   Type    | Width | Bus | MB | AR | AS | SR | SS | ST |
===============================================================================
|   out_valid_r_reg   | Flip-flop |   1   |  N  | N  | Y  | N  | N  | N  | N  |
|   med_sobel_r_reg   | Flip-flop |   1   |  N  | N  | Y  | N  | N  | N  | N  |
===============================================================================

Inferred memory devices in process
	in routine median line 210 in file
		'../01_RTL/median.v'.
===============================================================================
|    Register Name    |   Type    | Width | Bus | MB | AR | AS | SR | SS | ST |
===============================================================================
|      angle_reg      | Flip-flop |   8   |  Y  | N  | Y  | N  | N  | N  | N  |
|        G_reg        | Flip-flop |  44   |  Y  | N  | Y  | N  | N  | N  | N  |
===============================================================================

Inferred memory devices in process
	in routine median line 228 in file
		'../01_RTL/median.v'.
===============================================================================
|    Register Name    |   Type    | Width | Bus | MB | AR | AS | SR | SS | ST |
===============================================================================
|       cnt_reg       | Flip-flop |   6   |  Y  | N  | Y  | N  | N  | N  | N  |
===============================================================================

Inferred memory devices in process
	in routine median line 243 in file
		'../01_RTL/median.v'.
===============================================================================
|    Register Name    |   Type    | Width | Bus | MB | AR | AS | SR | SS | ST |
===============================================================================
|  med_e_delay_r_reg  | Flip-flop |  128  |  Y  | N  | Y  | N  | N  | N  | N  |
|     med_e_r_reg     | Flip-flop |  128  |  Y  | N  | Y  | N  | N  | N  | N  |
===============================================================================
Presto compilation completed successfully. (median)
Information: Building the design 'median_filter_submodule'. (HDL-193)

Statistics for case statements in always block at line 350 in file
	'../01_RTL/median.v'
===============================================
|           Line           |  full/ parallel  |
===============================================
|           351            |    auto/auto     |
|           384            |    auto/auto     |
|           416            |    auto/auto     |
===============================================

Statistics for case statements in always block at line 501 in file
	'../01_RTL/median.v'
===============================================
|           Line           |  full/ parallel  |
===============================================
|           502            |    auto/auto     |
|           520            |    auto/auto     |
|           538            |    auto/auto     |
===============================================

Statistics for case statements in always block at line 581 in file
	'../01_RTL/median.v'
===============================================
|           Line           |  full/ parallel  |
===============================================
|           582            |    auto/auto     |
===============================================

Inferred memory devices in process
	in routine median_filter_submodule line 307 in file
		'../01_RTL/median.v'.
===============================================================================
|    Register Name    |   Type    | Width | Bus | MB | AR | AS | SR | SS | ST |
===============================================================================
|      a69_r_reg      | Flip-flop |   1   |  N  | N  | Y  | N  | N  | N  | N  |
|      p1_r_reg       | Flip-flop |   8   |  Y  | N  | Y  | N  | N  | N  | N  |
|      p2_r_reg       | Flip-flop |   8   |  Y  | N  | Y  | N  | N  | N  | N  |
|      p3_r_reg       | Flip-flop |   8   |  Y  | N  | Y  | N  | N  | N  | N  |
|      p4_r_reg       | Flip-flop |   8   |  Y  | N  | Y  | N  | N  | N  | N  |
|      p5_r_reg       | Flip-flop |   8   |  Y  | N  | Y  | N  | N  | N  | N  |
|      p6_r_reg       | Flip-flop |   8   |  Y  | N  | Y  | N  | N  | N  | N  |
|      p7_r_reg       | Flip-flop |   8   |  Y  | N  | Y  | N  | N  | N  | N  |
|      p8_r_reg       | Flip-flop |   8   |  Y  | N  | Y  | N  | N  | N  | N  |
|      p9_r_reg       | Flip-flop |   8   |  Y  | N  | Y  | N  | N  | N  | N  |
|      a14_r_reg      | Flip-flop |   1   |  N  | N  | Y  | N  | N  | N  | N  |
|      a17_r_reg      | Flip-flop |   1   |  N  | N  | Y  | N  | N  | N  | N  |
|      a47_r_reg      | Flip-flop |   1   |  N  | N  | Y  | N  | N  | N  | N  |
|      a25_r_reg      | Flip-flop |   1   |  N  | N  | Y  | N  | N  | N  | N  |
|      a28_r_reg      | Flip-flop |   1   |  N  | N  | Y  | N  | N  | N  | N  |
|      a58_r_reg      | Flip-flop |   1   |  N  | N  | Y  | N  | N  | N  | N  |
|      a36_r_reg      | Flip-flop |   1   |  N  | N  | Y  | N  | N  | N  | N  |
|      a39_r_reg      | Flip-flop |   1   |  N  | N  | Y  | N  | N  | N  | N  |
===============================================================================

Inferred memory devices in process
	in routine median_filter_submodule line 451 in file
		'../01_RTL/median.v'.
===============================================================================
|    Register Name    |   Type    | Width | Bus | MB | AR | AS | SR | SS | ST |
===============================================================================
|      a9_r_reg       | Flip-flop |   8   |  Y  | N  | Y  | N  | N  | N  | N  |
|      a1_r_reg       | Flip-flop |   8   |  Y  | N  | Y  | N  | N  | N  | N  |
|      a2_r_reg       | Flip-flop |   8   |  Y  | N  | Y  | N  | N  | N  | N  |
|      a3_r_reg       | Flip-flop |   8   |  Y  | N  | Y  | N  | N  | N  | N  |
|      a4_r_reg       | Flip-flop |   8   |  Y  | N  | Y  | N  | N  | N  | N  |
|      a5_r_reg       | Flip-flop |   8   |  Y  | N  | Y  | N  | N  | N  | N  |
|      a6_r_reg       | Flip-flop |   8   |  Y  | N  | Y  | N  | N  | N  | N  |
|      a7_r_reg       | Flip-flop |   8   |  Y  | N  | Y  | N  | N  | N  | N  |
|      a8_r_reg       | Flip-flop |   8   |  Y  | N  | Y  | N  | N  | N  | N  |
===============================================================================

Inferred memory devices in process
	in routine median_filter_submodule line 556 in file
		'../01_RTL/median.v'.
===============================================================================
|    Register Name    |   Type    | Width | Bus | MB | AR | AS | SR | SS | ST |
===============================================================================
|      b9_r_reg       | Flip-flop |   8   |  Y  | N  | Y  | N  | N  | N  | N  |
|      b1_r_reg       | Flip-flop |   8   |  Y  | N  | Y  | N  | N  | N  | N  |
|      b5_r_reg       | Flip-flop |   8   |  Y  | N  | Y  | N  | N  | N  | N  |
===============================================================================

Inferred memory devices in process
	in routine median_filter_submodule line 600 in file
		'../01_RTL/median.v'.
===============================================================================
|    Register Name    |   Type    | Width | Bus | MB | AR | AS | SR | SS | ST |
===============================================================================
|      c2_r_reg       | Flip-flop |   8   |  Y  | N  | Y  | N  | N  | N  | N  |
===============================================================================
Presto compilation completed successfully. (median_filter_submodule)
Information: Building the design 'sobel_gradient'. (HDL-193)
Warning:  ../01_RTL/median.v:730: unsigned to signed assignment occurs. (VER-318)
Warning:  ../01_RTL/median.v:731: unsigned to signed assignment occurs. (VER-318)
Warning:  ../01_RTL/median.v:752: signed to unsigned part selection occurs. (VER-318)
Warning:  ../01_RTL/median.v:753: signed to unsigned part selection occurs. (VER-318)

Inferred memory devices in process
	in routine sobel_gradient line 660 in file
		'../01_RTL/median.v'.
===============================================================================
|    Register Name    |   Type    | Width | Bus | MB | AR | AS | SR | SS | ST |
===============================================================================
|      p9_r_reg       | Flip-flop |   8   |  Y  | N  | Y  | N  | N  | N  | N  |
|      p1_r_reg       | Flip-flop |   8   |  Y  | N  | Y  | N  | N  | N  | N  |
|      p2_r_reg       | Flip-flop |   8   |  Y  | N  | Y  | N  | N  | N  | N  |
|      p3_r_reg       | Flip-flop |   8   |  Y  | N  | Y  | N  | N  | N  | N  |
|      p4_r_reg       | Flip-flop |   8   |  Y  | N  | Y  | N  | N  | N  | N  |
|      p6_r_reg       | Flip-flop |   8   |  Y  | N  | Y  | N  | N  | N  | N  |
|      p7_r_reg       | Flip-flop |   8   |  Y  | N  | Y  | N  | N  | N  | N  |
|      p8_r_reg       | Flip-flop |   8   |  Y  | N  | Y  | N  | N  | N  | N  |
===============================================================================

Inferred memory devices in process
	in routine sobel_gradient line 690 in file
		'../01_RTL/median.v'.
===============================================================================
|    Register Name    |   Type    | Width | Bus | MB | AR | AS | SR | SS | ST |
===============================================================================
|     p9_d_r_reg      | Flip-flop |   8   |  Y  | N  | Y  | N  | N  | N  | N  |
|       Gx1_reg       | Flip-flop |  10   |  Y  | N  | Y  | N  | N  | N  | N  |
|       Gy1_reg       | Flip-flop |  10   |  Y  | N  | Y  | N  | N  | N  | N  |
|       Gx2_reg       | Flip-flop |  10   |  Y  | N  | Y  | N  | N  | N  | N  |
|       Gy2_reg       | Flip-flop |  10   |  Y  | N  | Y  | N  | N  | N  | N  |
|     p1_d_r_reg      | Flip-flop |   8   |  Y  | N  | Y  | N  | N  | N  | N  |
===============================================================================

Inferred memory devices in process
	in routine sobel_gradient line 715 in file
		'../01_RTL/median.v'.
===============================================================================
|    Register Name    |   Type    | Width | Bus | MB | AR | AS | SR | SS | ST |
===============================================================================
|      Gy2_r_reg      | Flip-flop |  10   |  Y  | N  | Y  | N  | N  | N  | N  |
|      Gx1_r_reg      | Flip-flop |  10   |  Y  | N  | Y  | N  | N  | N  | N  |
|      Gy1_r_reg      | Flip-flop |  10   |  Y  | N  | Y  | N  | N  | N  | N  |
|      Gx2_r_reg      | Flip-flop |  10   |  Y  | N  | Y  | N  | N  | N  | N  |
===============================================================================

Inferred memory devices in process
	in routine sobel_gradient line 736 in file
		'../01_RTL/median.v'.
===============================================================================
|    Register Name    |   Type    | Width | Bus | MB | AR | AS | SR | SS | ST |
===============================================================================
|    Gy_imm_r_reg     | Flip-flop |  11   |  Y  | N  | Y  | N  | N  | N  | N  |
|    Gx_imm_r_reg     | Flip-flop |  11   |  Y  | N  | Y  | N  | N  | N  | N  |
===============================================================================

Inferred memory devices in process
	in routine sobel_gradient line 747 in file
		'../01_RTL/median.v'.
===============================================================================
|    Register Name    |   Type    | Width | Bus | MB | AR | AS | SR | SS | ST |
===============================================================================
|     Gx_abs_reg      | Flip-flop |  10   |  Y  | N  | Y  | N  | N  | N  | N  |
|     Gy_abs_reg      | Flip-flop |  10   |  Y  | N  | Y  | N  | N  | N  | N  |
===============================================================================

Inferred memory devices in process
	in routine sobel_gradient line 759 in file
		'../01_RTL/median.v'.
===============================================================================
|    Register Name    |   Type    | Width | Bus | MB | AR | AS | SR | SS | ST |
===============================================================================
|  Gy_abs_delay_reg   | Flip-flop |  30   |  Y  | N  | Y  | N  | N  | N  | N  |
|    Gx_delay_reg     | Flip-flop |   4   |  Y  | N  | Y  | N  | N  | N  | N  |
|    Gy_delay_reg     | Flip-flop |   4   |  Y  | N  | Y  | N  | N  | N  | N  |
===============================================================================

Inferred memory devices in process
	in routine sobel_gradient line 791 in file
		'../01_RTL/median.v'.
===============================================================================
|    Register Name    |   Type    | Width | Bus | MB | AR | AS | SR | SS | ST |
===============================================================================
|   G_abs_delay_reg   | Flip-flop |  22   |  Y  | N  | Y  | N  | N  | N  | N  |
|      G_abs_reg      | Flip-flop |  11   |  Y  | N  | Y  | N  | N  | N  | N  |
===============================================================================

Inferred memory devices in process
	in routine sobel_gradient line 809 in file
		'../01_RTL/median.v'.
===============================================================================
|    Register Name    |   Type    | Width | Bus | MB | AR | AS | SR | SS | ST |
===============================================================================
|    Gx_acc3_r_reg    | Flip-flop |  13   |  Y  | N  | N  | N  | N  | N  | N  |
|    Gx_acc1_r_reg    | Flip-flop |  18   |  Y  | N  | Y  | N  | N  | N  | N  |
|    Gx_acc2_r_reg    | Flip-flop |  12   |  Y  | N  | Y  | N  | N  | N  | N  |
===============================================================================

Inferred memory devices in process
	in routine sobel_gradient line 824 in file
		'../01_RTL/median.v'.
===============================================================================
|    Register Name    |   Type    | Width | Bus | MB | AR | AS | SR | SS | ST |
===============================================================================
|   Gx_acc2_1_r_reg   | Flip-flop |  16   |  Y  | N  | Y  | N  | N  | N  | N  |
|   Gx_acc1_1_r_reg   | Flip-flop |  18   |  Y  | N  | Y  | N  | N  | N  | N  |
===============================================================================

Inferred memory devices in process
	in routine sobel_gradient line 835 in file
		'../01_RTL/median.v'.
===============================================================================
|    Register Name    |   Type    | Width | Bus | MB | AR | AS | SR | SS | ST |
===============================================================================
|   Gx_mult2_r_reg    | Flip-flop |  19   |  Y  | N  | Y  | N  | N  | N  | N  |
|   Gx_mult1_r_reg    | Flip-flop |  19   |  Y  | N  | Y  | N  | N  | N  | N  |
===============================================================================

Inferred memory devices in process
	in routine sobel_gradient line 856 in file
		'../01_RTL/median.v'.
===============================================================================
|    Register Name    |   Type    | Width | Bus | MB | AR | AS | SR | SS | ST |
===============================================================================
| sobel_result_r_reg  | Flip-flop |  11   |  Y  | N  | Y  | N  | N  | N  | N  |
|     angle_r_reg     | Flip-flop |   2   |  Y  | N  | Y  | N  | N  | N  | N  |
===============================================================================
Presto compilation completed successfully. (sobel_gradient)
Information: Building the design 'sober_compare'. (HDL-193)

Statistics for case statements in always block at line 929 in file
	'../01_RTL/median.v'
===============================================
|           Line           |  full/ parallel  |
===============================================
|           930            |    auto/auto     |
|           933            |    auto/auto     |
|           942            |    auto/auto     |
|           951            |    auto/auto     |
|           960            |    auto/auto     |
===============================================

Inferred memory devices in process
	in routine sober_compare line 903 in file
		'../01_RTL/median.v'.
===============================================================================
|    Register Name    |   Type    | Width | Bus | MB | AR | AS | SR | SS | ST |
===============================================================================
|       cnt_reg       | Flip-flop |   2   |  Y  | N  | Y  | N  | N  | N  | N  |
|      G1_r_reg       | Flip-flop |  11   |  Y  | N  | Y  | N  | N  | N  | N  |
|      G2_r_reg       | Flip-flop |  11   |  Y  | N  | Y  | N  | N  | N  | N  |
|      G3_r_reg       | Flip-flop |  11   |  Y  | N  | Y  | N  | N  | N  | N  |
|      G4_r_reg       | Flip-flop |  11   |  Y  | N  | Y  | N  | N  | N  | N  |
|    angle1_r_reg     | Flip-flop |   2   |  Y  | N  | Y  | N  | N  | N  | N  |
|    angle2_r_reg     | Flip-flop |   2   |  Y  | N  | Y  | N  | N  | N  | N  |
|    angle3_r_reg     | Flip-flop |   2   |  Y  | N  | Y  | N  | N  | N  | N  |
|    angle4_r_reg     | Flip-flop |   2   |  Y  | N  | Y  | N  | N  | N  | N  |
===============================================================================

Inferred memory devices in process
	in routine sober_compare line 970 in file
		'../01_RTL/median.v'.
===============================================================================
|    Register Name    |   Type    | Width | Bus | MB | AR | AS | SR | SS | ST |
===============================================================================
|    temp_b_r_reg     | Flip-flop |  11   |  Y  | N  | Y  | N  | N  | N  | N  |
| sobel_result_r_reg  | Flip-flop |  11   |  Y  | N  | Y  | N  | N  | N  | N  |
|    temp_a_r_reg     | Flip-flop |  11   |  Y  | N  | Y  | N  | N  | N  | N  |
===============================================================================
Presto compilation completed successfully. (sober_compare)
1
current_design [get_designs $DESIGN]
Current design is 'core'.
{core}
link

  Linking design 'core'
  Using the following designs and libraries:
  --------------------------------------------------------------------------
  * (6 designs)               /home/raid7_2/user12/r2k41036/NTU_CVSD2024/HW3/02_SYN/core.db, etc
  slow (library)              /home/raid7_2/course/cvsd/CBDK_IC_Contest/CIC/SynopsysDC/db/slow.db
  sram_256x8 (library)        /home/raid7_2/user12/r2k41036/NTU_CVSD2024/HW3/sram_256x8/sram_256x8_slow_syn.db
  sram_512x8 (library)        /home/raid7_2/user12/r2k41036/NTU_CVSD2024/HW3/sram_512x8/sram_512x8_slow_syn.db
  sram_4096x8 (library)       /home/raid7_2/user12/r2k41036/NTU_CVSD2024/HW3/sram_4096x8/sram_4096x8_slow_syn.db
  dw_foundation.sldb (library) /usr/cad/synopsys/synthesis/cur/libraries/syn/dw_foundation.sldb

1
source -echo -verbose ./core_dc.sdc
# operating conditions and boundary conditions #
set cycle  2.70;  # modify your clock cycle here #
2.70
create_clock -period $cycle [get_ports  i_clk]
1
set_dont_touch_network      [get_clocks i_clk]
1
set_fix_hold                [get_clocks i_clk]
1
set_ideal_network           [get_ports i_clk]
1
set_clock_uncertainty  0.1  [get_clocks i_clk]
1
set_clock_latency      0.5  [get_clocks i_clk]
1
set_input_delay  [ expr $cycle*0.5 ] -clock i_clk [all_inputs]
1
set_output_delay [ expr $cycle*0.5 ] -clock i_clk [all_outputs] 
1
set_load         0.05     [all_outputs]
1
set_operating_conditions  -max_library slow -max slow
Using operating conditions 'slow' found in library 'slow'.
1
set_wire_load_model -name tsmc13_wl10 -library slow                        
1
set_max_fanout 20 [all_inputs]
1
1
# Compile Design
current_design [get_designs ${DESIGN}]
Current design is 'core'.
{core}
check_design > Report/check_design.txt
check_timing > Report/check_timing.txt
#set high_fanout_net_threshold 0
uniquify
1
set_fix_multiple_port_nets -all -buffer_constants [get_designs *]
1
compile
Information: Evaluating DesignWare library utilization. (UISN-27)

============================================================================
| DesignWare Building Block Library  |         Version         | Available |
============================================================================
| Basic DW Building Blocks           | U-2022.12-DWBB_202212.0 |     *     |
| Licensed DW Building Blocks        | U-2022.12-DWBB_202212.0 |     *     |
============================================================================

====================================================================================================
| Flow Information                                                                                 |
----------------------------------------------------------------------------------------------------
| Flow         | Design Compiler                                                                   |
====================================================================================================
| Design Information                                      | Value                                  |
====================================================================================================
| Number of Scenarios                                     | 0                                      |
| Leaf Cell Count                                         | 2665                                   |
| Number of User Hierarchies                              | 5                                      |
| Sequential Cell Count                                   | 1348                                   |
| Macro Count                                             | 0                                      |
| Number of Power Domains                                 | 0                                      |
| Number of Path Groups                                   | 2                                      |
| Number of VT Class                                      | 0                                      |
| Number of Clocks                                        | 1                                      |
| Number of Dont Touch Cells                              | 532                                    |
| Number of Dont Touch Nets                               | 6                                      |
| Number of Size Only Cells                               | 0                                      |
| Design with UPF Data                                    | false                                  |
----------------------------------------------------------------------------------------------------
| Variables                                               | Value                                  |
----------------------------------------------------------------------------------------------------
| set_fix_multiple_port_nets                              | -all -buffer_constants                 |
====================================================================================================

Information: There are 24 potential problems in your design. Please run 'check_design' for more information. (LINT-99)



  Beginning Pass 1 Mapping
  ------------------------
  Processing 'sober_compare'
  Processing 'sobel_gradient'
Information: The register 'Gx_acc1_r_reg[7]' is a constant and will be removed. (OPT-1206)
Information: The register 'Gx_acc1_r_reg[6]' is a constant and will be removed. (OPT-1206)
Information: The register 'Gx_acc1_r_reg[5]' is a constant and will be removed. (OPT-1206)
Information: The register 'Gx_acc1_r_reg[4]' is a constant and will be removed. (OPT-1206)
Information: The register 'Gx_acc1_r_reg[3]' is a constant and will be removed. (OPT-1206)
Information: The register 'Gx_acc1_r_reg[2]' is a constant and will be removed. (OPT-1206)
Information: The register 'Gx_acc1_r_reg[1]' is a constant and will be removed. (OPT-1206)
Information: The register 'Gx_acc1_r_reg[0]' is a constant and will be removed. (OPT-1206)
Information: The register 'Gx_acc1_1_r_reg[7]' is a constant and will be removed. (OPT-1206)
Information: The register 'Gx_acc1_1_r_reg[6]' is a constant and will be removed. (OPT-1206)
Information: The register 'Gx_acc1_1_r_reg[5]' is a constant and will be removed. (OPT-1206)
Information: The register 'Gx_acc1_1_r_reg[4]' is a constant and will be removed. (OPT-1206)
Information: The register 'Gx_acc1_1_r_reg[3]' is a constant and will be removed. (OPT-1206)
Information: The register 'Gx_acc1_1_r_reg[2]' is a constant and will be removed. (OPT-1206)
Information: The register 'Gx_acc1_1_r_reg[1]' is a constant and will be removed. (OPT-1206)
Information: The register 'Gx_acc1_1_r_reg[0]' is a constant and will be removed. (OPT-1206)
Information: The register 'Gx_mult2_r_reg[18]' is a constant and will be removed. (OPT-1206)
Information: The register 'Gx_mult2_r_reg[17]' is a constant and will be removed. (OPT-1206)
Information: The register 'Gx_mult2_r_reg[16]' is a constant and will be removed. (OPT-1206)
  Processing 'median_filter_submodule'
  Processing 'median'
Information: The register 'med_e_r_reg[15][7]' will be removed. (OPT-1207)
Information: The register 'med_e_r_reg[15][6]' will be removed. (OPT-1207)
Information: The register 'med_e_r_reg[15][5]' will be removed. (OPT-1207)
Information: The register 'med_e_r_reg[15][4]' will be removed. (OPT-1207)
Information: The register 'med_e_r_reg[15][3]' will be removed. (OPT-1207)
Information: The register 'med_e_r_reg[15][2]' will be removed. (OPT-1207)
Information: The register 'med_e_r_reg[15][1]' will be removed. (OPT-1207)
Information: The register 'med_e_r_reg[15][0]' will be removed. (OPT-1207)
Information: The register 'med_e_r_reg[14][7]' will be removed. (OPT-1207)
Information: The register 'med_e_r_reg[14][6]' will be removed. (OPT-1207)
Information: The register 'med_e_r_reg[14][5]' will be removed. (OPT-1207)
Information: The register 'med_e_r_reg[14][4]' will be removed. (OPT-1207)
Information: The register 'med_e_r_reg[14][3]' will be removed. (OPT-1207)
Information: The register 'med_e_r_reg[14][2]' will be removed. (OPT-1207)
Information: The register 'med_e_r_reg[14][1]' will be removed. (OPT-1207)
Information: The register 'med_e_r_reg[14][0]' will be removed. (OPT-1207)
Information: The register 'med_e_r_reg[13][7]' will be removed. (OPT-1207)
Information: The register 'med_e_r_reg[13][6]' will be removed. (OPT-1207)
Information: The register 'med_e_r_reg[13][5]' will be removed. (OPT-1207)
Information: The register 'med_e_r_reg[13][4]' will be removed. (OPT-1207)
Information: The register 'med_e_r_reg[13][3]' will be removed. (OPT-1207)
Information: The register 'med_e_r_reg[13][2]' will be removed. (OPT-1207)
Information: The register 'med_e_r_reg[13][1]' will be removed. (OPT-1207)
Information: The register 'med_e_r_reg[13][0]' will be removed. (OPT-1207)
Information: The register 'med_e_r_reg[12][7]' will be removed. (OPT-1207)
Information: The register 'med_e_r_reg[12][6]' will be removed. (OPT-1207)
Information: The register 'med_e_r_reg[12][5]' will be removed. (OPT-1207)
Information: The register 'med_e_r_reg[12][4]' will be removed. (OPT-1207)
Information: The register 'med_e_r_reg[12][3]' will be removed. (OPT-1207)
Information: The register 'med_e_r_reg[12][2]' will be removed. (OPT-1207)
Information: The register 'med_e_r_reg[12][1]' will be removed. (OPT-1207)
Information: The register 'med_e_r_reg[12][0]' will be removed. (OPT-1207)
  Processing 'conv'
  Processing 'core'
Information: Added key list 'DesignWare' to design 'core'. (DDB-72)

  Updating timing information
Information: Updating design information... (UID-85)

  Beginning Implementation Selection
  ----------------------------------
  Processing 'core_DW01_inc_0_DW01_inc_4'
  Processing 'median_DW01_inc_0_DW01_inc_5'
  Mapping 'sober_compare_DW_cmp_0'
  Mapping 'sobel_gradient_DW_cmp_0'
  Mapping 'sobel_gradient_DW_cmp_1'
  Processing 'sobel_gradient_DW01_add_0_DW01_add_3'
  Processing 'sobel_gradient_DW01_add_1_DW01_add_4'
  Processing 'sobel_gradient_DW01_add_2_DW01_add_5'
  Processing 'sobel_gradient_DW01_add_3_DW01_add_6'
  Processing 'sobel_gradient_DW01_add_4_DW01_add_7'
  Processing 'sobel_gradient_DW01_sub_0_DW01_sub_2'
  Processing 'sobel_gradient_DW01_sub_1_DW01_sub_3'
  Processing 'sobel_gradient_DW01_add_5_DW01_add_8'
  Processing 'sobel_gradient_DW01_add_6_DW01_add_9'
  Processing 'sobel_gradient_DW01_add_7_DW01_add_10'
  Processing 'sobel_gradient_DW01_add_8_DW01_add_11'
  Processing 'sobel_gradient_DW01_add_9_DW01_add_12'
  Processing 'sobel_gradient_DW01_add_10_DW01_add_13'
  Processing 'sobel_gradient_DW01_add_11_DW01_add_14'
  Processing 'sobel_gradient_DW01_add_12_DW01_add_15'
  Mapping 'median_filter_submodule_DW_cmp_0'
  Mapping 'median_filter_submodule_DW_cmp_1'
  Mapping 'median_filter_submodule_DW_cmp_2'
  Mapping 'median_filter_submodule_DW_cmp_3'
  Mapping 'median_filter_submodule_DW_cmp_4'
  Mapping 'median_filter_submodule_DW_cmp_5'
  Mapping 'median_filter_submodule_DW_cmp_6'
  Mapping 'median_filter_submodule_DW_cmp_7'
  Mapping 'median_filter_submodule_DW_cmp_8'
  Mapping 'median_filter_submodule_DW_cmp_9'
  Mapping 'median_filter_submodule_DW_cmp_10'
  Mapping 'median_filter_submodule_DW_cmp_11'
  Mapping 'median_filter_submodule_DW_cmp_12'
  Mapping 'median_filter_submodule_DW_cmp_13'
  Mapping 'median_filter_submodule_DW_cmp_14'
  Mapping 'median_filter_submodule_DW_cmp_15'
  Mapping 'median_filter_submodule_DW_cmp_16'
  Mapping 'median_filter_submodule_DW_cmp_17'
  Mapping 'median_filter_submodule_DW_cmp_18'
  Mapping 'median_filter_submodule_DW_cmp_19'
  Mapping 'median_filter_submodule_DW_cmp_20'
  Processing 'conv_DW01_inc_0_DW01_inc_6'
  Processing 'conv_DW01_add_0_DW01_add_16'
  Processing 'conv_DW01_add_1_DW01_add_17'
  Processing 'conv_DW01_add_2_DW01_add_18'
  Processing 'conv_DW01_add_3_DW01_add_19'
  Building model 'DW01_NAND2'
  Processing 'DW01_NAND2'
  Building model 'DW01_add_width3' (rpl)
  Processing 'DW01_add_width3'
  Building model 'DW01_dec_width3' (rpl)
  Processing 'DW01_dec_width3'
  Building model 'DW01_sub_width10' (rpl)
  Processing 'DW01_sub_width10'
  Building model 'DW01_inc_width10' (rpl)
  Processing 'DW01_inc_width10'
  Building model 'DW01_add_width10' (rpl)
  Processing 'DW01_add_width10'
  Processing 'DW01_add_width3_DW01_add_20'
  Processing 'DW01_dec_width3_DW01_dec_1'
  Processing 'sobel_gradient_DW01_inc_0_DW01_inc_7'
  Processing 'sobel_gradient_DW01_sub_2_DW01_sub_4'
  Processing 'sobel_gradient_DW01_inc_1_DW01_inc_8'
  Processing 'sobel_gradient_DW01_sub_3_DW01_sub_5'
  Processing 'conv_DW01_add_4_DW01_add_21'
  Processing 'conv_DW01_add_5_DW01_add_22'
  Processing 'conv_DW01_add_6_DW01_add_23'
  Processing 'conv_DW01_add_7_DW01_add_24'

  Beginning Mapping Optimizations  (Medium effort)
  -------------------------------
Information: Added key list 'DesignWare' to design 'median_filter_submodule'. (DDB-72)
Information: Added key list 'DesignWare' to design 'sober_compare'. (DDB-72)
Information: Added key list 'DesignWare' to design 'sobel_gradient'. (DDB-72)
  Mapping Optimization (Phase 1)
  Mapping Optimization (Phase 2)
  Mapping Optimization (Phase 3)
  Mapping Optimization (Phase 4)
  Mapping Optimization (Phase 5)
  Mapping Optimization (Phase 6)

                                  TOTAL                                                  
   ELAPSED            WORST NEG   SETUP    DESIGN                              MIN DELAY 
    TIME      AREA      SLACK     COST    RULE COST         ENDPOINT             COST    
  --------- --------- --------- --------- --------- ------------------------- -----------
    0:00:25  266103.3      0.01       0.0     159.5 conv_inst/*cell*32141/U20/Y      0.00  
    0:00:25  266103.3      0.01       0.0     159.5 conv_inst/*cell*32141/U20/Y      0.00  
    0:00:25  265945.4      0.01       0.0     159.5 conv_inst/*cell*32141/U10/Y      0.00  
    0:00:26  265588.9      0.03       0.1     159.5 conv_inst/*cell*32247/U50/Y      0.00  
    0:00:26  265470.1      0.02       0.1     159.5 conv_inst/*cell*32247/U56/Y      0.00  
    0:00:26  265327.5      0.01       0.0     159.5 conv_inst/*cell*32247/U40/Y      0.00  
    0:00:27  265049.2      0.01       0.0     159.5                                0.00  
    0:00:27  265039.0      0.01       0.0     159.5                                0.00  
    0:00:27  265039.0      0.01       0.0     159.5                                0.00  
    0:00:27  265040.7      0.00      -0.0     159.5                                0.00  
    0:00:27  265040.7      0.00      -0.0     159.5                                0.00  
    0:00:31  205327.9      2.90     571.0     144.1                                0.00  
    0:00:33  206156.2      2.80     625.6     144.1                                0.00  
    0:00:34  205832.0      2.03     621.9     144.1                                0.00  
    0:00:35  205991.5      2.10     590.9     144.1                                0.00  
    0:00:35  205978.0      1.73     593.6     144.1                                0.00  
    0:00:35  206242.8      2.11     586.0     144.1                                0.00  
    0:00:36  206052.6      1.70     573.4     144.1                                0.00  
    0:00:36  206344.6      1.60     553.1     144.1                                0.00  
    0:00:37  206261.4      1.49     550.5     144.1                                0.00  
    0:00:37  206359.9      1.39     526.2     144.1                                0.00  
    0:00:37  206404.0      1.38     513.3     144.1                                0.00  
    0:00:37  206684.1      1.33     477.4     144.1                                0.00  
    0:00:37  206794.4      1.28     474.3     144.1                                0.00  
    0:00:38  206821.6      1.28     472.6     144.1                                0.00  
    0:00:38  207006.6      1.25     469.7     144.1                                0.00  
    0:00:38  207149.2      1.22     462.1     144.1                                0.00  
    0:00:38  207371.5      1.21     460.5     144.1                                0.00  
    0:00:38  207672.0      1.18     456.9     144.1                                0.00  
    0:00:38  207926.6      1.16     450.2     144.1                                0.00  
    0:00:38  207926.6      1.16     450.2     144.1                                0.00  
    0:00:38  207926.6      1.16     450.2     144.1                                0.00  
    0:00:38  208062.4      1.16     447.7      98.7                                0.00  
    0:00:38  208047.1      1.16     445.5      31.5                                0.00  
    0:00:38  208067.5      1.16     442.0       0.0                                0.00  
    0:00:38  208067.5      1.16     442.0       0.0                                0.00  
    0:00:38  208067.5      1.16     442.0       0.0                                0.00  
    0:00:38  208067.5      1.16     442.0       0.0                                0.00  
    0:00:39  208999.3      0.99     409.1     281.0 conv_inst/data_bcd_r_reg[8]/D      0.00  
    0:00:39  209797.1      0.87     383.3     310.1 input_data_ready_r_reg[16]/D      0.00  
    0:00:40  210625.4      0.81     285.7     281.0 sram_addr_ready_r_reg[0][6]/D      0.00  
    0:00:40  211148.2      0.73     267.3     281.0 median_inst/u_median_filter_submodule/a14_r_reg/D      0.00  
    0:00:40  211672.7      0.68     252.9     281.0 input_data_ready_r_reg[18]/D      0.00  
    0:00:41  213358.3      0.61     224.9     191.5 median_inst/u_sobel_gradient_submodule/Gx2_r_reg[7]/D      0.00  
    0:00:41  213164.7      0.59     214.6     261.1 y_r_reg[2]/D                   0.00  
    0:00:41  213380.3      0.57     199.4     271.5 median_inst/u_sobel_gradient_submodule/G_abs_reg[8]/D      0.00  
    0:00:41  214003.3      0.55     190.8     271.5 median_inst/u_median_filter_submodule/b1_r_reg[2]/D      0.00  
    0:00:42  214203.6      0.53     185.6     271.5 input_data_ready_r_reg[22]/D      0.00  
    0:00:42  214770.5      0.51     170.8     285.1 median_inst/u_sobel_gradient_submodule/Gx_mult1_r_reg[17]/D      0.00  
    0:00:42  215016.6      0.48     162.4     285.1 o_op_ready                     0.00  
    0:00:42  215087.9      0.46     158.9     277.6 median_inst/u_median_filter_submodule/c2_r_reg[0]/D      0.00  
    0:00:42  215232.2      0.44     118.3     277.6 median_inst/u_median_filter_submodule/c2_r_reg[0]/D      0.00  
    0:00:42  215396.8      0.43     115.7     277.6 median_inst/u_median_filter_submodule/c2_r_reg[0]/D      0.00  
    0:00:43  215575.1      0.41     111.8     277.6 median_inst/u_sobel_gradient_submodule/Gy1_r_reg[9]/D      0.00  
    0:00:43  215673.5      0.40     109.9     277.6 median_inst/u_median_filter_submodule/b5_r_reg[0]/D      0.00  
    0:00:43  215739.7      0.39     108.8     277.6 median_inst/u_median_filter_submodule/b1_r_reg[4]/D      0.00  
    0:00:43  215848.3      0.38     107.1     285.1 x_origin_r_reg[1]/D            0.00  
    0:00:43  216043.5      0.37     102.5     291.1 median_inst/u_sobel_gradient_submodule/Gx1_r_reg[9]/D      0.00  
    0:00:43  216147.1      0.37      97.7     291.1 median_inst/u_median_filter_submodule/c2_r_reg[0]/D      0.00  
    0:00:43  216304.9      0.36      90.5     291.1 median_inst/u_sobel_gradient_submodule/Gy1_r_reg[7]/D      0.00  
    0:00:44  216466.2      0.34      83.3     291.1 median_inst/u_sobel_gradient_submodule/Gx_acc3_r_reg[9]/D      0.00  
    0:00:44  216800.6      0.34      80.1     291.1 median_inst/u_median_filter_submodule/b1_r_reg[1]/D      0.00  
    0:00:44  216907.5      0.33      75.4     291.1 conv_inst/conv_4_r_reg[10]/D      0.00  
    0:00:44  217124.8      0.32      71.9     289.6 median_inst/u_sobel_gradient_submodule/Gx1_r_reg[9]/D      0.00  
    0:00:44  217457.5      0.30      66.6     289.6 conv_inst/conv_1_r_reg[12]/D      0.00  
    0:00:44  217566.1      0.29      62.2     289.6 median_inst/u_sobel_gradient_submodule/Gx_imm_r_reg[5]/D      0.00  
    0:00:45  217649.3      0.27      58.1     289.6 median_inst/u_median_filter_submodule/b1_r_reg[2]/D      0.00  
    0:00:45  217880.1      0.25      53.9     289.6 x_r_reg[1]/D                   0.00  
    0:00:45  218165.3      0.24      47.7     285.2                                0.00  
    0:00:45  218438.6      0.23      42.4     287.6                                0.00  
    0:00:46  218560.8      0.21      39.8     287.6                                0.00  
    0:00:46  218784.8      0.19      35.0     287.6                                0.00  
    0:00:46  219039.4      0.17      30.7     287.6                                0.00  
    0:00:46  219221.1      0.15      26.0     287.6                                0.00  
    0:00:46  219402.7      0.14      23.6     287.6                                0.00  
    0:00:47  219606.4      0.13      18.9     286.1                                0.00  
    0:00:47  219867.8      0.12      15.4     286.1                                0.00  
    0:00:47  220057.9      0.11      13.0     286.1                                0.00  



  Beginning Delay Optimization Phase
  ----------------------------------

                                  TOTAL                                                  
   ELAPSED            WORST NEG   SETUP    DESIGN                              MIN DELAY 
    TIME      AREA      SLACK     COST    RULE COST         ENDPOINT             COST    
  --------- --------- --------- --------- --------- ------------------------- -----------
    0:00:47  220057.9      0.11      13.0     286.1                                0.00  
    0:00:47  220063.0      0.10      12.9     286.1 median_inst/u_median_filter_submodule/b5_r_reg[1]/D      0.00  
    0:00:48  220192.0      0.09      11.2     286.1 median_inst/u_median_filter_submodule/a25_r_reg/D      0.00  
    0:00:48  220212.4      0.08      11.3     286.1 input_data_ready_r_reg[3]/D      0.00  
    0:00:48  220292.1      0.08      10.6     286.1 x_r_reg[1]/D                   0.00  
    0:00:48  220302.3      0.07       9.8     286.1 median_inst/u_median_filter_submodule/b5_r_reg[2]/D      0.00  
    0:00:48  220338.0      0.07       9.4     286.1 median_inst/u_median_filter_submodule/b5_r_reg[2]/D      0.00  
    0:00:48  220392.3      0.06       8.1     286.1 median_inst/u_median_filter_submodule/b5_r_reg[6]/D      0.00  
    0:00:48  220429.6      0.06       6.8     286.1 median_inst/u_median_filter_submodule/a69_r_reg/D      0.00  
    0:00:49  220736.8      0.05       5.8     287.1 median_inst/u_median_filter_submodule/a69_r_reg/D      0.00  
    0:00:49  220891.3      0.05       5.0     287.1 median_inst/u_median_filter_submodule/a28_r_reg/D      0.00  
    0:00:49  221025.4      0.04       4.3     287.1 x_origin_r_reg[1]/D            0.00  
    0:00:49  221098.4      0.04       4.0     287.1 median_inst/u_median_filter_submodule/a39_r_reg/D      0.00  
    0:00:49  221100.1      0.04       3.4     287.1 median_inst/u_median_filter_submodule/b5_r_reg[6]/D      0.00  
    0:00:49  221154.4      0.03       3.2     283.6 median_inst/u_median_filter_submodule/b5_r_reg[6]/D      0.00  
    0:00:49  221207.0      0.03       1.4     283.6 median_inst/u_median_filter_submodule/a36_r_reg/D      0.00  
    0:00:49  221217.2      0.03       1.1     283.6 median_inst/u_median_filter_submodule/a47_r_reg/D      0.00  
    0:00:50  221234.2      0.02       1.0     283.6 median_inst/u_sobel_gradient_submodule/Gy1_reg[8]/D      0.00  
    0:00:50  221266.4      0.02       0.8     283.6 median_inst/cnt_reg[3]/D       0.00  
    0:00:50  221373.4      0.02       0.7     283.6 median_inst/u_sobel_gradient_submodule/Gy1_reg[8]/D      0.00  
    0:00:50  221339.4      0.01       0.5     283.6 median_inst/u_median_filter_submodule/a28_r_reg/D      0.00  
    0:00:50  221358.1      0.01       0.2     283.6 median_inst/u_median_filter_submodule/a69_r_reg/D      0.00  
    0:00:50  221448.1      0.01       0.2     283.6 median_inst/u_median_filter_submodule/a36_r_reg/D      0.00  
    0:00:50  221420.9      0.01       0.1     283.6 median_inst/u_sobel_gradient_submodule/Gx2_reg[9]/D      0.00  
    0:00:51  221415.8      0.00       0.0     274.4 input_data_ready_r_reg[31]/D      0.00  
    0:00:51  221419.2      0.00       0.0     274.4 median_inst/u_sobel_gradient_submodule/Gx_acc2_r_reg[9]/D      0.00  
    0:00:51  221356.4      0.00      -0.0     274.4                                0.00  
    0:00:51  221320.8      0.00      -0.0     274.4                                0.00  
    0:00:53  221300.4      0.00      -0.0     274.4                                0.00  


  Beginning Design Rule Fixing  (max_transition)  (max_capacitance)
  ----------------------------

                                  TOTAL                                                  
   ELAPSED            WORST NEG   SETUP    DESIGN                              MIN DELAY 
    TIME      AREA      SLACK     COST    RULE COST         ENDPOINT             COST    
  --------- --------- --------- --------- --------- ------------------------- -----------
    0:00:53  221300.4      0.00       0.0     274.4                                0.00  
    0:00:54  221298.7      0.00       0.0      10.4 median_inst/net46351           0.00  
    0:00:54  221302.1      0.00       0.0       0.0                                0.00  


  Beginning Area-Recovery Phase  (cleanup)
  -----------------------------

                                  TOTAL                                                  
   ELAPSED            WORST NEG   SETUP    DESIGN                              MIN DELAY 
    TIME      AREA      SLACK     COST    RULE COST         ENDPOINT             COST    
  --------- --------- --------- --------- --------- ------------------------- -----------
    0:00:54  221302.1      0.00       0.0       0.0                                0.00  
    0:00:54  221302.1      0.00       0.0       0.0                                0.00  
    0:00:55  219139.6      0.11       0.8       0.0                                0.00  
    0:00:55  218475.9      0.11       1.7       0.0                                0.00  
    0:00:55  218226.4      0.11       1.3       0.0                                0.00  
    0:00:55  218148.3      0.11       1.3       0.0                                0.00  
    0:00:55  218061.7      0.35       3.3       0.0                                0.00  
    0:00:55  218005.7      0.28       2.8       0.0                                0.00  
    0:00:55  217966.7      0.28       2.8       0.0                                0.00  
    0:00:55  217920.9      0.28       2.8       0.0                                0.00  
    0:00:55  217907.3      0.28       2.8       0.0                                0.00  
    0:00:55  217893.7      0.28       2.8       0.0                                0.00  
    0:00:55  217880.1      0.28       2.8       0.0                                0.00  
    0:00:55  217866.5      0.28       2.8       0.0                                0.00  
    0:00:55  217841.1      0.65       6.5       0.0                                0.00  
    0:00:55  217822.4      0.65       7.2       0.0                                0.00  
    0:00:55  217822.4      0.65       7.2       0.0                                0.00  
    0:00:56  217924.3      0.02       0.2       0.0                                0.00  
    0:00:56  217953.1      0.00       0.0       0.0                                0.00  
    0:00:57  214156.0      1.27      48.2       0.0                                0.00  
    0:00:57  213142.7      1.27      73.6       0.0                                0.00  
    0:00:57  212937.3      1.27      73.6       0.0                                0.00  
    0:00:57  212932.2      1.27      73.6       0.0                                0.00  
    0:00:57  212932.2      1.27      73.6       0.0                                0.00  
    0:00:57  212932.2      1.27      73.6       0.0                                0.00  
    0:00:57  212932.2      1.27      73.6       0.0                                0.00  
    0:00:57  212932.2      1.27      73.6       0.0                                0.00  
    0:00:58  213977.8      0.22      19.6       0.0 y_r_reg[2]/D                   0.00  
    0:00:58  214380.1      0.11      10.1       0.0 median_inst/u_median_filter_submodule/a28_r_reg/D      0.00  
    0:00:58  214619.4      0.07       6.2       0.0 median_inst/u_sobel_gradient_submodule/G_abs_reg[5]/D      0.00  
    0:00:59  214904.6      0.04       3.3       0.0 median_inst/u_sobel_gradient_submodule/angle_r_reg[0]/D      0.00  
    0:00:59  215076.0      0.03       1.6       0.0 median_inst/u_median_filter_submodule/a17_r_reg/D      0.00  
    0:00:59  215111.7      0.02       0.9       0.0 input_data_ready_r_reg[9]/D      0.00  
    0:00:59  215254.2      0.01       0.5       0.0 median_inst/u_median_filter_submodule/a36_r_reg/D      0.00  
    0:01:00  215332.3      0.01       0.4       0.0 median_inst/u_median_filter_submodule/b1_r_reg[1]/D      0.00  
    0:01:00  215354.4      0.01       0.3       0.0 median_inst/u_median_filter_submodule/b1_r_reg[2]/D      0.00  
    0:01:00  215381.6      0.00       0.2       0.0 median_inst/u_sobel_gradient_submodule/Gx2_r_reg[7]/D      0.00  
    0:01:00  215398.5      0.00       0.1       0.0 input_data_ready_r_reg[9]/D      0.00  
    0:01:00  215388.3      0.00       0.0       0.0 y_origin_r_reg[2]/D            0.00  
    0:01:01  215424.0      0.00       0.0       0.0                                0.00  
Loading db file '/home/raid7_2/course/cvsd/CBDK_IC_Contest/CIC/SynopsysDC/db/slow.db'
Loading db file '/home/raid7_2/user12/r2k41036/NTU_CVSD2024/HW3/sram_256x8/sram_256x8_slow_syn.db'
Loading db file '/home/raid7_2/user12/r2k41036/NTU_CVSD2024/HW3/sram_512x8/sram_512x8_slow_syn.db'
Loading db file '/home/raid7_2/user12/r2k41036/NTU_CVSD2024/HW3/sram_4096x8/sram_4096x8_slow_syn.db'


Note: Symbol # after min delay cost means estimated hold TNS across all active scenarios 


  Optimization Complete
  ---------------------
Warning: Design 'core' contains 1 high-fanout nets. A fanout number of 1000 will be used for delay calculations involving these nets. (TIM-134)
     Net 'median_inst/u_sober_compare_submodule/clk': 1297 load(s), 1 driver(s)
1
# Report Output
current_design [get_designs ${DESIGN}]
Current design is 'core'.
{core}
report_timing > "./Report/${DESIGN}_syn.timing"
report_area > "./Report/${DESIGN}_syn.area"
# Output Design
current_design [get_designs ${DESIGN}]
Current design is 'core'.
{core}
set bus_inference_style {%s[%d]}
%s[%d]
set bus_naming_style {%s[%d]}
%s[%d]
set hdlout_internal_busses true
true
change_names -hierarchy -rule verilog
Warning: The specified replacement character (_) is conflicting with the specified allowed or restricted character.   (UCN-4)
1
define_name_rules name_rule -allowed {a-z A-Z 0-9 _} -max_length 255 -type cell
1
define_name_rules name_rule -allowed {a-z A-Z 0-9 _[]} -max_length 255 -type net
1
define_name_rules name_rule -map {{"\\*cell\\*" "cell"}}
1
define_name_rules name_rule -case_insensitive
1
change_names -hierarchy -rules name_rule
1
remove_unconnected_ports -blast_buses [get_cells -hierarchical *]
Removing port 'B[9]' from design 'sobel_gradient_DW01_add_18'
Removing port 'B[8]' from design 'sobel_gradient_DW01_add_18'
Removing port 'CI' from design 'sobel_gradient_DW01_add_18'
Removing port 'CO' from design 'sobel_gradient_DW01_add_18'
Removing port 'B[9]' from design 'sobel_gradient_DW01_add_17'
Removing port 'B[8]' from design 'sobel_gradient_DW01_add_17'
Removing port 'CI' from design 'sobel_gradient_DW01_add_17'
Removing port 'CO' from design 'sobel_gradient_DW01_add_17'
Removing port 'B[9]' from design 'sobel_gradient_DW01_add_16'
Removing port 'B[8]' from design 'sobel_gradient_DW01_add_16'
Removing port 'CI' from design 'sobel_gradient_DW01_add_16'
Removing port 'CO' from design 'sobel_gradient_DW01_add_16'
Removing port 'B[9]' from design 'sobel_gradient_DW01_add_15'
Removing port 'B[8]' from design 'sobel_gradient_DW01_add_15'
Removing port 'CI' from design 'sobel_gradient_DW01_add_15'
Removing port 'CO' from design 'sobel_gradient_DW01_add_15'
Removing port 'A[10]' from design 'sobel_gradient_DW01_sub_5'
Removing port 'B[10]' from design 'sobel_gradient_DW01_sub_5'
Removing port 'CI' from design 'sobel_gradient_DW01_sub_5'
Removing port 'CO' from design 'sobel_gradient_DW01_sub_5'
Removing port 'A[10]' from design 'sobel_gradient_DW01_sub_4'
Removing port 'B[10]' from design 'sobel_gradient_DW01_sub_4'
Removing port 'CI' from design 'sobel_gradient_DW01_sub_4'
Removing port 'CO' from design 'sobel_gradient_DW01_sub_4'
Removing port 'A[10]' from design 'sobel_gradient_DW01_add_14'
Removing port 'B[10]' from design 'sobel_gradient_DW01_add_14'
Removing port 'CI' from design 'sobel_gradient_DW01_add_14'
Removing port 'CO' from design 'sobel_gradient_DW01_add_14'
Removing port 'A[3]' from design 'sobel_gradient_DW01_add_13'
Removing port 'A[2]' from design 'sobel_gradient_DW01_add_13'
Removing port 'A[1]' from design 'sobel_gradient_DW01_add_13'
Removing port 'A[0]' from design 'sobel_gradient_DW01_add_13'
Removing port 'B[15]' from design 'sobel_gradient_DW01_add_13'
Removing port 'B[14]' from design 'sobel_gradient_DW01_add_13'
Removing port 'B[13]' from design 'sobel_gradient_DW01_add_13'
Removing port 'CI' from design 'sobel_gradient_DW01_add_13'
Removing port 'CO' from design 'sobel_gradient_DW01_add_13'
Removing port 'A[9]' from design 'sobel_gradient_DW01_add_12_DW01_add_15'
Removing port 'A[8]' from design 'sobel_gradient_DW01_add_12_DW01_add_15'
Removing port 'B[9]' from design 'sobel_gradient_DW01_add_12_DW01_add_15'
Removing port 'B[0]' from design 'sobel_gradient_DW01_add_12_DW01_add_15'
Removing port 'CI' from design 'sobel_gradient_DW01_add_12_DW01_add_15'
Removing port 'CO' from design 'sobel_gradient_DW01_add_12_DW01_add_15'
Removing port 'A[9]' from design 'sobel_gradient_DW01_add_11_DW01_add_14'
Removing port 'A[8]' from design 'sobel_gradient_DW01_add_11_DW01_add_14'
Removing port 'B[9]' from design 'sobel_gradient_DW01_add_11_DW01_add_14'
Removing port 'B[0]' from design 'sobel_gradient_DW01_add_11_DW01_add_14'
Removing port 'CI' from design 'sobel_gradient_DW01_add_11_DW01_add_14'
Removing port 'CO' from design 'sobel_gradient_DW01_add_11_DW01_add_14'
Removing port 'A[9]' from design 'sobel_gradient_DW01_add_10_DW01_add_13'
Removing port 'A[8]' from design 'sobel_gradient_DW01_add_10_DW01_add_13'
Removing port 'B[9]' from design 'sobel_gradient_DW01_add_10_DW01_add_13'
Removing port 'B[0]' from design 'sobel_gradient_DW01_add_10_DW01_add_13'
Removing port 'CI' from design 'sobel_gradient_DW01_add_10_DW01_add_13'
Removing port 'CO' from design 'sobel_gradient_DW01_add_10_DW01_add_13'
Removing port 'A[9]' from design 'sobel_gradient_DW01_add_9_DW01_add_12'
Removing port 'A[8]' from design 'sobel_gradient_DW01_add_9_DW01_add_12'
Removing port 'B[9]' from design 'sobel_gradient_DW01_add_9_DW01_add_12'
Removing port 'B[0]' from design 'sobel_gradient_DW01_add_9_DW01_add_12'
Removing port 'CI' from design 'sobel_gradient_DW01_add_9_DW01_add_12'
Removing port 'CO' from design 'sobel_gradient_DW01_add_9_DW01_add_12'
Removing port 'p5[7]' from design 'sobel_gradient'
Removing port 'p5[6]' from design 'sobel_gradient'
Removing port 'p5[5]' from design 'sobel_gradient'
Removing port 'p5[4]' from design 'sobel_gradient'
Removing port 'p5[3]' from design 'sobel_gradient'
Removing port 'p5[2]' from design 'sobel_gradient'
Removing port 'p5[1]' from design 'sobel_gradient'
Removing port 'p5[0]' from design 'sobel_gradient'
Removing port 'A[9]' from design 'conv_DW01_add_23'
Removing port 'A[0]' from design 'conv_DW01_add_23'
Removing port 'B[9]' from design 'conv_DW01_add_23'
Removing port 'CI' from design 'conv_DW01_add_23'
Removing port 'CO' from design 'conv_DW01_add_23'
Removing port 'A[9]' from design 'conv_DW01_add_21'
Removing port 'A[0]' from design 'conv_DW01_add_21'
Removing port 'B[9]' from design 'conv_DW01_add_21'
Removing port 'CI' from design 'conv_DW01_add_21'
Removing port 'CO' from design 'conv_DW01_add_21'
Removing port 'A[9]' from design 'conv_DW01_add_14'
Removing port 'A[8]' from design 'conv_DW01_add_14'
Removing port 'B[9]' from design 'conv_DW01_add_14'
Removing port 'B[8]' from design 'conv_DW01_add_14'
Removing port 'CI' from design 'conv_DW01_add_14'
Removing port 'SUM[9]' from design 'conv_DW01_add_14'
Removing port 'CO' from design 'conv_DW01_add_14'
Removing port 'A[9]' from design 'conv_DW01_add_12'
Removing port 'A[8]' from design 'conv_DW01_add_12'
Removing port 'B[9]' from design 'conv_DW01_add_12'
Removing port 'B[8]' from design 'conv_DW01_add_12'
Removing port 'CI' from design 'conv_DW01_add_12'
Removing port 'SUM[9]' from design 'conv_DW01_add_12'
Removing port 'CO' from design 'conv_DW01_add_12'
Removing port 'A[14]' from design 'conv_DW01_inc_1'
Removing port 'SUM[0]' from design 'conv_DW01_inc_1'
Removing port 'B[16]' from design 'conv_DW01_add_11'
Removing port 'B[15]' from design 'conv_DW01_add_11'
Removing port 'B[14]' from design 'conv_DW01_add_11'
Removing port 'B[13]' from design 'conv_DW01_add_11'
Removing port 'B[12]' from design 'conv_DW01_add_11'
Removing port 'B[11]' from design 'conv_DW01_add_11'
Removing port 'CI' from design 'conv_DW01_add_11'
Removing port 'CO' from design 'conv_DW01_add_11'
Removing port 'B[16]' from design 'conv_DW01_add_10'
Removing port 'B[15]' from design 'conv_DW01_add_10'
Removing port 'B[14]' from design 'conv_DW01_add_10'
Removing port 'B[13]' from design 'conv_DW01_add_10'
Removing port 'B[12]' from design 'conv_DW01_add_10'
Removing port 'B[11]' from design 'conv_DW01_add_10'
Removing port 'CI' from design 'conv_DW01_add_10'
Removing port 'CO' from design 'conv_DW01_add_10'
Removing port 'B[16]' from design 'conv_DW01_add_9'
Removing port 'B[15]' from design 'conv_DW01_add_9'
Removing port 'B[14]' from design 'conv_DW01_add_9'
Removing port 'B[13]' from design 'conv_DW01_add_9'
Removing port 'B[12]' from design 'conv_DW01_add_9'
Removing port 'B[11]' from design 'conv_DW01_add_9'
Removing port 'CI' from design 'conv_DW01_add_9'
Removing port 'CO' from design 'conv_DW01_add_9'
Removing port 'B[16]' from design 'conv_DW01_add_8'
Removing port 'B[15]' from design 'conv_DW01_add_8'
Removing port 'B[14]' from design 'conv_DW01_add_8'
Removing port 'B[13]' from design 'conv_DW01_add_8'
Removing port 'B[12]' from design 'conv_DW01_add_8'
Removing port 'B[11]' from design 'conv_DW01_add_8'
Removing port 'CI' from design 'conv_DW01_add_8'
Removing port 'CO' from design 'conv_DW01_add_8'
1
set verilogout_higher_designs_first true
true
write -format ddc     -hierarchy -output "./Netlist/${DESIGN}_syn.ddc"
Writing ddc file './Netlist/core_syn.ddc'.
1
write -format verilog -hierarchy -output "./Netlist/${DESIGN}_syn.v"
Writing verilog file '/home/raid7_2/user12/r2k41036/NTU_CVSD2024/HW3/02_SYN/Netlist/core_syn.v'.
Warning: Verilog 'assign' or 'tran' statements are written out. (VO-4)
1
write_sdf -version 2.1  -context verilog -load_delay cell ./Netlist/${DESIGN}_syn.sdf
Information: Writing timing information to file '/home/raid7_2/user12/r2k41036/NTU_CVSD2024/HW3/02_SYN/Netlist/core_syn.sdf'. (WT-3)
1
write_sdc  ./Netlist/${DESIGN}_syn.sdc -version 1.8
1
report_timing
 
****************************************
Report : timing
        -path full
        -delay max
        -max_paths 1
Design : core
Version: U-2022.12
Date   : Fri Nov  1 13:43:29 2024
****************************************

 # A fanout number of 1000 was used for high fanout net computations.

Operating Conditions: slow   Library: slow
Wire Load Model Mode: top

  Startpoint: median_inst/cnt_reg_1_
              (rising edge-triggered flip-flop clocked by i_clk)
  Endpoint: median_inst/u_median_filter_submodule/a25_r_reg
            (rising edge-triggered flip-flop clocked by i_clk)
  Path Group: i_clk
  Path Type: max

  Des/Clust/Port     Wire Load Model       Library
  ------------------------------------------------
  core               tsmc13_wl10           slow

  Point                                                   Incr       Path
  --------------------------------------------------------------------------
  clock i_clk (rise edge)                                 0.00       0.00
  clock network delay (ideal)                             0.50       0.50
  median_inst/cnt_reg_1_/CK (DFFRX4)                      0.00 #     0.50 r
  median_inst/cnt_reg_1_/QN (DFFRX4)                      0.41       0.91 r
  median_inst/U162/Y (NAND2X6)                            0.11       1.03 f
  median_inst/U612/Y (BUFX20)                             0.13       1.15 f
  median_inst/U14/Y (BUFX12)                              0.12       1.27 f
  median_inst/U140/Y (BUFX12)                             0.17       1.44 f
  median_inst/U193/Y (OA22X2)                             0.37       1.80 f
  median_inst/U644/Y (OAI221X2)                           0.20       2.00 r
  median_inst/u_median_filter_submodule/p5[0] (median_filter_submodule)
                                                          0.00       2.00 r
  median_inst/u_median_filter_submodule/U334/Y (OAI211X2)
                                                          0.20       2.21 f
  median_inst/u_median_filter_submodule/U463/Y (AO22X4)
                                                          0.26       2.47 f
  median_inst/u_median_filter_submodule/U317/Y (AOI2BB1X4)
                                                          0.20       2.67 f
  median_inst/u_median_filter_submodule/U402/Y (OAI221X2)
                                                          0.23       2.90 r
  median_inst/u_median_filter_submodule/a25_r_reg/D (DFFRX2)
                                                          0.00       2.90 r
  data arrival time                                                  2.90

  clock i_clk (rise edge)                                 2.70       2.70
  clock network delay (ideal)                             0.50       3.20
  clock uncertainty                                      -0.10       3.10
  median_inst/u_median_filter_submodule/a25_r_reg/CK (DFFRX2)
                                                          0.00       3.10 r
  library setup time                                     -0.20       2.90
  data required time                                                 2.90
  --------------------------------------------------------------------------
  data required time                                                 2.90
  data arrival time                                                 -2.90
  --------------------------------------------------------------------------
  slack (MET)                                                        0.00


1
report_area
 
****************************************
Report : area
Design : core
Version: U-2022.12
Date   : Fri Nov  1 13:43:29 2024
****************************************

Library(s) Used:

    slow (File: /home/raid7_2/course/cvsd/CBDK_IC_Contest/CIC/SynopsysDC/db/slow.db)
    sram_512x8 (File: /home/raid7_2/user12/r2k41036/NTU_CVSD2024/HW3/sram_512x8/sram_512x8_slow_syn.db)

Number of ports:                         1084
Number of nets:                          7249
Number of cells:                         5697
Number of combinational cells:           4357
Number of sequential cells:              1293
Number of macros/black boxes:               4
Number of buf/inv:                        950
Number of references:                     146

Combinational area:              47315.024716
Buf/Inv area:                     6764.138969
Noncombinational area:           44317.415689
Macro/Black Box area:           123791.546875
Net Interconnect area:          688150.229004

Total cell area:                215423.987280
Total area:                     903574.216284
1
check_design
 
****************************************
check_design summary:
Version:     U-2022.12
Date:        Fri Nov  1 13:43:29 2024
****************************************

                   Name                                            Total
--------------------------------------------------------------------------------
Nets                                                               19
    Unloaded nets (LINT-2)                                         16
    Undriven nets (LINT-3)                                          3
--------------------------------------------------------------------------------

Warning: In design 'core', net 'conv_inst/SYNOPSYS_UNCONNECTED_3' driven by pin ' (no pin) ' has no loads. (LINT-2)
Warning: In design 'core', net 'conv_inst/SYNOPSYS_UNCONNECTED_2' driven by pin ' (no pin) ' has no loads. (LINT-2)
Warning: In design 'core', net 'conv_inst/SYNOPSYS_UNCONNECTED_1' driven by pin ' (no pin) ' has no loads. (LINT-2)
Warning: In design 'core', net 'conv_inst/n150' driven by pin 'conv_inst/U242/**logic_0**' has no loads. (LINT-2)
Warning: In design 'core', net 'conv_inst/n149' driven by pin 'conv_inst/U241/**logic_0**' has no loads. (LINT-2)
Warning: In design 'core', net 'conv_inst/n148' driven by pin 'conv_inst/U240/**logic_0**' has no loads. (LINT-2)
Warning: In design 'core', net 'conv_inst/n147' driven by pin 'conv_inst/U239/**logic_0**' has no loads. (LINT-2)
Warning: In design 'core', net 'conv_inst/n146' driven by pin 'conv_inst/U238/**logic_0**' has no loads. (LINT-2)
Warning: In design 'core', net 'conv_inst/n1450' driven by pin 'conv_inst/U237/**logic_0**' has no loads. (LINT-2)
Warning: In design 'core', net 'conv_inst/N41' driven by pin 'conv_inst/U236/**logic_0**' has no loads. (LINT-2)
Warning: In design 'core', net 'conv_inst/N31' driven by pin 'conv_inst/U235/**logic_0**' has no loads. (LINT-2)
Warning: In design 'core', net 'conv_inst/n5' driven by pin 'conv_inst/U13/**logic_0**' has no loads. (LINT-2)
Warning: In design 'core', net 'conv_inst/n4' driven by pin 'conv_inst/U12/**logic_0**' has no loads. (LINT-2)
Warning: In design 'core', net 'conv_inst/n3' driven by pin 'conv_inst/U11/**logic_0**' has no loads. (LINT-2)
Warning: In design 'core', net 'conv_inst/n2' driven by pin 'conv_inst/U10/**logic_0**' has no loads. (LINT-2)
Warning: In design 'core', net 'conv_inst/n1' driven by pin 'conv_inst/U9/**logic_0**' has no loads. (LINT-2)
Warning: In design 'core', net 'conv_inst/SYNOPSYS_UNCONNECTED_3' has no drivers.  Logic 0 assumed. (LINT-3)
Warning: In design 'core', net 'conv_inst/SYNOPSYS_UNCONNECTED_2' has no drivers.  Logic 0 assumed. (LINT-3)
Warning: In design 'core', net 'conv_inst/SYNOPSYS_UNCONNECTED_1' has no drivers.  Logic 0 assumed. (LINT-3)
1
exit

Memory usage for this session 195 Mbytes.
Memory usage for this session including child processes 195 Mbytes.
CPU usage for this session 70 seconds ( 0.02 hours ).
Elapsed time for this session 74 seconds ( 0.02 hours ).

Thank you...
