################################################################################
#
# This file has been generated by SpyGlass:
#     Report Created by: r2k41036
#     Report Created on: Fri Oct 11 19:47:13 2024
#     Working Directory: /home/raid7_2/user12/r2k41036/NTU_CVSD2024/HW3/01_RTL
#     Report Location  : ./spyglass-1/core/lint/lint_rtl_enhanced/spyglass_reports/SpyGlass/elab_summary.rpt
#     SpyGlass Version : SpyGlass_vT-2022.06
#     Policy Name      : SpyGlass(SpyGlass_vT-2022.06)
#     Comment          : This report contains RTL and Elaborated names along with parameter values
#
################################################################################

================================================================================
Elaborated Name: 'conv'
    (RTL Design Unit name: 'conv', conv.v:2)
     Parameters (Total: 4)
         READ   = 1 (default: 2'd1)
         IDLE   = 0 (default: 2'd0)
         CALC   = 2 (default: 2'd2)
         OUTPUT = 3 (default: 2'd3)
     Instances (Total: 1): core.conv_inst 

================================================================================

Elaborated Name: 'small_alu_add'
    (RTL Design Unit name: 'small_alu_add', conv.v:212)
     Parameters (Total: 0)
     Instances (Total: 1): core.conv_inst.u_alu 

================================================================================

Elaborated Name: 'sram_512x8'
    (RTL Design Unit name: 'sram_512x8', N.A.:0)
     Parameters (Total: 0)
     Instances (Total: 4): core.\SRAM_inst_loop[3].u_sram , core.\SRAM_inst_loop[2].u_sram , core.\SRAM_inst_loop[1].u_sram , core.\SRAM_inst_loop[0].u_sram  

================================================================================

Elaborated Name: 'core'
    (RTL Design Unit name: 'core', core.v:2)
     Parameters (Total: 17)
         FETCH      = 0 (default: 4'd0)
         FETCH_WAIT = 1 (default: 4'd1)
         DECODE     = 2 (default: 4'd2)
         MAP_LOAD   = 3 (default: 4'd3)
         SHIFT      = 4 (default: 4'd4)
         SCALE      = 5 (default: 4'd5)
         CONV       = 6 (default: 4'd6)
         CONV_OUT   = 7 (default: 4'd7)
         MED        = 8 (default: 4'd8)
         SOBEL_NMS  = 9 (default: 4'd9)
         DISPLAY    = 10 (default: 4'd10)
         OUTPUT     = 11 (default: 4'd11)
         RESET      = 12 (default: 4'd12)
         DELAY3     = 13 (default: 4'd13)
         DELAY2     = 14 (default: 4'd14)
         DELAY1     = 15 (default: 4'd15)
         SRAM_NO    = 4 (default: 4)
================================================================================
