################################################################################
#
# This file has been generated by SpyGlass:
#     Report Created by: r2k41036
#     Report Created on: Mon Nov  4 14:49:59 2024
#     Working Directory: /home/raid7_2/user12/r2k41036/NTU_CVSD2024/HW3/01_RTL
#     Report Location  : ./spyglass-1/core/lint/lint_rtl_enhanced/spyglass_reports/SpyGlass/ignore_summary.rpt
#     SpyGlass Version : SpyGlass_vT-2022.06
#     Policy Name      : SpyGlass(SpyGlass_vT-2022.06)
#     Comment          : This report tells about the various ignorefile/ignoredu specifications given by user
#
################################################################################

Design units ignored by ignoredu/ignorefile options
++++++++++++++++++++++++++++++++++++++++++++++++++++++++++++++++++++++++++++++++

Object Name                     Object Type             Ignore specification
================================================================================
sram_512x8                      MODULE                  ignoredu     "sram_512x8"


Files ignored by ignorefile options
++++++++++++++++++++++++++++++++++++++++++++++++++++++++++++++++++++++++++++++++


Unused ignorefile/ignoredu specification(s)
++++++++++++++++++++++++++++++++++++++++++++++++++++++++++++++++++++++++++++++++

