
################################################################################
#
# This file has been generated by SpyGlass:
#     Report Name      : moresimple
#     Report Created by: r2k41036
#     Report Created on:  Sun Oct 20 19:38:58 2024
#     Working Directory: /home/raid7_2/user12/r2k41036/NTU_CVSD2024/HW3/01_RTL
#     SpyGlass Version : SpyGlass_vT-2022.06
#     Policy Name      : SpyGlass(SpyGlass_vT-2022.06)
#                        erc(SpyGlass_vT-2022.06)
#                        latch(SpyGlass_vT-2022.06)
#                        lint(SpyGlass_vT-2022.06)
#                        morelint(SpyGlass_vT-2022.06)
#                        openmore(SpyGlass_vT-2022.06)
#                        simulation(SpyGlass_vT-2022.06)
#                        starc(SpyGlass_vT-2022.06)
#                        starc2005(SpyGlass_vT-2022.06)
#
#     Total Number of Generated Messages :         17
#     Number of Waived Messages          :          0
#     Number of Reported Messages        :         17
#     Number of Overlimit Messages       :          0
#
#
################################################################################

+++++++++++++++++++++++++++++++++++++++++++++++++++++++++++++++++++++++
MORESIMPLE REPORT:


############### BuiltIn -> RuleGroup=Command-line read ###############
+++++++++++++++++++++++++++++++++++++++++++++++++++++++++++++++++++++++++++++++++++++++
ID       Rule                  Alias                 Severity    File                                                                                                                                 Line    Wt    Message
======================================================================================
[0]      CMD_overloadrule01    OverloadRuleUnused    Warning     /home/raid7_4/raid1_1/linux/synopsys/spyglass/2022.06/SPYGLASS_HOME/GuideWare/latest/block/rtl_handoff/lint/lint_rtl_enhanced.spq    369     10    Overload Specification for rule 'W339' has been ignored
+++++++++++++++++++++++++++++++++++++++++++++++++++++++++++++++++++++++++++++++++++++++


############### BuiltIn -> RuleGroup=Design Read ###############
+++++++++++++++++++++++++++++++++++++++++++++++++++++++++++++++++++++++++++++++++++++++
ID       Rule                    Alias                   Severity    File                                                                                     Line    Wt    Message
======================================================================================
[3]      DetectTopDesignUnits    DetectTopDesignUnits    Info        core.v                                                                                   2       2     Module core is a top level design unit
[4]      CheckCelldefine         CheckCelldefine         Info        N.A.                                                                                     0       10    Rule-checking skipped on verilog celldefine modules present in the current run. If you want to check these modules, please specify 'check_celldefine' option
[2]      ElabSummary             ElabSummary             Info        ./spyglass-1/core/lint/lint_rtl_enhanced/spyglass_reports/SpyGlass/elab_summary.rpt      0       2     Please refer file './spyglass-1/core/lint/lint_rtl_enhanced/spyglass_reports/SpyGlass/elab_summary.rpt' for elab summary report
[1]      ReportIgnoreSummary     ReportIgnoreSummary     Info        ./spyglass-1/core/lint/lint_rtl_enhanced/spyglass_reports/SpyGlass/ignore_summary.rpt    0       10    Design option(s) ignorefile/ignoredu specified. Please see ./spyglass-1/core/lint/lint_rtl_enhanced/spyglass_reports/SpyGlass/ignore_summary.rpt to know the design files/design units which have been ignored
+++++++++++++++++++++++++++++++++++++++++++++++++++++++++++++++++++++++++++++++++++++++


############### Non-BuiltIn -> Goal=lint/lint_rtl_enhanced ###############
+++++++++++++++++++++++++++++++++++++++++++++++++++++++++++++++++++++++++++++++++++++++
ID       Rule                  Alias                Severity    File                                                                                    Line    Wt    Message
======================================================================================
[F]      STARC05-1.4.3.4       ClkSigToNonClkPin    Error       ../sram_256x8/sram_256x8.v                                                              412     10    Clock signal 'core.i_clk' used as a non-clock (Used with name 'core.\SRAM_inst_loop[0].u_sram .LAST_CLK')
[D]      UndrivenInTerm-ML                          Error       core.v                                                                                  264     10    Detected undriven input terminal core.result_w[13:0]
[E]      UndrivenNet-ML                             Error       conv.v                                                                                  50      10    Detected undriven net core.conv_inst.out_data_w[13:0]
[9]      W123                                       Error       ./spyglass-1/core/lint/lint_rtl_enhanced/spyglass_reports/lint/SignalUsageReport.rpt    0       10    Please refer to 'SignalUsageReport.rpt' for details of violating bits
[A]      W123                                       Error       conv.v                                                                                  50      10    Variable 'out_data_w[13:0]' read but never set.[Hierarchy: ':core:conv_inst@conv']
[10]     W415                                       Error       ./spyglass-1/core/lint/lint_rtl_enhanced/spyglass_reports/lint/W415_Report.rpt          0       10    Please refer 'W415_Report.rpt' for driver details
[C]      UndrivenOutPort-ML                         Warning     conv.v                                                                                  9       10    Detected undriven output port o_out_data[13:0]
[B]      W164a                                      Warning     conv.v                                                                                  144     10    LHS: 'conv_e_wait_w[i]' width 13 is less than RHS: '(conv_e_r[{(~cnt) ,i[2:0] }] + {data_r[{i[2:0]  ,3'b111} -:8] })' width 14 in assignment [Hierarchy: ':core:conv_inst@conv:\conv_e_read_accum[0] ']
[5]      W164a                                      Warning     core.v                                                                                  448     10    LHS: 'x_r' width 3 is less than RHS: '(x_origin_r + cnt[0])' width 4 in assignment [Hierarchy: ':core']
[6]      W164a                                      Warning     core.v                                                                                  449     10    LHS: 'y_r' width 3 is less than RHS: '(y_origin_r + cnt[1])' width 4 in assignment [Hierarchy: ':core']
[7]      W164a                                      Warning     core.v                                                                                  455     10    LHS: 'y_r' width 3 is less than RHS: '(y_origin_r + {cnt[0] ,1'b0})' width 4 in assignment [Hierarchy: ':core']
[8]      ReportPortInfo-ML                          Info        ./spyglass-1/core/lint/lint_rtl_enhanced/spyglass_reports/morelint/ReportPortInfo       1       2     Port Information for top design unit has been generated. For details see report ReportPortInfo.rpt
+++++++++++++++++++++++++++++++++++++++++++++++++++++++++++++++++++++++++++++++++++++++
