
################################################################################
#
# This file has been generated by SpyGlass:
#     Report Name      : no_msg_reporting_rules
#     Report Created by: r2k41036
#     Report Created on:  Sun Oct 20 19:38:58 2024
#     Working Directory: /home/raid7_2/user12/r2k41036/NTU_CVSD2024/HW3/01_RTL
#     SpyGlass Version : SpyGlass_vT-2022.06
#     Policy Name      : SpyGlass(SpyGlass_vT-2022.06)
#                        erc(SpyGlass_vT-2022.06)
#                        latch(SpyGlass_vT-2022.06)
#                        lint(SpyGlass_vT-2022.06)
#                        morelint(SpyGlass_vT-2022.06)
#                        openmore(SpyGlass_vT-2022.06)
#                        simulation(SpyGlass_vT-2022.06)
#                        starc(SpyGlass_vT-2022.06)
#                        starc2005(SpyGlass_vT-2022.06)
#
#     Total Number of Generated Messages :         17
#     Number of Waived Messages          :          0
#     Number of Reported Messages        :         17
#     Number of Overlimit Messages       :          0
#
#
################################################################################

NO VIOLATION RULE REPORT :
++++++++++++++++++++++++++++++++++++++++++++++++++++++++++++++++++++++++++++++++

Following rules did not produce any violation or waived off during spyglass run

++++++++++++++++++++++++++++++++++++++++++++++++++++++++++++++++++++++++++++++++


================================================================================
	INDEX                                   RULE-NAME
================================================================================
	1                                  AutomaticFuncTask-ML
	2                                  BlockHeader
	3                                  BufClock
	4                                  CheckDelayTimescale-ML
	5                                  CombLoop
	6                                  DisallowCaseX-ML
	7                                  DuplicateCaseLabel-ML
	8                                  FlopClockConstant
	9                                  HdlLibDuCheck_03
	10                                 ImproperRangeIndex-ML
	11                                 InferLatch
	12                                 InstPortConnType-ML
	13                                 LatchFeedback
	14                                 NoAssignX-ML
	15                                 NoFeedThrus-ML
	16                                 NoGenLabel-ML
	17                                 NoXInCase-ML
	18                                 ParamWidthMismatch-ML
	19                                 PragmaComments-ML
	20                                 ReserveName
	21                                 ReserveNameSystemVerilog-ML
	22                                 STARC-2.3.4.3
	23                                 STARC05-1.1.1.1
	24                                 STARC05-1.2.1.2
	25                                 STARC05-1.3.1.3
	26                                 STARC05-1.4.3.2
	27                                 STARC05-2.1.1.2
	28                                 STARC05-2.1.3.1
	29                                 STARC05-2.1.4.5
	30                                 STARC05-2.1.5.3
	31                                 STARC05-2.1.6.5
	32                                 STARC05-2.10.1.4a
	33                                 STARC05-2.10.1.4b
	34                                 STARC05-2.10.2.3
	35                                 STARC05-2.10.3.2a
	36                                 STARC05-2.11.3.1
	37                                 STARC05-2.2.3.1
	38                                 STARC05-2.2.3.3
	39                                 STARC05-2.3.1.2c
	40                                 STARC05-2.3.1.5b
	41                                 STARC05-2.3.1.6
	42                                 STARC05-2.3.4.1
	43                                 STARC05-2.3.4.1v
	44                                 STARC05-2.4.1.5
	45                                 STARC05-2.5.1.2
	46                                 STARC05-2.5.1.7
	47                                 STARC05-2.5.1.9
	48                                 STARC05-2.8.1.3
	49                                 STARC05-2.8.1.5
	50                                 STARC05-2.8.5.1
	51                                 STARC05-2.9.1.2a
	52                                 STARC05-2.9.1.2b
	53                                 SameControlNDataNet-ML
	54                                 SetBeforeRead-ML
	55                                 SigAssignZ-ML
	56                                 TristatePort-ML
	57                                 TristateSig-ML
	58                                 UnrecSynthDir-ML
	59                                 W110
	60                                 W110a
	61                                 W116
	62                                 W122
	63                                 W127
	64                                 W156
	65                                 W163
	66                                 W164b
	67                                 W167
	68                                 W188
	69                                 W19
	70                                 W193
	71                                 W210
	72                                 W215
	73                                 W216
	74                                 W218
	75                                 W238
	76                                 W239
	77                                 W240
	78                                 W241
	79                                 W245
	80                                 W263
	81                                 W287a
	82                                 W287c
	83                                 W289
	84                                 W292
	85                                 W293
	86                                 W314
	87                                 W316
	88                                 W317
	89                                 W336
	90                                 W337
	91                                 W339a
	92                                 W342
	93                                 W343
	94                                 W352
	95                                 W362
	96                                 W391
	97                                 W392
	98                                 W398
	99                                 W401
	100                                W402b
	101                                W414
	102                                W416
	103                                W421
	104                                W422
	105                                W423
	106                                W424
	107                                W426
	108                                W438
	109                                W442a
	110                                W442b
	111                                W442c
	112                                W442f
	113                                W443
	114                                W444
	115                                W450L
	116                                W464
	117                                W467
	118                                W479
	119                                W480
	120                                W481a
	121                                W481b
	122                                W486
	123                                W494
	124                                W496a
	125                                W496b
	126                                W499
	127                                W502
	128                                W505
	129                                W527
	130                                W552
	131                                W553
	132                                W561
	133                                W575
	134                                W576
	135                                W66
	136                                W71
	137                                badimplicitSM1
	138                                badimplicitSM2
	139                                badimplicitSM4
	140                                bothedges
	141                                infiniteloop
	142                                mixedsenselist
	143                                sim_race02
	144                                sim_race07
================================================================================
