################################################################################
#
# This file has been generated by SpyGlass:
#     Report Created by: r2k41036
#     Report Created on: Sat Oct 12 13:14:30 2024
#     Working Directory: /home/raid7_2/user12/r2k41036/NTU_CVSD2024/HW3/01_RTL
#     Report Location  : ./spyglass-1/core/lint/lint_rtl_enhanced/spyglass_reports/lint/SignalUsageReport.rpt
#     SpyGlass Version : SpyGlass_vT-2022.06
#     Policy Name      : lint(SpyGlass_vT-2022.06)
#     Comment          : SignalUsageReport : It dumps details of violating bits of a signal

#
################################################################################



Module : small_alu_add(Hierarchy :core:conv_inst@conv:u_alu@small_alu_add)

W240 : Following Bits of signal 'i_data_b' (File Name: conv.v Line No.: 216) are not read
	[12:0]	

W240 : Following Bits of signal 'i_data_c' (File Name: conv.v Line No.: 217) are not read
	[12:0]	

W240 : Following Bits of signal 'i_data_e' (File Name: conv.v Line No.: 219) are not read
	[12:0]	

W240 : Following Bits of signal 'i_data_f' (File Name: conv.v Line No.: 220) are not read
	[12:0]	

W240 : Following Bits of signal 'i_data_h' (File Name: conv.v Line No.: 222) are not read
	[12:0]	

W240 : Following Bits of signal 'i_data_i' (File Name: conv.v Line No.: 223) are not read
	[12:0]	

W123 (Verilog) : There are no violations of the rule for multibit variables


W241 (Verilog) : There are no violations of the rule for multibit variables
